main.c:117:5:main	8	static
main.c:210:6:SystemClock_Config	120	static
main.c:270:13:MX_SDMMC1_SD_Init	4	static
main.c:298:13:MX_USART3_UART_Init	8	static
main.c:346:13:MX_USB_OTG_HS_USB_Init	4	static
main.c:367:13:MX_MDMA_Init	16	static
main.c:414:13:MX_GPIO_Init	56	static
main.c:529:6:WriteTime	8	static
main.c:550:13:FS_MOUNT	16	static
main.c:568:13:FS_SPAM	16	static
main.c:601:6:StartDefaultTask	24	static
main.c:635:6:StartTimeCal	16	static
main.c:655:6:HAL_TIM_PeriodElapsedCallback	16	static
main.c:672:6:Error_Handler	8	static,ignoring_inline_asm
