main.c:111:5:main	8	static
main.c:242:6:SystemClock_Config	120	static
main.c:299:13:MX_SDMMC1_SD_Init	4	static
main.c:327:13:MX_USART3_UART_Init	8	static
main.c:375:13:MX_USB_OTG_HS_USB_Init	4	static
main.c:396:13:MX_MDMA_Init	16	static
main.c:443:13:MX_GPIO_Init	56	static
main.c:547:13:SD_Initialize	8	static
main.c:561:6:WriteTime	8	static
main.c:582:13:FS_MOUNT	16	static
main.c:600:13:FS_SPAM	16	static
main.c:619:13:FS_FileOperations	88	static
main.c:690:6:StartDefaultTask	16	static
main.c:722:6:HAL_TIM_PeriodElapsedCallback	16	static
main.c:739:6:Error_Handler	8	static,ignoring_inline_asm
