main.c:155:5:main	88	static
main.c:272:6:SystemClock_Config	120	static
main.c:331:6:PeriphCommonClock_Config	192	static
main.c:359:13:MX_ETH_Init	8	static
main.c:408:13:MX_OCTOSPI1_Init	32	static
main.c:460:13:MX_SDMMC1_SD_Init	4	static
main.c:488:13:MX_TIM13_Init	40	static
main.c:533:13:MX_USART3_UART_Init	8	static
main.c:581:13:MX_USB_OTG_HS_USB_Init	4	static
main.c:602:13:MX_MDMA_Init	16	static
main.c:649:13:MX_GPIO_Init	64	static
main.c:781:6:WriteTime	8	static
main.c:802:13:FS_MOUNT	16	static
main.c:820:13:FS_SPAM	16	static
main.c:840:6:EnableMemMappedQuadMode	96	static
main.c:888:6:StartSDCardTask	24	static
main.c:921:6:StartServiceADC	24	static
main.c:950:6:HAL_TIM_PeriodElapsedCallback	16	static
main.c:967:6:Error_Handler	8	static,ignoring_inline_asm
