main.c:111:5:main	136	static,ignoring_inline_asm
main.c:225:6:SystemClock_Config	120	static
main.c:284:6:PeriphCommonClock_Config	192	static
main.c:311:13:MX_ETH_Init	8	static
main.c:360:13:MX_I2C2_Init	8	static
main.c:406:13:MX_I2C4_Init	8	static
main.c:452:13:MX_SPI1_Init	8	static
main.c:500:13:MX_SPI2_Init	8	static
main.c:548:13:MX_SPI4_Init	8	static
main.c:596:13:MX_USART3_UART_Init	8	static
main.c:644:13:MX_USB_OTG_HS_USB_Init	4	static
main.c:665:13:MX_GPIO_Init	56	static
main.c:702:6:Error_Handler	4	static,ignoring_inline_asm
