Archive member included to satisfy reference by file (symbol)

c:/st/stm32cubeide_1.8.0/stm32cubeide/plugins/com.st.stm32cube.ide.mcu.externaltools.gnu-tools-for-stm32.9-2020-q2-update.win32_2.0.0.202105311346/tools/bin/../lib/gcc/arm-none-eabi/9.3.1/../../../../arm-none-eabi/lib/thumb/v7e-m+dp/hard\libc_nano.a(lib_a-errno.o)
                              ./Core/Src/syscalls.o (__errno)
c:/st/stm32cubeide_1.8.0/stm32cubeide/plugins/com.st.stm32cube.ide.mcu.externaltools.gnu-tools-for-stm32.9-2020-q2-update.win32_2.0.0.202105311346/tools/bin/../lib/gcc/arm-none-eabi/9.3.1/../../../../arm-none-eabi/lib/thumb/v7e-m+dp/hard\libc_nano.a(lib_a-exit.o)
                              c:/st/stm32cubeide_1.8.0/stm32cubeide/plugins/com.st.stm32cube.ide.mcu.externaltools.gnu-tools-for-stm32.9-2020-q2-update.win32_2.0.0.202105311346/tools/bin/../lib/gcc/arm-none-eabi/9.3.1/../../../../arm-none-eabi/lib/thumb/v7e-m+dp/hard/crt0.o (exit)
c:/st/stm32cubeide_1.8.0/stm32cubeide/plugins/com.st.stm32cube.ide.mcu.externaltools.gnu-tools-for-stm32.9-2020-q2-update.win32_2.0.0.202105311346/tools/bin/../lib/gcc/arm-none-eabi/9.3.1/../../../../arm-none-eabi/lib/thumb/v7e-m+dp/hard\libc_nano.a(lib_a-impure.o)
                              c:/st/stm32cubeide_1.8.0/stm32cubeide/plugins/com.st.stm32cube.ide.mcu.externaltools.gnu-tools-for-stm32.9-2020-q2-update.win32_2.0.0.202105311346/tools/bin/../lib/gcc/arm-none-eabi/9.3.1/../../../../arm-none-eabi/lib/thumb/v7e-m+dp/hard\libc_nano.a(lib_a-exit.o) (_global_impure_ptr)
c:/st/stm32cubeide_1.8.0/stm32cubeide/plugins/com.st.stm32cube.ide.mcu.externaltools.gnu-tools-for-stm32.9-2020-q2-update.win32_2.0.0.202105311346/tools/bin/../lib/gcc/arm-none-eabi/9.3.1/../../../../arm-none-eabi/lib/thumb/v7e-m+dp/hard\libc_nano.a(lib_a-init.o)
                              c:/st/stm32cubeide_1.8.0/stm32cubeide/plugins/com.st.stm32cube.ide.mcu.externaltools.gnu-tools-for-stm32.9-2020-q2-update.win32_2.0.0.202105311346/tools/bin/../lib/gcc/arm-none-eabi/9.3.1/../../../../arm-none-eabi/lib/thumb/v7e-m+dp/hard/crt0.o (__libc_init_array)
c:/st/stm32cubeide_1.8.0/stm32cubeide/plugins/com.st.stm32cube.ide.mcu.externaltools.gnu-tools-for-stm32.9-2020-q2-update.win32_2.0.0.202105311346/tools/bin/../lib/gcc/arm-none-eabi/9.3.1/../../../../arm-none-eabi/lib/thumb/v7e-m+dp/hard\libc_nano.a(lib_a-memcpy-stub.o)
                              ./Core/Src/main.o (memcpy)
c:/st/stm32cubeide_1.8.0/stm32cubeide/plugins/com.st.stm32cube.ide.mcu.externaltools.gnu-tools-for-stm32.9-2020-q2-update.win32_2.0.0.202105311346/tools/bin/../lib/gcc/arm-none-eabi/9.3.1/../../../../arm-none-eabi/lib/thumb/v7e-m+dp/hard\libc_nano.a(lib_a-memset.o)
                              c:/st/stm32cubeide_1.8.0/stm32cubeide/plugins/com.st.stm32cube.ide.mcu.externaltools.gnu-tools-for-stm32.9-2020-q2-update.win32_2.0.0.202105311346/tools/bin/../lib/gcc/arm-none-eabi/9.3.1/../../../../arm-none-eabi/lib/thumb/v7e-m+dp/hard/crt0.o (memset)
c:/st/stm32cubeide_1.8.0/stm32cubeide/plugins/com.st.stm32cube.ide.mcu.externaltools.gnu-tools-for-stm32.9-2020-q2-update.win32_2.0.0.202105311346/tools/bin/../lib/gcc/arm-none-eabi/9.3.1/thumb/v7e-m+dp/hard\libgcc.a(_aeabi_uldivmod.o)
                              ./Drivers/STM32H7xx_HAL_Driver/Src/stm32h7xx_hal_uart.o (__aeabi_uldivmod)
c:/st/stm32cubeide_1.8.0/stm32cubeide/plugins/com.st.stm32cube.ide.mcu.externaltools.gnu-tools-for-stm32.9-2020-q2-update.win32_2.0.0.202105311346/tools/bin/../lib/gcc/arm-none-eabi/9.3.1/thumb/v7e-m+dp/hard\libgcc.a(_udivmoddi4.o)
                              c:/st/stm32cubeide_1.8.0/stm32cubeide/plugins/com.st.stm32cube.ide.mcu.externaltools.gnu-tools-for-stm32.9-2020-q2-update.win32_2.0.0.202105311346/tools/bin/../lib/gcc/arm-none-eabi/9.3.1/thumb/v7e-m+dp/hard\libgcc.a(_aeabi_uldivmod.o) (__udivmoddi4)
c:/st/stm32cubeide_1.8.0/stm32cubeide/plugins/com.st.stm32cube.ide.mcu.externaltools.gnu-tools-for-stm32.9-2020-q2-update.win32_2.0.0.202105311346/tools/bin/../lib/gcc/arm-none-eabi/9.3.1/thumb/v7e-m+dp/hard\libgcc.a(_dvmd_tls.o)
                              c:/st/stm32cubeide_1.8.0/stm32cubeide/plugins/com.st.stm32cube.ide.mcu.externaltools.gnu-tools-for-stm32.9-2020-q2-update.win32_2.0.0.202105311346/tools/bin/../lib/gcc/arm-none-eabi/9.3.1/thumb/v7e-m+dp/hard\libgcc.a(_aeabi_uldivmod.o) (__aeabi_ldiv0)

Allocating common symbols
Common symbol       size              file

retSD               0x1               ./FATFS/App/fatfs.o
huart3              0x90              ./Core/Src/main.o
SD_FATFS_POSIX      0x1               ./Core/Src/SDInterface.o
hsd1                0x7c              ./Core/Src/main.o
uwTick              0x4               ./Drivers/STM32H7xx_HAL_Driver/Src/stm32h7xx_hal.o
pFlash              0x1c              ./Drivers/STM32H7xx_HAL_Driver/Src/stm32h7xx_hal_flash.o
SDPath              0x4               ./FATFS/App/fatfs.o
SDFile              0x230             ./FATFS/App/fatfs.o
htim14              0xbc              ./Core/Src/main.o
[...]
Memory Configuration

Name             Origin             Length             Attributes
ITCMRAM          0x0000000000000000 0x0000000000010000 xrw
DTCMRAM          0x0000000020000000 0x0000000000020000 xrw
FLASH            0x0000000008000000 0x0000000000100000 xr
RAM_D1           0x0000000024000000 0x0000000000050000 xrw
RAM_D2           0x0000000030000000 0x0000000000008000 xrw
RAM_D3           0x0000000038000000 0x0000000000004000 xrw
*default*        0x0000000000000000 0xffffffffffffffff

Linker script and memory map

LOAD c:/st/stm32cubeide_1.8.0/stm32cubeide/plugins/com.st.stm32cube.ide.mcu.externaltools.gnu-tools-for-stm32.9-2020-q2-update.win32_2.0.0.202105311346/tools/bin/../lib/gcc/arm-none-eabi/9.3.1/thumb/v7e-m+dp/hard/crti.o
LOAD c:/st/stm32cubeide_1.8.0/stm32cubeide/plugins/com.st.stm32cube.ide.mcu.externaltools.gnu-tools-for-stm32.9-2020-q2-update.win32_2.0.0.202105311346/tools/bin/../lib/gcc/arm-none-eabi/9.3.1/thumb/v7e-m+dp/hard/crtbegin.o
LOAD c:/st/stm32cubeide_1.8.0/stm32cubeide/plugins/com.st.stm32cube.ide.mcu.externaltools.gnu-tools-for-stm32.9-2020-q2-update.win32_2.0.0.202105311346/tools/bin/../lib/gcc/arm-none-eabi/9.3.1/../../../../arm-none-eabi/lib/thumb/v7e-m+dp/hard/crt0.o
LOAD ./Core/Src/ADS8588H.o
LOAD ./Core/Src/HelperCommands.o
LOAD ./Core/Src/SDInterface.o
LOAD ./Core/Src/main.o
LOAD ./Core/Src/stm32h7xx_hal_msp.o
LOAD ./Core/Src/stm32h7xx_it.o
LOAD ./Core/Src/syscalls.o
LOAD ./Core/Src/sysmem.o
LOAD ./Core/Src/system_stm32h7xx.o
LOAD ./Core/Startup/startup_stm32h723zgtx.o
LOAD ./Drivers/STM32H7xx_HAL_Driver/Src/stm32h7xx_hal.o
LOAD ./Drivers/STM32H7xx_HAL_Driver/Src/stm32h7xx_hal_cortex.o
LOAD ./Drivers/STM32H7xx_HAL_Driver/Src/stm32h7xx_hal_dma.o
LOAD ./Drivers/STM32H7xx_HAL_Driver/Src/stm32h7xx_hal_dma_ex.o
LOAD ./Drivers/STM32H7xx_HAL_Driver/Src/stm32h7xx_hal_exti.o
LOAD ./Drivers/STM32H7xx_HAL_Driver/Src/stm32h7xx_hal_flash.o
LOAD ./Drivers/STM32H7xx_HAL_Driver/Src/stm32h7xx_hal_flash_ex.o
LOAD ./Drivers/STM32H7xx_HAL_Driver/Src/stm32h7xx_hal_gpio.o
LOAD ./Drivers/STM32H7xx_HAL_Driver/Src/stm32h7xx_hal_hsem.o
LOAD ./Drivers/STM32H7xx_HAL_Driver/Src/stm32h7xx_hal_i2c.o
LOAD ./Drivers/STM32H7xx_HAL_Driver/Src/stm32h7xx_hal_i2c_ex.o
LOAD ./Drivers/STM32H7xx_HAL_Driver/Src/stm32h7xx_hal_mdma.o
LOAD ./Drivers/STM32H7xx_HAL_Driver/Src/stm32h7xx_hal_pwr.o
LOAD ./Drivers/STM32H7xx_HAL_Driver/Src/stm32h7xx_hal_pwr_ex.o
LOAD ./Drivers/STM32H7xx_HAL_Driver/Src/stm32h7xx_hal_rcc.o
LOAD ./Drivers/STM32H7xx_HAL_Driver/Src/stm32h7xx_hal_rcc_ex.o
LOAD ./Drivers/STM32H7xx_HAL_Driver/Src/stm32h7xx_hal_sd.o
LOAD ./Drivers/STM32H7xx_HAL_Driver/Src/stm32h7xx_hal_sd_ex.o
LOAD ./Drivers/STM32H7xx_HAL_Driver/Src/stm32h7xx_hal_tim.o
LOAD ./Drivers/STM32H7xx_HAL_Driver/Src/stm32h7xx_hal_tim_ex.o
LOAD ./Drivers/STM32H7xx_HAL_Driver/Src/stm32h7xx_hal_uart.o
LOAD ./Drivers/STM32H7xx_HAL_Driver/Src/stm32h7xx_hal_uart_ex.o
LOAD ./Drivers/STM32H7xx_HAL_Driver/Src/stm32h7xx_ll_delayblock.o
LOAD ./Drivers/STM32H7xx_HAL_Driver/Src/stm32h7xx_ll_sdmmc.o
LOAD ./FATFS/App/fatfs.o
LOAD ./FATFS/Target/bsp_driver_sd.o
LOAD ./FATFS/Target/fatfs_platform.o
LOAD ./FATFS/Target/sd_diskio.o
LOAD ./Middlewares/Third_Party/FatFs/src/diskio.o
LOAD ./Middlewares/Third_Party/FatFs/src/ff.o
LOAD ./Middlewares/Third_Party/FatFs/src/ff_gen_drv.o
LOAD ./Middlewares/Third_Party/FatFs/src/option/syscall.o
START GROUP
LOAD c:/st/stm32cubeide_1.8.0/stm32cubeide/plugins/com.st.stm32cube.ide.mcu.externaltools.gnu-tools-for-stm32.9-2020-q2-update.win32_2.0.0.202105311346/tools/bin/../lib/gcc/arm-none-eabi/9.3.1/../../../../arm-none-eabi/lib/thumb/v7e-m+dp/hard\libc_nano.a
LOAD c:/st/stm32cubeide_1.8.0/stm32cubeide/plugins/com.st.stm32cube.ide.mcu.externaltools.gnu-tools-for-stm32.9-2020-q2-update.win32_2.0.0.202105311346/tools/bin/../lib/gcc/arm-none-eabi/9.3.1/../../../../arm-none-eabi/lib/thumb/v7e-m+dp/hard\libm.a
END GROUP
START GROUP
LOAD c:/st/stm32cubeide_1.8.0/stm32cubeide/plugins/com.st.stm32cube.ide.mcu.externaltools.gnu-tools-for-stm32.9-2020-q2-update.win32_2.0.0.202105311346/tools/bin/../lib/gcc/arm-none-eabi/9.3.1/thumb/v7e-m+dp/hard\libgcc.a
LOAD c:/st/stm32cubeide_1.8.0/stm32cubeide/plugins/com.st.stm32cube.ide.mcu.externaltools.gnu-tools-for-stm32.9-2020-q2-update.win32_2.0.0.202105311346/tools/bin/../lib/gcc/arm-none-eabi/9.3.1/../../../../arm-none-eabi/lib/thumb/v7e-m+dp/hard\libc_nano.a
END GROUP
START GROUP
LOAD c:/st/stm32cubeide_1.8.0/stm32cubeide/plugins/com.st.stm32cube.ide.mcu.externaltools.gnu-tools-for-stm32.9-2020-q2-update.win32_2.0.0.202105311346/tools/bin/../lib/gcc/arm-none-eabi/9.3.1/thumb/v7e-m+dp/hard\libgcc.a
LOAD c:/st/stm32cubeide_1.8.0/stm32cubeide/plugins/com.st.stm32cube.ide.mcu.externaltools.gnu-tools-for-stm32.9-2020-q2-update.win32_2.0.0.202105311346/tools/bin/../lib/gcc/arm-none-eabi/9.3.1/../../../../arm-none-eabi/lib/thumb/v7e-m+dp/hard\libc_nano.a
LOAD c:/st/stm32cubeide_1.8.0/stm32cubeide/plugins/com.st.stm32cube.ide.mcu.externaltools.gnu-tools-for-stm32.9-2020-q2-update.win32_2.0.0.202105311346/tools/bin/../lib/gcc/arm-none-eabi/9.3.1/../../../../arm-none-eabi/lib/thumb/v7e-m+dp/hard\libnosys.a
END GROUP
START GROUP
LOAD c:/st/stm32cubeide_1.8.0/stm32cubeide/plugins/com.st.stm32cube.ide.mcu.externaltools.gnu-tools-for-stm32.9-2020-q2-update.win32_2.0.0.202105311346/tools/bin/../lib/gcc/arm-none-eabi/9.3.1/thumb/v7e-m+dp/hard\libgcc.a
LOAD c:/st/stm32cubeide_1.8.0/stm32cubeide/plugins/com.st.stm32cube.ide.mcu.externaltools.gnu-tools-for-stm32.9-2020-q2-update.win32_2.0.0.202105311346/tools/bin/../lib/gcc/arm-none-eabi/9.3.1/../../../../arm-none-eabi/lib/thumb/v7e-m+dp/hard\libc_nano.a
LOAD c:/st/stm32cubeide_1.8.0/stm32cubeide/plugins/com.st.stm32cube.ide.mcu.externaltools.gnu-tools-for-stm32.9-2020-q2-update.win32_2.0.0.202105311346/tools/bin/../lib/gcc/arm-none-eabi/9.3.1/../../../../arm-none-eabi/lib/thumb/v7e-m+dp/hard\libnosys.a
END GROUP
LOAD c:/st/stm32cubeide_1.8.0/stm32cubeide/plugins/com.st.stm32cube.ide.mcu.externaltools.gnu-tools-for-stm32.9-2020-q2-update.win32_2.0.0.202105311346/tools/bin/../lib/gcc/arm-none-eabi/9.3.1/thumb/v7e-m+dp/hard/crtend.o
LOAD c:/st/stm32cubeide_1.8.0/stm32cubeide/plugins/com.st.stm32cube.ide.mcu.externaltools.gnu-tools-for-stm32.9-2020-q2-update.win32_2.0.0.202105311346/tools/bin/../lib/gcc/arm-none-eabi/9.3.1/thumb/v7e-m+dp/hard/crtn.o
                0x0000000024050000                _estack = (ORIGIN (RAM_D1) + LENGTH (RAM_D1))
                0x0000000000000200                _Min_Heap_Size = 0x200
                0x0000000000000400                _Min_Stack_Size = 0x400

.isr_vector     0x0000000008000000      0x2cc
                0x0000000008000000                . = ALIGN (0x4)
 *(.isr_vector)
 .isr_vector    0x0000000008000000      0x2cc ./Core/Startup/startup_stm32h723zgtx.o
                0x0000000008000000                g_pfnVectors
                0x00000000080002cc                . = ALIGN (0x4)

.text           0x00000000080002cc     0xc498
                0x00000000080002cc                . = ALIGN (0x4)
 *(.text)
 .text          0x00000000080002cc       0x40 c:/st/stm32cubeide_1.8.0/stm32cubeide/plugins/com.st.stm32cube.ide.mcu.externaltools.gnu-tools-for-stm32.9-2020-q2-update.win32_2.0.0.202105311346/tools/bin/../lib/gcc/arm-none-eabi/9.3.1/thumb/v7e-m+dp/hard/crtbegin.o
 .text          0x000000000800030c       0x30 c:/st/stm32cubeide_1.8.0/stm32cubeide/plugins/com.st.stm32cube.ide.mcu.externaltools.gnu-tools-for-stm32.9-2020-q2-update.win32_2.0.0.202105311346/tools/bin/../lib/gcc/arm-none-eabi/9.3.1/thumb/v7e-m+dp/hard\libgcc.a(_aeabi_uldivmod.o)
                0x000000000800030c                __aeabi_uldivmod
 .text          0x000000000800033c      0x2c4 c:/st/stm32cubeide_1.8.0/stm32cubeide/plugins/com.st.stm32cube.ide.mcu.externaltools.gnu-tools-for-stm32.9-2020-q2-update.win32_2.0.0.202105311346/tools/bin/../lib/gcc/arm-none-eabi/9.3.1/thumb/v7e-m+dp/hard\libgcc.a(_udivmoddi4.o)
                0x000000000800033c                __udivmoddi4
 .text          0x0000000008000600        0x4 c:/st/stm32cubeide_1.8.0/stm32cubeide/plugins/com.st.stm32cube.ide.mcu.externaltools.gnu-tools-for-stm32.9-2020-q2-update.win32_2.0.0.202105311346/tools/bin/../lib/gcc/arm-none-eabi/9.3.1/thumb/v7e-m+dp/hard\libgcc.a(_dvmd_tls.o)
                0x0000000008000600                __aeabi_idiv0
                0x0000000008000600                __aeabi_ldiv0
 *(.text*)
 .text.ADC_SERVICE_ROUTINE
                0x0000000008000604       0x20 ./Core/Src/ADS8588H.o
                0x0000000008000604                ADC_SERVICE_ROUTINE
 .text.ADS8588H_READ_8CH
                0x0000000008000624      0x108 ./Core/Src/ADS8588H.o
                0x0000000008000624                ADS8588H_READ_8CH
 .text.ADS8588H_CONV_AB
                0x000000000800072c       0x2c ./Core/Src/ADS8588H.o
                0x000000000800072c                ADS8588H_CONV_AB
 .text.ADS8588H_reset
                0x0000000008000758       0x2c ./Core/Src/ADS8588H.o
                0x0000000008000758                ADS8588H_reset
 .text.ADS8588H_init
                0x0000000008000784        0xc ./Core/Src/ADS8588H.o
                0x0000000008000784                ADS8588H_init
 .text.TIM14WaitUntil
                0x0000000008000790       0x2c ./Core/Src/HelperCommands.o
                0x0000000008000790                TIM14WaitUntil
 .text.MountSD  0x00000000080007bc       0x7c ./Core/Src/SDInterface.o
                0x00000000080007bc                MountSD
 .text.UnMountSD
                0x0000000008000838       0x12 ./Core/Src/SDInterface.o
                0x0000000008000838                UnMountSD
 *fill*         0x000000000800084a        0x2 
 .text.OpenSD   0x000000000800084c       0x34 ./Core/Src/SDInterface.o
                0x000000000800084c                OpenSD
 .text.WriteSD  0x0000000008000880       0x38 ./Core/Src/SDInterface.o
                0x0000000008000880                WriteSD
 .text.CloseSD  0x00000000080008b8       0x14 ./Core/Src/SDInterface.o
                0x00000000080008b8                CloseSD
 .text.main     0x00000000080008cc      0x290 ./Core/Src/main.o
                0x00000000080008cc                main
 .text.SystemClock_Config
                0x0000000008000b5c       0xdc ./Core/Src/main.o
                0x0000000008000b5c                SystemClock_Config
 .text.MX_SDMMC1_SD_Init
                0x0000000008000c38       0x40 ./Core/Src/main.o
 .text.MX_TIM7_Init
                0x0000000008000c78       0x70 ./Core/Src/main.o
 .text.MX_TIM14_Init
                0x0000000008000ce8       0x44 ./Core/Src/main.o
 .text.MX_USART3_UART_Init
                0x0000000008000d2c       0x98 ./Core/Src/main.o
 .text.MX_MDMA_Init
                0x0000000008000dc4       0xc8 ./Core/Src/main.o
 .text.MX_GPIO_Init
                0x0000000008000e8c      0x2f0 ./Core/Src/main.o
 .text.HAL_TIM_PeriodElapsedCallback
                0x000000000800117c       0x34 ./Core/Src/main.o
                0x000000000800117c                HAL_TIM_PeriodElapsedCallback
 .text.Error_Handler
                0x00000000080011b0       0x1c ./Core/Src/main.o
                0x00000000080011b0                Error_Handler
 .text.HAL_MspInit
                0x00000000080011cc       0x34 ./Core/Src/stm32h7xx_hal_msp.o
                0x00000000080011cc                HAL_MspInit
 .text.HAL_SD_MspInit
                0x0000000008001200      0x128 ./Core/Src/stm32h7xx_hal_msp.o
                0x0000000008001200                HAL_SD_MspInit
 .text.HAL_TIM_Base_MspInit
                0x0000000008001328       0x80 ./Core/Src/stm32h7xx_hal_msp.o
                0x0000000008001328                HAL_TIM_Base_MspInit
 .text.HAL_UART_MspInit
                0x00000000080013a8       0xcc ./Core/Src/stm32h7xx_hal_msp.o
                0x00000000080013a8                HAL_UART_MspInit
 .text.NMI_Handler
                0x0000000008001474        0x6 ./Core/Src/stm32h7xx_it.o
                0x0000000008001474                NMI_Handler
 .text.HardFault_Handler
                0x000000000800147a        0x6 ./Core/Src/stm32h7xx_it.o
                0x000000000800147a                HardFault_Handler
 .text.MemManage_Handler
                0x0000000008001480        0x6 ./Core/Src/stm32h7xx_it.o
                0x0000000008001480                MemManage_Handler
 .text.BusFault_Handler
                0x0000000008001486        0x6 ./Core/Src/stm32h7xx_it.o
                0x0000000008001486                BusFault_Handler
 .text.UsageFault_Handler
                0x000000000800148c        0x6 ./Core/Src/stm32h7xx_it.o
                0x000000000800148c                UsageFault_Handler
 .text.SVC_Handler
                0x0000000008001492        0xe ./Core/Src/stm32h7xx_it.o
                0x0000000008001492                SVC_Handler
 .text.DebugMon_Handler
                0x00000000080014a0        0xe ./Core/Src/stm32h7xx_it.o
                0x00000000080014a0                DebugMon_Handler
 .text.PendSV_Handler
                0x00000000080014ae        0xe ./Core/Src/stm32h7xx_it.o
                0x00000000080014ae                PendSV_Handler
 .text.SysTick_Handler
                0x00000000080014bc        0xc ./Core/Src/stm32h7xx_it.o
                0x00000000080014bc                SysTick_Handler
 .text.SDMMC1_IRQHandler
                0x00000000080014c8       0x14 ./Core/Src/stm32h7xx_it.o
                0x00000000080014c8                SDMMC1_IRQHandler
 .text.TIM7_IRQHandler
                0x00000000080014dc       0x14 ./Core/Src/stm32h7xx_it.o
                0x00000000080014dc                TIM7_IRQHandler
 .text.MDMA_IRQHandler
                0x00000000080014f0       0x14 ./Core/Src/stm32h7xx_it.o
                0x00000000080014f0                MDMA_IRQHandler
 .text.SystemInit
                0x0000000008001504       0xf0 ./Core/Src/system_stm32h7xx.o
                0x0000000008001504                SystemInit
 .text.Reset_Handler
                0x00000000080015f4       0x50 ./Core/Startup/startup_stm32h723zgtx.o
                0x00000000080015f4                Reset_Handler
 .text.Default_Handler
                0x0000000008001644        0x2 ./Core/Startup/startup_stm32h723zgtx.o
                0x0000000008001644                RTC_Alarm_IRQHandler
                0x0000000008001644                EXTI2_IRQHandler
                0x0000000008001644                TIM8_CC_IRQHandler
                0x0000000008001644                UART8_IRQHandler
                0x0000000008001644                SPI4_IRQHandler
                0x0000000008001644                FDCAN3_IT0_IRQHandler
                0x0000000008001644                TIM1_CC_IRQHandler
                0x0000000008001644                BDMA_Channel6_IRQHandler
                0x0000000008001644                DMA2_Stream5_IRQHandler
                0x0000000008001644                DMA1_Stream5_IRQHandler
                0x0000000008001644                CORDIC_IRQHandler
                0x0000000008001644                BDMA_Channel1_IRQHandler
                0x0000000008001644                TAMP_STAMP_IRQHandler
                0x0000000008001644                EXTI3_IRQHandler
                0x0000000008001644                LPTIM4_IRQHandler
                0x0000000008001644                TIM8_TRG_COM_TIM14_IRQHandler
                0x0000000008001644                LPTIM2_IRQHandler
                0x0000000008001644                DFSDM1_FLT1_IRQHandler
                0x0000000008001644                DMAMUX2_OVR_IRQHandler
                0x0000000008001644                TIM8_UP_TIM13_IRQHandler
                0x0000000008001644                I2C3_ER_IRQHandler
                0x0000000008001644                DFSDM1_FLT2_IRQHandler
                0x0000000008001644                I2C5_EV_IRQHandler
                0x0000000008001644                USART10_IRQHandler
                0x0000000008001644                LPTIM3_IRQHandler
                0x0000000008001644                HSEM1_IRQHandler
                0x0000000008001644                EXTI0_IRQHandler
                0x0000000008001644                I2C2_EV_IRQHandler
                0x0000000008001644                DMA1_Stream2_IRQHandler
                0x0000000008001644                FPU_IRQHandler
                0x0000000008001644                OTG_HS_WKUP_IRQHandler
                0x0000000008001644                FDCAN1_IT1_IRQHandler
                0x0000000008001644                LTDC_ER_IRQHandler
                0x0000000008001644                DMA2_Stream2_IRQHandler
                0x0000000008001644                SPI1_IRQHandler
                0x0000000008001644                OCTOSPI1_IRQHandler
                0x0000000008001644                TIM6_DAC_IRQHandler
                0x0000000008001644                DMA2_Stream3_IRQHandler
                0x0000000008001644                OCTOSPI2_IRQHandler
                0x0000000008001644                DFSDM1_FLT3_IRQHandler
                0x0000000008001644                TIM23_IRQHandler
                0x0000000008001644                USART6_IRQHandler
                0x0000000008001644                TIM17_IRQHandler
                0x0000000008001644                USART3_IRQHandler
                0x0000000008001644                BDMA_Channel7_IRQHandler
                0x0000000008001644                LPTIM5_IRQHandler
                0x0000000008001644                UART5_IRQHandler
                0x0000000008001644                ADC3_IRQHandler
                0x0000000008001644                DMA2_Stream0_IRQHandler
                0x0000000008001644                TIM4_IRQHandler
                0x0000000008001644                BDMA_Channel2_IRQHandler
                0x0000000008001644                I2C1_EV_IRQHandler
                0x0000000008001644                DMA1_Stream6_IRQHandler
                0x0000000008001644                DMAMUX1_OVR_IRQHandler
                0x0000000008001644                DMA1_Stream1_IRQHandler
                0x0000000008001644                TIM16_IRQHandler
                0x0000000008001644                UART4_IRQHandler
                0x0000000008001644                BDMA_Channel5_IRQHandler
                0x0000000008001644                TIM3_IRQHandler
                0x0000000008001644                RCC_IRQHandler
                0x0000000008001644                UART9_IRQHandler
                0x0000000008001644                TIM8_BRK_TIM12_IRQHandler
                0x0000000008001644                TIM1_TRG_COM_IRQHandler
                0x0000000008001644                Default_Handler
                0x0000000008001644                ECC_IRQHandler
                0x0000000008001644                FMAC_IRQHandler
                0x0000000008001644                CEC_IRQHandler
                0x0000000008001644                EXTI15_10_IRQHandler
                0x0000000008001644                BDMA_Channel0_IRQHandler
                0x0000000008001644                ADC_IRQHandler
                0x0000000008001644                I2C5_ER_IRQHandler
                0x0000000008001644                DMA1_Stream7_IRQHandler
                0x0000000008001644                SPI5_IRQHandler
                0x0000000008001644                FDCAN3_IT1_IRQHandler
                0x0000000008001644                TIM5_IRQHandler
                0x0000000008001644                DMA2_Stream7_IRQHandler
                0x0000000008001644                TIM15_IRQHandler
                0x0000000008001644                PVD_AVD_IRQHandler
                0x0000000008001644                I2C3_EV_IRQHandler
                0x0000000008001644                EXTI9_5_IRQHandler
                0x0000000008001644                RTC_WKUP_IRQHandler
                0x0000000008001644                LTDC_IRQHandler
                0x0000000008001644                ETH_WKUP_IRQHandler
                0x0000000008001644                SPDIF_RX_IRQHandler
                0x0000000008001644                SPI2_IRQHandler
                0x0000000008001644                OTG_HS_EP1_IN_IRQHandler
                0x0000000008001644                DMA1_Stream0_IRQHandler
                0x0000000008001644                TIM24_IRQHandler
                0x0000000008001644                CRS_IRQHandler
                0x0000000008001644                EXTI4_IRQHandler
                0x0000000008001644                RNG_IRQHandler
                0x0000000008001644                FDCAN2_IT1_IRQHandler
                0x0000000008001644                ETH_IRQHandler
                0x0000000008001644                TIM1_UP_IRQHandler
                0x0000000008001644                BDMA_Channel4_IRQHandler
                0x0000000008001644                OTG_HS_EP1_OUT_IRQHandler
                0x0000000008001644                WWDG_IRQHandler
                0x0000000008001644                SPI6_IRQHandler
                0x0000000008001644                MDIOS_IRQHandler
                0x0000000008001644                I2C4_EV_IRQHandler
                0x0000000008001644                FDCAN2_IT0_IRQHandler
                0x0000000008001644                LPUART1_IRQHandler
                0x0000000008001644                FDCAN1_IT0_IRQHandler
                0x0000000008001644                TIM2_IRQHandler
                0x0000000008001644                OTG_HS_IRQHandler
                0x0000000008001644                DMA2D_IRQHandler
                0x0000000008001644                TIM1_BRK_IRQHandler
                0x0000000008001644                EXTI1_IRQHandler
                0x0000000008001644                SDMMC2_IRQHandler
                0x0000000008001644                BDMA_Channel3_IRQHandler
                0x0000000008001644                DTS_IRQHandler
                0x0000000008001644                UART7_IRQHandler
                0x0000000008001644                MDIOS_WKUP_IRQHandler
                0x0000000008001644                USART2_IRQHandler
                0x0000000008001644                DFSDM1_FLT0_IRQHandler
                0x0000000008001644                SAI4_IRQHandler
                0x0000000008001644                I2C2_ER_IRQHandler
                0x0000000008001644                DMA2_Stream1_IRQHandler
                0x0000000008001644                FLASH_IRQHandler
                0x0000000008001644                DMA2_Stream4_IRQHandler
                0x0000000008001644                USART1_IRQHandler
                0x0000000008001644                SPI3_IRQHandler
                0x0000000008001644                WAKEUP_PIN_IRQHandler
                0x0000000008001644                DMA1_Stream4_IRQHandler
                0x0000000008001644                I2C1_ER_IRQHandler
                0x0000000008001644                FMC_IRQHandler
                0x0000000008001644                FDCAN_CAL_IRQHandler
                0x0000000008001644                SWPMI1_IRQHandler
                0x0000000008001644                COMP1_IRQHandler
                0x0000000008001644                LPTIM1_IRQHandler
                0x0000000008001644                DCMI_PSSI_IRQHandler
                0x0000000008001644                I2C4_ER_IRQHandler
                0x0000000008001644                DMA2_Stream6_IRQHandler
                0x0000000008001644                SAI1_IRQHandler
                0x0000000008001644                DMA1_Stream3_IRQHandler
 *fill*         0x0000000008001646        0x2 
 .text.HAL_Init
                0x0000000008001648       0x78 ./Drivers/STM32H7xx_HAL_Driver/Src/stm32h7xx_hal.o
                0x0000000008001648                HAL_Init
 .text.HAL_InitTick
                0x00000000080016c0       0x6c ./Drivers/STM32H7xx_HAL_Driver/Src/stm32h7xx_hal.o
                0x00000000080016c0                HAL_InitTick
 .text.HAL_IncTick
                0x000000000800172c       0x28 ./Drivers/STM32H7xx_HAL_Driver/Src/stm32h7xx_hal.o
                0x000000000800172c                HAL_IncTick
 .text.HAL_GetTick
                0x0000000008001754       0x18 ./Drivers/STM32H7xx_HAL_Driver/Src/stm32h7xx_hal.o
                0x0000000008001754                HAL_GetTick
 .text.HAL_Delay
                0x000000000800176c       0x48 ./Drivers/STM32H7xx_HAL_Driver/Src/stm32h7xx_hal.o
                0x000000000800176c                HAL_Delay
 .text.__NVIC_SetPriorityGrouping
                0x00000000080017b4       0x48 ./Drivers/STM32H7xx_HAL_Driver/Src/stm32h7xx_hal_cortex.o
 .text.__NVIC_GetPriorityGrouping
                0x00000000080017fc       0x1c ./Drivers/STM32H7xx_HAL_Driver/Src/stm32h7xx_hal_cortex.o
 .text.__NVIC_EnableIRQ
                0x0000000008001818       0x3c ./Drivers/STM32H7xx_HAL_Driver/Src/stm32h7xx_hal_cortex.o
 .text.__NVIC_SetPriority
                0x0000000008001854       0x54 ./Drivers/STM32H7xx_HAL_Driver/Src/stm32h7xx_hal_cortex.o
 .text.NVIC_EncodePriority
                0x00000000080018a8       0x66 ./Drivers/STM32H7xx_HAL_Driver/Src/stm32h7xx_hal_cortex.o
 *fill*         0x000000000800190e        0x2 
 .text.SysTick_Config
                0x0000000008001910       0x44 ./Drivers/STM32H7xx_HAL_Driver/Src/stm32h7xx_hal_cortex.o
 .text.HAL_NVIC_SetPriorityGrouping
                0x0000000008001954       0x16 ./Drivers/STM32H7xx_HAL_Driver/Src/stm32h7xx_hal_cortex.o
                0x0000000008001954                HAL_NVIC_SetPriorityGrouping
 .text.HAL_NVIC_SetPriority
                0x000000000800196a       0x34 ./Drivers/STM32H7xx_HAL_Driver/Src/stm32h7xx_hal_cortex.o
                0x000000000800196a                HAL_NVIC_SetPriority
 .text.HAL_NVIC_EnableIRQ
                0x000000000800199e       0x1c ./Drivers/STM32H7xx_HAL_Driver/Src/stm32h7xx_hal_cortex.o
                0x000000000800199e                HAL_NVIC_EnableIRQ
 .text.HAL_SYSTICK_Config
                0x00000000080019ba       0x18 ./Drivers/STM32H7xx_HAL_Driver/Src/stm32h7xx_hal_cortex.o
                0x00000000080019ba                HAL_SYSTICK_Config
 *fill*         0x00000000080019d2        0x2 
 .text.HAL_GPIO_Init
                0x00000000080019d4      0x350 ./Drivers/STM32H7xx_HAL_Driver/Src/stm32h7xx_hal_gpio.o
                0x00000000080019d4                HAL_GPIO_Init
 .text.HAL_GPIO_ReadPin
                0x0000000008001d24       0x30 ./Drivers/STM32H7xx_HAL_Driver/Src/stm32h7xx_hal_gpio.o
                0x0000000008001d24                HAL_GPIO_ReadPin
 .text.HAL_GPIO_WritePin
                0x0000000008001d54       0x32 ./Drivers/STM32H7xx_HAL_Driver/Src/stm32h7xx_hal_gpio.o
                0x0000000008001d54                HAL_GPIO_WritePin
 .text.HAL_GPIO_TogglePin
                0x0000000008001d86       0x34 ./Drivers/STM32H7xx_HAL_Driver/Src/stm32h7xx_hal_gpio.o
                0x0000000008001d86                HAL_GPIO_TogglePin
 .text.HAL_MDMA_Init
                0x0000000008001dba       0x98 ./Drivers/STM32H7xx_HAL_Driver/Src/stm32h7xx_hal_mdma.o
                0x0000000008001dba                HAL_MDMA_Init
 .text.HAL_MDMA_ConfigPostRequestMask
                0x0000000008001e52       0xa4 ./Drivers/STM32H7xx_HAL_Driver/Src/stm32h7xx_hal_mdma.o
                0x0000000008001e52                HAL_MDMA_ConfigPostRequestMask
 *fill*         0x0000000008001ef6        0x2 
 .text.HAL_MDMA_IRQHandler
                0x0000000008001ef8      0x2ac ./Drivers/STM32H7xx_HAL_Driver/Src/stm32h7xx_hal_mdma.o
                0x0000000008001ef8                HAL_MDMA_IRQHandler
 .text.MDMA_Init
                0x00000000080021a4      0x130 ./Drivers/STM32H7xx_HAL_Driver/Src/stm32h7xx_hal_mdma.o
 .text.HAL_PWREx_ConfigSupply
                0x00000000080022d4       0x74 ./Drivers/STM32H7xx_HAL_Driver/Src/stm32h7xx_hal_pwr_ex.o
                0x00000000080022d4                HAL_PWREx_ConfigSupply
 .text.HAL_RCC_OscConfig
                0x0000000008002348      0x758 ./Drivers/STM32H7xx_HAL_Driver/Src/stm32h7xx_hal_rcc.o
                0x0000000008002348                HAL_RCC_OscConfig
 .text.HAL_RCC_ClockConfig
                0x0000000008002aa0      0x36c ./Drivers/STM32H7xx_HAL_Driver/Src/stm32h7xx_hal_rcc.o
                0x0000000008002aa0                HAL_RCC_ClockConfig
 .text.HAL_RCC_GetSysClockFreq
                0x0000000008002e0c      0x2f4 ./Drivers/STM32H7xx_HAL_Driver/Src/stm32h7xx_hal_rcc.o
                0x0000000008002e0c                HAL_RCC_GetSysClockFreq
 .text.HAL_RCC_GetHCLKFreq
                0x0000000008003100       0x60 ./Drivers/STM32H7xx_HAL_Driver/Src/stm32h7xx_hal_rcc.o
                0x0000000008003100                HAL_RCC_GetHCLKFreq
 .text.HAL_RCC_GetPCLK1Freq
                0x0000000008003160       0x2c ./Drivers/STM32H7xx_HAL_Driver/Src/stm32h7xx_hal_rcc.o
                0x0000000008003160                HAL_RCC_GetPCLK1Freq
 .text.HAL_RCC_GetPCLK2Freq
                0x000000000800318c       0x2c ./Drivers/STM32H7xx_HAL_Driver/Src/stm32h7xx_hal_rcc.o
                0x000000000800318c                HAL_RCC_GetPCLK2Freq
 .text.HAL_RCCEx_PeriphCLKConfig
                0x00000000080031b8      0xdf4 ./Drivers/STM32H7xx_HAL_Driver/Src/stm32h7xx_hal_rcc_ex.o
                0x00000000080031b8                HAL_RCCEx_PeriphCLKConfig
 .text.HAL_RCCEx_GetPeriphCLKFreq
                0x0000000008003fac      0x848 ./Drivers/STM32H7xx_HAL_Driver/Src/stm32h7xx_hal_rcc_ex.o
                0x0000000008003fac                HAL_RCCEx_GetPeriphCLKFreq
 .text.HAL_RCCEx_GetD3PCLK1Freq
                0x00000000080047f4       0x2c ./Drivers/STM32H7xx_HAL_Driver/Src/stm32h7xx_hal_rcc_ex.o
                0x00000000080047f4                HAL_RCCEx_GetD3PCLK1Freq
 .text.HAL_RCCEx_GetPLL2ClockFreq
                0x0000000008004820      0x2a8 ./Drivers/STM32H7xx_HAL_Driver/Src/stm32h7xx_hal_rcc_ex.o
                0x0000000008004820                HAL_RCCEx_GetPLL2ClockFreq
 .text.HAL_RCCEx_GetPLL3ClockFreq
                0x0000000008004ac8      0x2a8 ./Drivers/STM32H7xx_HAL_Driver/Src/stm32h7xx_hal_rcc_ex.o
                0x0000000008004ac8                HAL_RCCEx_GetPLL3ClockFreq
 .text.HAL_RCCEx_GetPLL1ClockFreq
                0x0000000008004d70      0x2a4 ./Drivers/STM32H7xx_HAL_Driver/Src/stm32h7xx_hal_rcc_ex.o
                0x0000000008004d70                HAL_RCCEx_GetPLL1ClockFreq
 .text.RCCEx_PLL2_Config
                0x0000000008005014      0x164 ./Drivers/STM32H7xx_HAL_Driver/Src/stm32h7xx_hal_rcc_ex.o
 .text.RCCEx_PLL3_Config
                0x0000000008005178      0x164 ./Drivers/STM32H7xx_HAL_Driver/Src/stm32h7xx_hal_rcc_ex.o
 .text.HAL_SD_Init
                0x00000000080052dc      0x106 ./Drivers/STM32H7xx_HAL_Driver/Src/stm32h7xx_hal_sd.o
                0x00000000080052dc                HAL_SD_Init
 *fill*         0x00000000080053e2        0x2 
 .text.HAL_SD_InitCard
                0x00000000080053e4      0x12c ./Drivers/STM32H7xx_HAL_Driver/Src/stm32h7xx_hal_sd.o
                0x00000000080053e4                HAL_SD_InitCard
 .text.HAL_SD_ReadBlocks
                0x0000000008005510      0x314 ./Drivers/STM32H7xx_HAL_Driver/Src/stm32h7xx_hal_sd.o
                0x0000000008005510                HAL_SD_ReadBlocks
 .text.HAL_SD_WriteBlocks
                0x0000000008005824      0x31c ./Drivers/STM32H7xx_HAL_Driver/Src/stm32h7xx_hal_sd.o
                0x0000000008005824                HAL_SD_WriteBlocks
 .text.HAL_SD_IRQHandler
                0x0000000008005b40      0x36c ./Drivers/STM32H7xx_HAL_Driver/Src/stm32h7xx_hal_sd.o
                0x0000000008005b40                HAL_SD_IRQHandler
 .text.HAL_SD_ErrorCallback
                0x0000000008005eac       0x14 ./Drivers/STM32H7xx_HAL_Driver/Src/stm32h7xx_hal_sd.o
                0x0000000008005eac                HAL_SD_ErrorCallback
 .text.HAL_SD_GetCardCSD
                0x0000000008005ec0      0x348 ./Drivers/STM32H7xx_HAL_Driver/Src/stm32h7xx_hal_sd.o
                0x0000000008005ec0                HAL_SD_GetCardCSD
 .text.HAL_SD_GetCardStatus
                0x0000000008006208      0x17c ./Drivers/STM32H7xx_HAL_Driver/Src/stm32h7xx_hal_sd.o
                0x0000000008006208                HAL_SD_GetCardStatus
 .text.HAL_SD_GetCardInfo
                0x0000000008006384       0x58 ./Drivers/STM32H7xx_HAL_Driver/Src/stm32h7xx_hal_sd.o
                0x0000000008006384                HAL_SD_GetCardInfo
 .text.HAL_SD_ConfigWideBusOperation
                0x00000000080063dc      0x224 ./Drivers/STM32H7xx_HAL_Driver/Src/stm32h7xx_hal_sd.o
                0x00000000080063dc                HAL_SD_ConfigWideBusOperation
 .text.HAL_SD_GetCardState
                0x0000000008006600       0x40 ./Drivers/STM32H7xx_HAL_Driver/Src/stm32h7xx_hal_sd.o
                0x0000000008006600                HAL_SD_GetCardState
 .text.SD_InitCard
                0x0000000008006640      0x19c ./Drivers/STM32H7xx_HAL_Driver/Src/stm32h7xx_hal_sd.o
 .text.SD_PowerON
                0x00000000080067dc      0x11c ./Drivers/STM32H7xx_HAL_Driver/Src/stm32h7xx_hal_sd.o
 .text.SD_SendSDStatus
                0x00000000080068f8      0x1a0 ./Drivers/STM32H7xx_HAL_Driver/Src/stm32h7xx_hal_sd.o
 .text.SD_SendStatus
                0x0000000008006a98       0x50 ./Drivers/STM32H7xx_HAL_Driver/Src/stm32h7xx_hal_sd.o
 .text.SD_WideBus_Enable
                0x0000000008006ae8       0x96 ./Drivers/STM32H7xx_HAL_Driver/Src/stm32h7xx_hal_sd.o
 .text.SD_WideBus_Disable
                0x0000000008006b7e       0x96 ./Drivers/STM32H7xx_HAL_Driver/Src/stm32h7xx_hal_sd.o
 .text.SD_FindSCR
                0x0000000008006c14      0x1a0 ./Drivers/STM32H7xx_HAL_Driver/Src/stm32h7xx_hal_sd.o
 .text.SD_Read_IT
                0x0000000008006db4       0x8c ./Drivers/STM32H7xx_HAL_Driver/Src/stm32h7xx_hal_sd.o
 .text.SD_Write_IT
                0x0000000008006e40       0x94 ./Drivers/STM32H7xx_HAL_Driver/Src/stm32h7xx_hal_sd.o
 .text.HAL_SDEx_Read_DMADoubleBuf0CpltCallback
                0x0000000008006ed4       0x14 ./Drivers/STM32H7xx_HAL_Driver/Src/stm32h7xx_hal_sd.o
                0x0000000008006ed4                HAL_SDEx_Read_DMADoubleBuf0CpltCallback
 .text.HAL_SDEx_Read_DMADoubleBuf1CpltCallback
                0x0000000008006ee8       0x14 ./Drivers/STM32H7xx_HAL_Driver/Src/stm32h7xx_hal_sd.o
                0x0000000008006ee8                HAL_SDEx_Read_DMADoubleBuf1CpltCallback
 .text.HAL_SDEx_Write_DMADoubleBuf0CpltCallback
                0x0000000008006efc       0x14 ./Drivers/STM32H7xx_HAL_Driver/Src/stm32h7xx_hal_sd.o
                0x0000000008006efc                HAL_SDEx_Write_DMADoubleBuf0CpltCallback
 .text.HAL_SDEx_Write_DMADoubleBuf1CpltCallback
                0x0000000008006f10       0x14 ./Drivers/STM32H7xx_HAL_Driver/Src/stm32h7xx_hal_sd.o
                0x0000000008006f10                HAL_SDEx_Write_DMADoubleBuf1CpltCallback
 .text.HAL_TIM_Base_Init
                0x0000000008006f24       0xc8 ./Drivers/STM32H7xx_HAL_Driver/Src/stm32h7xx_hal_tim.o
                0x0000000008006f24                HAL_TIM_Base_Init
 .text.HAL_TIM_Base_Start
                0x0000000008006fec       0xfc ./Drivers/STM32H7xx_HAL_Driver/Src/stm32h7xx_hal_tim.o
                0x0000000008006fec                HAL_TIM_Base_Start
 .text.HAL_TIM_Base_Start_IT
                0x00000000080070e8      0x10c ./Drivers/STM32H7xx_HAL_Driver/Src/stm32h7xx_hal_tim.o
                0x00000000080070e8                HAL_TIM_Base_Start_IT
 .text.HAL_TIM_Base_Stop_IT
                0x00000000080071f4       0x5e ./Drivers/STM32H7xx_HAL_Driver/Src/stm32h7xx_hal_tim.o
                0x00000000080071f4                HAL_TIM_Base_Stop_IT
 .text.HAL_TIM_IRQHandler
                0x0000000008007252      0x282 ./Drivers/STM32H7xx_HAL_Driver/Src/stm32h7xx_hal_tim.o
                0x0000000008007252                HAL_TIM_IRQHandler
 .text.HAL_TIM_PeriodElapsedHalfCpltCallback
                0x00000000080074d4       0x14 ./Drivers/STM32H7xx_HAL_Driver/Src/stm32h7xx_hal_tim.o
                0x00000000080074d4                HAL_TIM_PeriodElapsedHalfCpltCallback
 .text.HAL_TIM_OC_DelayElapsedCallback
                0x00000000080074e8       0x14 ./Drivers/STM32H7xx_HAL_Driver/Src/stm32h7xx_hal_tim.o
                0x00000000080074e8                HAL_TIM_OC_DelayElapsedCallback
 .text.HAL_TIM_IC_CaptureCallback
                0x00000000080074fc       0x14 ./Drivers/STM32H7xx_HAL_Driver/Src/stm32h7xx_hal_tim.o
                0x00000000080074fc                HAL_TIM_IC_CaptureCallback
 .text.HAL_TIM_IC_CaptureHalfCpltCallback
                0x0000000008007510       0x14 ./Drivers/STM32H7xx_HAL_Driver/Src/stm32h7xx_hal_tim.o
                0x0000000008007510                HAL_TIM_IC_CaptureHalfCpltCallback
 .text.HAL_TIM_PWM_PulseFinishedCallback
                0x0000000008007524       0x14 ./Drivers/STM32H7xx_HAL_Driver/Src/stm32h7xx_hal_tim.o
                0x0000000008007524                HAL_TIM_PWM_PulseFinishedCallback
 .text.HAL_TIM_PWM_PulseFinishedHalfCpltCallback
                0x0000000008007538       0x14 ./Drivers/STM32H7xx_HAL_Driver/Src/stm32h7xx_hal_tim.o
                0x0000000008007538                HAL_TIM_PWM_PulseFinishedHalfCpltCallback
 .text.HAL_TIM_TriggerCallback
                0x000000000800754c       0x14 ./Drivers/STM32H7xx_HAL_Driver/Src/stm32h7xx_hal_tim.o
                0x000000000800754c                HAL_TIM_TriggerCallback
 .text.HAL_TIM_TriggerHalfCpltCallback
                0x0000000008007560       0x14 ./Drivers/STM32H7xx_HAL_Driver/Src/stm32h7xx_hal_tim.o
                0x0000000008007560                HAL_TIM_TriggerHalfCpltCallback
 .text.HAL_TIM_ErrorCallback
                0x0000000008007574       0x14 ./Drivers/STM32H7xx_HAL_Driver/Src/stm32h7xx_hal_tim.o
                0x0000000008007574                HAL_TIM_ErrorCallback
 .text.TIM_Base_SetConfig
                0x0000000008007588      0x14c ./Drivers/STM32H7xx_HAL_Driver/Src/stm32h7xx_hal_tim.o
                0x0000000008007588                TIM_Base_SetConfig
 .text.TIM_ResetCallback
                0x00000000080076d4       0xbc ./Drivers/STM32H7xx_HAL_Driver/Src/stm32h7xx_hal_tim.o
                0x00000000080076d4                TIM_ResetCallback
 .text.HAL_TIMEx_MasterConfigSynchronization
                0x0000000008007790      0x138 ./Drivers/STM32H7xx_HAL_Driver/Src/stm32h7xx_hal_tim_ex.o
                0x0000000008007790                HAL_TIMEx_MasterConfigSynchronization
 .text.HAL_TIMEx_CommutCallback
                0x00000000080078c8       0x14 ./Drivers/STM32H7xx_HAL_Driver/Src/stm32h7xx_hal_tim_ex.o
                0x00000000080078c8                HAL_TIMEx_CommutCallback
 .text.HAL_TIMEx_CommutHalfCpltCallback
                0x00000000080078dc       0x14 ./Drivers/STM32H7xx_HAL_Driver/Src/stm32h7xx_hal_tim_ex.o
                0x00000000080078dc                HAL_TIMEx_CommutHalfCpltCallback
 .text.HAL_TIMEx_BreakCallback
                0x00000000080078f0       0x14 ./Drivers/STM32H7xx_HAL_Driver/Src/stm32h7xx_hal_tim_ex.o
                0x00000000080078f0                HAL_TIMEx_BreakCallback
 .text.HAL_TIMEx_Break2Callback
                0x0000000008007904       0x14 ./Drivers/STM32H7xx_HAL_Driver/Src/stm32h7xx_hal_tim_ex.o
                0x0000000008007904                HAL_TIMEx_Break2Callback
 .text.HAL_UART_Init
                0x0000000008007918       0xa0 ./Drivers/STM32H7xx_HAL_Driver/Src/stm32h7xx_hal_uart.o
                0x0000000008007918                HAL_UART_Init
 .text.UART_SetConfig
                0x00000000080079b8      0xcbc ./Drivers/STM32H7xx_HAL_Driver/Src/stm32h7xx_hal_uart.o
                0x00000000080079b8                UART_SetConfig
 .text.UART_AdvFeatureConfig
                0x0000000008008674      0x144 ./Drivers/STM32H7xx_HAL_Driver/Src/stm32h7xx_hal_uart.o
                0x0000000008008674                UART_AdvFeatureConfig
 .text.UART_CheckIdleState
                0x00000000080087b8       0x96 ./Drivers/STM32H7xx_HAL_Driver/Src/stm32h7xx_hal_uart.o
                0x00000000080087b8                UART_CheckIdleState
 .text.UART_WaitOnFlagUntilTimeout
                0x000000000800884e      0x190 ./Drivers/STM32H7xx_HAL_Driver/Src/stm32h7xx_hal_uart.o
                0x000000000800884e                UART_WaitOnFlagUntilTimeout
 .text.HAL_UARTEx_DisableFifoMode
                0x00000000080089de       0x72 ./Drivers/STM32H7xx_HAL_Driver/Src/stm32h7xx_hal_uart_ex.o
                0x00000000080089de                HAL_UARTEx_DisableFifoMode
 .text.HAL_UARTEx_SetTxFifoThreshold
                0x0000000008008a50       0x7c ./Drivers/STM32H7xx_HAL_Driver/Src/stm32h7xx_hal_uart_ex.o
                0x0000000008008a50                HAL_UARTEx_SetTxFifoThreshold
 .text.HAL_UARTEx_SetRxFifoThreshold
                0x0000000008008acc       0x7c ./Drivers/STM32H7xx_HAL_Driver/Src/stm32h7xx_hal_uart_ex.o
                0x0000000008008acc                HAL_UARTEx_SetRxFifoThreshold
 .text.UARTEx_SetNbDataToProcess
                0x0000000008008b48       0x9c ./Drivers/STM32H7xx_HAL_Driver/Src/stm32h7xx_hal_uart_ex.o
 .text.SDMMC_Init
                0x0000000008008be4       0x54 ./Drivers/STM32H7xx_HAL_Driver/Src/stm32h7xx_ll_sdmmc.o
                0x0000000008008be4                SDMMC_Init
 .text.SDMMC_ReadFIFO
                0x0000000008008c38       0x1a ./Drivers/STM32H7xx_HAL_Driver/Src/stm32h7xx_ll_sdmmc.o
                0x0000000008008c38                SDMMC_ReadFIFO
 .text.SDMMC_WriteFIFO
                0x0000000008008c52       0x22 ./Drivers/STM32H7xx_HAL_Driver/Src/stm32h7xx_ll_sdmmc.o
                0x0000000008008c52                SDMMC_WriteFIFO
 .text.SDMMC_PowerState_ON
                0x0000000008008c74       0x22 ./Drivers/STM32H7xx_HAL_Driver/Src/stm32h7xx_ll_sdmmc.o
                0x0000000008008c74                SDMMC_PowerState_ON
 .text.SDMMC_GetPowerState
                0x0000000008008c96       0x1c ./Drivers/STM32H7xx_HAL_Driver/Src/stm32h7xx_ll_sdmmc.o
                0x0000000008008c96                SDMMC_GetPowerState
 *fill*         0x0000000008008cb2        0x2 
 .text.SDMMC_SendCommand
                0x0000000008008cb4       0x54 ./Drivers/STM32H7xx_HAL_Driver/Src/stm32h7xx_ll_sdmmc.o
                0x0000000008008cb4                SDMMC_SendCommand
 .text.SDMMC_GetCommandResponse
                0x0000000008008d08       0x1a ./Drivers/STM32H7xx_HAL_Driver/Src/stm32h7xx_ll_sdmmc.o
                0x0000000008008d08                SDMMC_GetCommandResponse
 .text.SDMMC_GetResponse
                0x0000000008008d22       0x26 ./Drivers/STM32H7xx_HAL_Driver/Src/stm32h7xx_ll_sdmmc.o
                0x0000000008008d22                SDMMC_GetResponse
 .text.SDMMC_ConfigData
                0x0000000008008d48       0x58 ./Drivers/STM32H7xx_HAL_Driver/Src/stm32h7xx_ll_sdmmc.o
                0x0000000008008d48                SDMMC_ConfigData
 .text.SDMMC_CmdBlockLength
                0x0000000008008da0       0x46 ./Drivers/STM32H7xx_HAL_Driver/Src/stm32h7xx_ll_sdmmc.o
                0x0000000008008da0                SDMMC_CmdBlockLength
 .text.SDMMC_CmdReadSingleBlock
                0x0000000008008de6       0x46 ./Drivers/STM32H7xx_HAL_Driver/Src/stm32h7xx_ll_sdmmc.o
                0x0000000008008de6                SDMMC_CmdReadSingleBlock
 .text.SDMMC_CmdReadMultiBlock
                0x0000000008008e2c       0x46 ./Drivers/STM32H7xx_HAL_Driver/Src/stm32h7xx_ll_sdmmc.o
                0x0000000008008e2c                SDMMC_CmdReadMultiBlock
 .text.SDMMC_CmdWriteSingleBlock
                0x0000000008008e72       0x46 ./Drivers/STM32H7xx_HAL_Driver/Src/stm32h7xx_ll_sdmmc.o
                0x0000000008008e72                SDMMC_CmdWriteSingleBlock
 .text.SDMMC_CmdWriteMultiBlock
                0x0000000008008eb8       0x46 ./Drivers/STM32H7xx_HAL_Driver/Src/stm32h7xx_ll_sdmmc.o
                0x0000000008008eb8                SDMMC_CmdWriteMultiBlock
 *fill*         0x0000000008008efe        0x2 
 .text.SDMMC_CmdStopTransfer
                0x0000000008008f00       0x78 ./Drivers/STM32H7xx_HAL_Driver/Src/stm32h7xx_ll_sdmmc.o
                0x0000000008008f00                SDMMC_CmdStopTransfer
 .text.SDMMC_CmdSelDesel
                0x0000000008008f78       0x46 ./Drivers/STM32H7xx_HAL_Driver/Src/stm32h7xx_ll_sdmmc.o
                0x0000000008008f78                SDMMC_CmdSelDesel
 .text.SDMMC_CmdGoIdleState
                0x0000000008008fbe       0x3c ./Drivers/STM32H7xx_HAL_Driver/Src/stm32h7xx_ll_sdmmc.o
                0x0000000008008fbe                SDMMC_CmdGoIdleState
 .text.SDMMC_CmdOperCond
                0x0000000008008ffa       0x40 ./Drivers/STM32H7xx_HAL_Driver/Src/stm32h7xx_ll_sdmmc.o
                0x0000000008008ffa                SDMMC_CmdOperCond
 .text.SDMMC_CmdAppCommand
                0x000000000800903a       0x46 ./Drivers/STM32H7xx_HAL_Driver/Src/stm32h7xx_ll_sdmmc.o
                0x000000000800903a                SDMMC_CmdAppCommand
 .text.SDMMC_CmdAppOperCommand
                0x0000000008009080       0x40 ./Drivers/STM32H7xx_HAL_Driver/Src/stm32h7xx_ll_sdmmc.o
                0x0000000008009080                SDMMC_CmdAppOperCommand
 .text.SDMMC_CmdBusWidth
                0x00000000080090c0       0x46 ./Drivers/STM32H7xx_HAL_Driver/Src/stm32h7xx_ll_sdmmc.o
                0x00000000080090c0                SDMMC_CmdBusWidth
 .text.SDMMC_CmdSendSCR
                0x0000000008009106       0x44 ./Drivers/STM32H7xx_HAL_Driver/Src/stm32h7xx_ll_sdmmc.o
                0x0000000008009106                SDMMC_CmdSendSCR
 .text.SDMMC_CmdSendCID
                0x000000000800914a       0x3e ./Drivers/STM32H7xx_HAL_Driver/Src/stm32h7xx_ll_sdmmc.o
                0x000000000800914a                SDMMC_CmdSendCID
 .text.SDMMC_CmdSendCSD
                0x0000000008009188       0x40 ./Drivers/STM32H7xx_HAL_Driver/Src/stm32h7xx_ll_sdmmc.o
                0x0000000008009188                SDMMC_CmdSendCSD
 .text.SDMMC_CmdSetRelAdd
                0x00000000080091c8       0x44 ./Drivers/STM32H7xx_HAL_Driver/Src/stm32h7xx_ll_sdmmc.o
                0x00000000080091c8                SDMMC_CmdSetRelAdd
 .text.SDMMC_CmdSendStatus
                0x000000000800920c       0x46 ./Drivers/STM32H7xx_HAL_Driver/Src/stm32h7xx_ll_sdmmc.o
                0x000000000800920c                SDMMC_CmdSendStatus
 .text.SDMMC_CmdStatusRegister
                0x0000000008009252       0x44 ./Drivers/STM32H7xx_HAL_Driver/Src/stm32h7xx_ll_sdmmc.o
                0x0000000008009252                SDMMC_CmdStatusRegister
 *fill*         0x0000000008009296        0x2 
 .text.SDMMC_GetCmdResp1
                0x0000000008009298      0x1e4 ./Drivers/STM32H7xx_HAL_Driver/Src/stm32h7xx_ll_sdmmc.o
                0x0000000008009298                SDMMC_GetCmdResp1
 .text.SDMMC_GetCmdResp2
                0x000000000800947c       0x94 ./Drivers/STM32H7xx_HAL_Driver/Src/stm32h7xx_ll_sdmmc.o
                0x000000000800947c                SDMMC_GetCmdResp2
 .text.SDMMC_GetCmdResp3
                0x0000000008009510       0x80 ./Drivers/STM32H7xx_HAL_Driver/Src/stm32h7xx_ll_sdmmc.o
                0x0000000008009510                SDMMC_GetCmdResp3
 .text.SDMMC_GetCmdResp6
                0x0000000008009590       0xf0 ./Drivers/STM32H7xx_HAL_Driver/Src/stm32h7xx_ll_sdmmc.o
                0x0000000008009590                SDMMC_GetCmdResp6
 .text.SDMMC_GetCmdResp7
                0x0000000008009680       0x9c ./Drivers/STM32H7xx_HAL_Driver/Src/stm32h7xx_ll_sdmmc.o
                0x0000000008009680                SDMMC_GetCmdResp7
 .text.SDMMC_GetCmdError
                0x000000000800971c       0x5c ./Drivers/STM32H7xx_HAL_Driver/Src/stm32h7xx_ll_sdmmc.o
 .text.MX_FATFS_Init
                0x0000000008009778       0x24 ./FATFS/App/fatfs.o
                0x0000000008009778                MX_FATFS_Init
 .text.get_fattime
                0x000000000800979c       0x10 ./FATFS/App/fatfs.o
                0x000000000800979c                get_fattime
 .text.BSP_SD_Init
                0x00000000080097ac       0x4c ./FATFS/Target/bsp_driver_sd.o
                0x00000000080097ac                BSP_SD_Init
 .text.BSP_SD_ReadBlocks
                0x00000000080097f8       0x3c ./FATFS/Target/bsp_driver_sd.o
                0x00000000080097f8                BSP_SD_ReadBlocks
 .text.BSP_SD_WriteBlocks
                0x0000000008009834       0x3c ./FATFS/Target/bsp_driver_sd.o
                0x0000000008009834                BSP_SD_WriteBlocks
 .text.BSP_SD_GetCardState
                0x0000000008009870       0x20 ./FATFS/Target/bsp_driver_sd.o
                0x0000000008009870                BSP_SD_GetCardState
 .text.BSP_SD_GetCardInfo
                0x0000000008009890       0x1c ./FATFS/Target/bsp_driver_sd.o
                0x0000000008009890                BSP_SD_GetCardInfo
 .text.HAL_SD_TxCpltCallback
                0x00000000080098ac       0x14 ./FATFS/Target/bsp_driver_sd.o
                0x00000000080098ac                HAL_SD_TxCpltCallback
 .text.HAL_SD_RxCpltCallback
                0x00000000080098c0       0x14 ./FATFS/Target/bsp_driver_sd.o
                0x00000000080098c0                HAL_SD_RxCpltCallback
 .text.BSP_SD_WriteCpltCallback
                0x00000000080098d4        0xe ./FATFS/Target/bsp_driver_sd.o
                0x00000000080098d4                BSP_SD_WriteCpltCallback
 .text.BSP_SD_ReadCpltCallback
                0x00000000080098e2        0xe ./FATFS/Target/bsp_driver_sd.o
                0x00000000080098e2                BSP_SD_ReadCpltCallback
 .text.BSP_SD_IsDetected
                0x00000000080098f0       0x24 ./FATFS/Target/bsp_driver_sd.o
                0x00000000080098f0                BSP_SD_IsDetected
 .text.BSP_PlatformIsDetected
                0x0000000008009914       0x2c ./FATFS/Target/fatfs_platform.o
                0x0000000008009914                BSP_PlatformIsDetected
 .text.SD_CheckStatus
                0x0000000008009940       0x3c ./FATFS/Target/sd_diskio.o
 .text.SD_initialize
                0x000000000800997c       0x3c ./FATFS/Target/sd_diskio.o
                0x000000000800997c                SD_initialize
 .text.SD_status
                0x00000000080099b8       0x1c ./FATFS/Target/sd_diskio.o
                0x00000000080099b8                SD_status
 .text.SD_read  0x00000000080099d4       0x42 ./FATFS/Target/sd_diskio.o
                0x00000000080099d4                SD_read
 .text.SD_write
                0x0000000008009a16       0x42 ./FATFS/Target/sd_diskio.o
                0x0000000008009a16                SD_write
 .text.SD_ioctl
                0x0000000008009a58       0xb0 ./FATFS/Target/sd_diskio.o
                0x0000000008009a58                SD_ioctl
 .text.disk_status
                0x0000000008009b08       0x34 ./Middlewares/Third_Party/FatFs/src/diskio.o
                0x0000000008009b08                disk_status
 .text.disk_initialize
                0x0000000008009b3c       0x4c ./Middlewares/Third_Party/FatFs/src/diskio.o
                0x0000000008009b3c                disk_initialize
 .text.disk_read
                0x0000000008009b88       0x40 ./Middlewares/Third_Party/FatFs/src/diskio.o
                0x0000000008009b88                disk_read
 .text.disk_write
                0x0000000008009bc8       0x40 ./Middlewares/Third_Party/FatFs/src/diskio.o
                0x0000000008009bc8                disk_write
 .text.disk_ioctl
                0x0000000008009c08       0x3c ./Middlewares/Third_Party/FatFs/src/diskio.o
                0x0000000008009c08                disk_ioctl
 .text.ld_word  0x0000000008009c44       0x30 ./Middlewares/Third_Party/FatFs/src/ff.o
 .text.ld_dword
                0x0000000008009c74       0x46 ./Middlewares/Third_Party/FatFs/src/ff.o
 .text.st_word  0x0000000008009cba       0x36 ./Middlewares/Third_Party/FatFs/src/ff.o
 .text.st_dword
                0x0000000008009cf0       0x58 ./Middlewares/Third_Party/FatFs/src/ff.o
 .text.mem_cpy  0x0000000008009d48       0x42 ./Middlewares/Third_Party/FatFs/src/ff.o
 .text.mem_set  0x0000000008009d8a       0x36 ./Middlewares/Third_Party/FatFs/src/ff.o
 .text.mem_cmp  0x0000000008009dc0       0x4e ./Middlewares/Third_Party/FatFs/src/ff.o
 .text.chk_chr  0x0000000008009e0e       0x36 ./Middlewares/Third_Party/FatFs/src/ff.o
 .text.chk_lock
                0x0000000008009e44       0xb8 ./Middlewares/Third_Party/FatFs/src/ff.o
 .text.enq_lock
                0x0000000008009efc       0x44 ./Middlewares/Third_Party/FatFs/src/ff.o
 .text.inc_lock
                0x0000000008009f40      0x11c ./Middlewares/Third_Party/FatFs/src/ff.o
 .text.dec_lock
                0x000000000800a05c       0x78 ./Middlewares/Third_Party/FatFs/src/ff.o
 .text.clear_lock
                0x000000000800a0d4       0x48 ./Middlewares/Third_Party/FatFs/src/ff.o
 .text.sync_window
                0x000000000800a11c       0x88 ./Middlewares/Third_Party/FatFs/src/ff.o
 .text.move_window
                0x000000000800a1a4       0x5a ./Middlewares/Third_Party/FatFs/src/ff.o
 *fill*         0x000000000800a1fe        0x2 
 .text.sync_fs  0x000000000800a200       0xdc ./Middlewares/Third_Party/FatFs/src/ff.o
 .text.clust2sect
                0x000000000800a2dc       0x3e ./Middlewares/Third_Party/FatFs/src/ff.o
 .text.get_fat  0x000000000800a31a      0x150 ./Middlewares/Third_Party/FatFs/src/ff.o
 .text.put_fat  0x000000000800a46a      0x1d8 ./Middlewares/Third_Party/FatFs/src/ff.o
 .text.remove_chain
                0x000000000800a642       0xca ./Middlewares/Third_Party/FatFs/src/ff.o
 .text.create_chain
                0x000000000800a70c      0x130 ./Middlewares/Third_Party/FatFs/src/ff.o
 .text.clmt_clust
                0x000000000800a83c       0x68 ./Middlewares/Third_Party/FatFs/src/ff.o
 .text.dir_sdi  0x000000000800a8a4       0xf6 ./Middlewares/Third_Party/FatFs/src/ff.o
 .text.dir_next
                0x000000000800a99a      0x18a ./Middlewares/Third_Party/FatFs/src/ff.o
 .text.dir_alloc
                0x000000000800ab24       0x8e ./Middlewares/Third_Party/FatFs/src/ff.o
 .text.ld_clust
                0x000000000800abb2       0x3e ./Middlewares/Third_Party/FatFs/src/ff.o
 .text.st_clust
                0x000000000800abf0       0x40 ./Middlewares/Third_Party/FatFs/src/ff.o
 .text.dir_find
                0x000000000800ac30       0xaa ./Middlewares/Third_Party/FatFs/src/ff.o
 .text.dir_register
                0x000000000800acda       0x64 ./Middlewares/Third_Party/FatFs/src/ff.o
 *fill*         0x000000000800ad3e        0x2 
 .text.create_name
                0x000000000800ad40      0x128 ./Middlewares/Third_Party/FatFs/src/ff.o
 .text.follow_path
                0x000000000800ae68       0xe2 ./Middlewares/Third_Party/FatFs/src/ff.o
 .text.get_ldnumber
                0x000000000800af4a       0x88 ./Middlewares/Third_Party/FatFs/src/ff.o
 *fill*         0x000000000800afd2        0x2 
 .text.check_fs
                0x000000000800afd4       0xac ./Middlewares/Third_Party/FatFs/src/ff.o
 .text.find_volume
                0x000000000800b080      0x498 ./Middlewares/Third_Party/FatFs/src/ff.o
 .text.validate
                0x000000000800b518       0x6a ./Middlewares/Third_Party/FatFs/src/ff.o
 *fill*         0x000000000800b582        0x2 
 .text.f_mount  0x000000000800b584       0x8c ./Middlewares/Third_Party/FatFs/src/ff.o
                0x000000000800b584                f_mount
 .text.f_open   0x000000000800b610      0x37c ./Middlewares/Third_Party/FatFs/src/ff.o
                0x000000000800b610                f_open
 .text.f_write  0x000000000800b98c      0x2ea ./Middlewares/Third_Party/FatFs/src/ff.o
                0x000000000800b98c                f_write
 .text.f_sync   0x000000000800bc76       0xfc ./Middlewares/Third_Party/FatFs/src/ff.o
                0x000000000800bc76                f_sync
 .text.f_close  0x000000000800bd72       0x54 ./Middlewares/Third_Party/FatFs/src/ff.o
                0x000000000800bd72                f_close
 *fill*         0x000000000800bdc6        0x2 
 .text.f_mkfs   0x000000000800bdc8      0x858 ./Middlewares/Third_Party/FatFs/src/ff.o
                0x000000000800bdc8                f_mkfs
 .text.FATFS_LinkDriverEx
                0x000000000800c620       0x98 ./Middlewares/Third_Party/FatFs/src/ff_gen_drv.o
                0x000000000800c620                FATFS_LinkDriverEx
 .text.FATFS_LinkDriver
                0x000000000800c6b8       0x1e ./Middlewares/Third_Party/FatFs/src/ff_gen_drv.o
                0x000000000800c6b8                FATFS_LinkDriver
 *fill*         0x000000000800c6d6        0x2 
 .text.__libc_init_array
                0x000000000800c6d8       0x48 c:/st/stm32cubeide_1.8.0/stm32cubeide/plugins/com.st.stm32cube.ide.mcu.externaltools.gnu-tools-for-stm32.9-2020-q2-update.win32_2.0.0.202105311346/tools/bin/../lib/gcc/arm-none-eabi/9.3.1/../../../../arm-none-eabi/lib/thumb/v7e-m+dp/hard\libc_nano.a(lib_a-init.o)
                0x000000000800c6d8                __libc_init_array
 .text.memcpy   0x000000000800c720       0x1c c:/st/stm32cubeide_1.8.0/stm32cubeide/plugins/com.st.stm32cube.ide.mcu.externaltools.gnu-tools-for-stm32.9-2020-q2-update.win32_2.0.0.202105311346/tools/bin/../lib/gcc/arm-none-eabi/9.3.1/../../../../arm-none-eabi/lib/thumb/v7e-m+dp/hard\libc_nano.a(lib_a-memcpy-stub.o)
                0x000000000800c720                memcpy
 .text.memset   0x000000000800c73c       0x10 c:/st/stm32cubeide_1.8.0/stm32cubeide/plugins/com.st.stm32cube.ide.mcu.externaltools.gnu-tools-for-stm32.9-2020-q2-update.win32_2.0.0.202105311346/tools/bin/../lib/gcc/arm-none-eabi/9.3.1/../../../../arm-none-eabi/lib/thumb/v7e-m+dp/hard\libc_nano.a(lib_a-memset.o)
                0x000000000800c73c                memset
 *(.glue_7)
 .glue_7        0x000000000800c74c        0x0 linker stubs
 *(.glue_7t)
 .glue_7t       0x000000000800c74c        0x0 linker stubs
 *(.eh_frame)
 .eh_frame      0x000000000800c74c        0x0 c:/st/stm32cubeide_1.8.0/stm32cubeide/plugins/com.st.stm32cube.ide.mcu.externaltools.gnu-tools-for-stm32.9-2020-q2-update.win32_2.0.0.202105311346/tools/bin/../lib/gcc/arm-none-eabi/9.3.1/thumb/v7e-m+dp/hard/crtbegin.o
 *(.init)
 .init          0x000000000800c74c        0x4 c:/st/stm32cubeide_1.8.0/stm32cubeide/plugins/com.st.stm32cube.ide.mcu.externaltools.gnu-tools-for-stm32.9-2020-q2-update.win32_2.0.0.202105311346/tools/bin/../lib/gcc/arm-none-eabi/9.3.1/thumb/v7e-m+dp/hard/crti.o
                0x000000000800c74c                _init
 .init          0x000000000800c750        0x8 c:/st/stm32cubeide_1.8.0/stm32cubeide/plugins/com.st.stm32cube.ide.mcu.externaltools.gnu-tools-for-stm32.9-2020-q2-update.win32_2.0.0.202105311346/tools/bin/../lib/gcc/arm-none-eabi/9.3.1/thumb/v7e-m+dp/hard/crtn.o
 *(.fini)
 .fini          0x000000000800c758        0x4 c:/st/stm32cubeide_1.8.0/stm32cubeide/plugins/com.st.stm32cube.ide.mcu.externaltools.gnu-tools-for-stm32.9-2020-q2-update.win32_2.0.0.202105311346/tools/bin/../lib/gcc/arm-none-eabi/9.3.1/thumb/v7e-m+dp/hard/crti.o
                0x000000000800c758                _fini
 .fini          0x000000000800c75c        0x8 c:/st/stm32cubeide_1.8.0/stm32cubeide/plugins/com.st.stm32cube.ide.mcu.externaltools.gnu-tools-for-stm32.9-2020-q2-update.win32_2.0.0.202105311346/tools/bin/../lib/gcc/arm-none-eabi/9.3.1/thumb/v7e-m+dp/hard/crtn.o
                0x000000000800c764                . = ALIGN (0x4)
                0x000000000800c764                _etext = .

.vfp11_veneer   0x000000000800c764        0x0
 .vfp11_veneer  0x000000000800c764        0x0 linker stubs

.v4_bx          0x000000000800c764        0x0
 .v4_bx         0x000000000800c764        0x0 linker stubs

.iplt           0x000000000800c764        0x0
 .iplt          0x000000000800c764        0x0 c:/st/stm32cubeide_1.8.0/stm32cubeide/plugins/com.st.stm32cube.ide.mcu.externaltools.gnu-tools-for-stm32.9-2020-q2-update.win32_2.0.0.202105311346/tools/bin/../lib/gcc/arm-none-eabi/9.3.1/thumb/v7e-m+dp/hard/crtbegin.o

.rodata         0x000000000800c764      0x13c
                0x000000000800c764                . = ALIGN (0x4)
 *(.rodata)
 .rodata        0x000000000800c764        0xb ./Core/Src/main.o
 *fill*         0x000000000800c76f        0x1 
 .rodata        0x000000000800c770       0x44 ./Middlewares/Third_Party/FatFs/src/ff.o
 *(.rodata*)
 .rodata.D1CorePrescTable
                0x000000000800c7b4       0x10 ./Core/Src/system_stm32h7xx.o
                0x000000000800c7b4                D1CorePrescTable
 .rodata.UARTPrescTable
                0x000000000800c7c4       0x18 ./Drivers/STM32H7xx_HAL_Driver/Src/stm32h7xx_hal_uart.o
                0x000000000800c7c4                UARTPrescTable
 .rodata.numerator.11443
                0x000000000800c7dc        0x8 ./Drivers/STM32H7xx_HAL_Driver/Src/stm32h7xx_hal_uart_ex.o
 .rodata.denominator.11444
                0x000000000800c7e4        0x8 ./Drivers/STM32H7xx_HAL_Driver/Src/stm32h7xx_hal_uart_ex.o
 .rodata.SD_Driver
                0x000000000800c7ec       0x14 ./FATFS/Target/sd_diskio.o
                0x000000000800c7ec                SD_Driver
 .rodata.ExCvt  0x000000000800c800       0x80 ./Middlewares/Third_Party/FatFs/src/ff.o
 .rodata.cst32.12547
                0x000000000800c880        0xe ./Middlewares/Third_Party/FatFs/src/ff.o
 *fill*         0x000000000800c88e        0x2 
 .rodata.cst.12546
                0x000000000800c890        0xe ./Middlewares/Third_Party/FatFs/src/ff.o
                0x000000000800c8a0                . = ALIGN (0x4)
 *fill*         0x000000000800c89e        0x2 

.ARM.extab
 *(.ARM.extab* .gnu.linkonce.armextab.*)

.ARM            0x000000000800c8a0        0x8
                0x000000000800c8a0                __exidx_start = .
 *(.ARM.exidx*)
 .ARM.exidx     0x000000000800c8a0        0x8 c:/st/stm32cubeide_1.8.0/stm32cubeide/plugins/com.st.stm32cube.ide.mcu.externaltools.gnu-tools-for-stm32.9-2020-q2-update.win32_2.0.0.202105311346/tools/bin/../lib/gcc/arm-none-eabi/9.3.1/thumb/v7e-m+dp/hard\libgcc.a(_udivmoddi4.o)
                0x000000000800c8a8                __exidx_end = .

.rel.dyn        0x000000000800c8a8        0x0
 .rel.iplt      0x000000000800c8a8        0x0 c:/st/stm32cubeide_1.8.0/stm32cubeide/plugins/com.st.stm32cube.ide.mcu.externaltools.gnu-tools-for-stm32.9-2020-q2-update.win32_2.0.0.202105311346/tools/bin/../lib/gcc/arm-none-eabi/9.3.1/thumb/v7e-m+dp/hard/crtbegin.o

.preinit_array  0x000000000800c8a8        0x0
                0x000000000800c8a8                PROVIDE (__preinit_array_start = .)
 *(.preinit_array*)
                0x000000000800c8a8                PROVIDE (__preinit_array_end = .)

.init_array     0x000000000800c8a8        0x4
                0x000000000800c8a8                PROVIDE (__init_array_start = .)
 *(SORT_BY_NAME(.init_array.*))
 *(.init_array*)
 .init_array    0x000000000800c8a8        0x4 c:/st/stm32cubeide_1.8.0/stm32cubeide/plugins/com.st.stm32cube.ide.mcu.externaltools.gnu-tools-for-stm32.9-2020-q2-update.win32_2.0.0.202105311346/tools/bin/../lib/gcc/arm-none-eabi/9.3.1/thumb/v7e-m+dp/hard/crtbegin.o
                0x000000000800c8ac                PROVIDE (__init_array_end = .)

.fini_array     0x000000000800c8ac        0x4
                [!provide]                        PROVIDE (__fini_array_start = .)
 *(SORT_BY_NAME(.fini_array.*))
 *(.fini_array*)
 .fini_array    0x000000000800c8ac        0x4 c:/st/stm32cubeide_1.8.0/stm32cubeide/plugins/com.st.stm32cube.ide.mcu.externaltools.gnu-tools-for-stm32.9-2020-q2-update.win32_2.0.0.202105311346/tools/bin/../lib/gcc/arm-none-eabi/9.3.1/thumb/v7e-m+dp/hard/crtbegin.o
                [!provide]                        PROVIDE (__fini_array_end = .)
                0x000000000800c8b0                _sidata = LOADADDR (.data)

.data           0x0000000024000000       0x14 load address 0x000000000800c8b0
                0x0000000024000000                . = ALIGN (0x4)
                0x0000000024000000                _sdata = .
 *(.data)
 *(.data*)
 .data.file_name
                0x0000000024000000        0x4 ./Core/Src/main.o
                0x0000000024000000                file_name
 .data.SystemCoreClock
                0x0000000024000004        0x4 ./Core/Src/system_stm32h7xx.o
                0x0000000024000004                SystemCoreClock
 .data.SystemD2Clock
                0x0000000024000008        0x4 ./Core/Src/system_stm32h7xx.o
                0x0000000024000008                SystemD2Clock
 .data.uwTickPrio
                0x000000002400000c        0x4 ./Drivers/STM32H7xx_HAL_Driver/Src/stm32h7xx_hal.o
                0x000000002400000c                uwTickPrio
 .data.uwTickFreq
                0x0000000024000010        0x1 ./Drivers/STM32H7xx_HAL_Driver/Src/stm32h7xx_hal.o
                0x0000000024000010                uwTickFreq
 .data.Stat     0x0000000024000011        0x1 ./FATFS/Target/sd_diskio.o
 *(.RamFunc)
 *(.RamFunc*)
                0x0000000024000014                . = ALIGN (0x4)
 *fill*         0x0000000024000012        0x2 
                0x0000000024000014                _edata = .

.igot.plt       0x0000000024000014        0x0 load address 0x000000000800c8c4
 .igot.plt      0x0000000024000014        0x0 c:/st/stm32cubeide_1.8.0/stm32cubeide/plugins/com.st.stm32cube.ide.mcu.externaltools.gnu-tools-for-stm32.9-2020-q2-update.win32_2.0.0.202105311346/tools/bin/../lib/gcc/arm-none-eabi/9.3.1/thumb/v7e-m+dp/hard/crtbegin.o
                0x0000000024000014                . = ALIGN (0x4)

.bss            0x0000000024000014      0x7b0 load address 0x000000000800c8c4
                0x0000000024000014                _sbss = .
                0x0000000024000014                __bss_start__ = _sbss
 *(.bss)
 .bss           0x0000000024000014       0x1c c:/st/stm32cubeide_1.8.0/stm32cubeide/plugins/com.st.stm32cube.ide.mcu.externaltools.gnu-tools-for-stm32.9-2020-q2-update.win32_2.0.0.202105311346/tools/bin/../lib/gcc/arm-none-eabi/9.3.1/thumb/v7e-m+dp/hard/crtbegin.o
 *(.bss*)
 .bss.StartADCFlag
                0x0000000024000030        0x4 ./Core/Src/main.o
                0x0000000024000030                StartADCFlag
 .bss.FatFs     0x0000000024000034        0x4 ./Middlewares/Third_Party/FatFs/src/ff.o
 .bss.Fsid      0x0000000024000038        0x2 ./Middlewares/Third_Party/FatFs/src/ff.o
 *fill*         0x000000002400003a        0x2 
 .bss.Files     0x000000002400003c       0x20 ./Middlewares/Third_Party/FatFs/src/ff.o
 .bss.disk      0x000000002400005c        0xc ./Middlewares/Third_Party/FatFs/src/ff_gen_drv.o
                0x000000002400005c                disk
 *(COMMON)
 COMMON         0x0000000024000068      0x2f0 ./Core/Src/main.o
                0x0000000024000068                huart3
                0x00000000240000f8                hsd1
                0x0000000024000174                htim14
                0x0000000024000230                htim7
                0x00000000240002ec                hmdma_mdma_channel40_sdmmc1_dma_endbuffer_0
 COMMON         0x0000000024000358        0x4 ./Drivers/STM32H7xx_HAL_Driver/Src/stm32h7xx_hal.o
                0x0000000024000358                uwTick
 COMMON         0x000000002400035c      0x468 ./FATFS/App/fatfs.o
                0x000000002400035c                retSD
                0x0000000024000360                SDPath
                0x0000000024000364                SDFile
                0x0000000024000594                SDFatFS
                0x00000000240007c4                . = ALIGN (0x4)
                0x00000000240007c4                _ebss = .
                0x00000000240007c4                __bss_end__ = _ebss

._user_heap_stack
                0x00000000240007c4      0x604 load address 0x000000000800c8c4
                0x00000000240007c8                . = ALIGN (0x8)
 *fill*         0x00000000240007c4        0x4 
                [!provide]                        PROVIDE (end = .)
                0x00000000240007c8                PROVIDE (_end = .)
                0x00000000240009c8                . = (. + _Min_Heap_Size)
 *fill*         0x00000000240007c8      0x200 
                0x0000000024000dc8                . = (. + _Min_Stack_Size)
 *fill*         0x00000000240009c8      0x400 
                0x0000000024000dc8                . = ALIGN (0x8)

/DISCARD/
 libc.a(*)
 libm.a(*)
 libgcc.a(*)

.ARM.attributes
                0x0000000000000000       0x2e
 *(.ARM.attributes)
 .ARM.attributes
                0x0000000000000000       0x1e c:/st/stm32cubeide_1.8.0/stm32cubeide/plugins/com.st.stm32cube.ide.mcu.externaltools.gnu-tools-for-stm32.9-2020-q2-update.win32_2.0.0.202105311346/tools/bin/../lib/gcc/arm-none-eabi/9.3.1/thumb/v7e-m+dp/hard/crti.o
 .ARM.attributes
                0x000000000000001e       0x32 c:/st/stm32cubeide_1.8.0/stm32cubeide/plugins/com.st.stm32cube.ide.mcu.externaltools.gnu-tools-for-stm32.9-2020-q2-update.win32_2.0.0.202105311346/tools/bin/../lib/gcc/arm-none-eabi/9.3.1/thumb/v7e-m+dp/hard/crtbegin.o
 .ARM.attributes
                0x0000000000000050       0x32 ./Core/Src/ADS8588H.o
 .ARM.attributes
                0x0000000000000082       0x32 ./Core/Src/HelperCommands.o
 .ARM.attributes
                0x00000000000000b4       0x32 ./Core/Src/SDInterface.o
 .ARM.attributes
                0x00000000000000e6       0x32 ./Core/Src/main.o
 .ARM.attributes
                0x0000000000000118       0x32 ./Core/Src/stm32h7xx_hal_msp.o
 .ARM.attributes
                0x000000000000014a       0x32 ./Core/Src/stm32h7xx_it.o
 .ARM.attributes
                0x000000000000017c       0x32 ./Core/Src/system_stm32h7xx.o
 .ARM.attributes
                0x00000000000001ae       0x21 ./Core/Startup/startup_stm32h723zgtx.o
 .ARM.attributes
                0x00000000000001cf       0x32 ./Drivers/STM32H7xx_HAL_Driver/Src/stm32h7xx_hal.o
 .ARM.attributes
                0x0000000000000201       0x32 ./Drivers/STM32H7xx_HAL_Driver/Src/stm32h7xx_hal_cortex.o
 .ARM.attributes
                0x0000000000000233       0x32 ./Drivers/STM32H7xx_HAL_Driver/Src/stm32h7xx_hal_gpio.o
 .ARM.attributes
                0x0000000000000265       0x32 ./Drivers/STM32H7xx_HAL_Driver/Src/stm32h7xx_hal_mdma.o
 .ARM.attributes
                0x0000000000000297       0x32 ./Drivers/STM32H7xx_HAL_Driver/Src/stm32h7xx_hal_pwr_ex.o
 .ARM.attributes
                0x00000000000002c9       0x32 ./Drivers/STM32H7xx_HAL_Driver/Src/stm32h7xx_hal_rcc.o
 .ARM.attributes
                0x00000000000002fb       0x32 ./Drivers/STM32H7xx_HAL_Driver/Src/stm32h7xx_hal_rcc_ex.o
 .ARM.attributes
                0x000000000000032d       0x32 ./Drivers/STM32H7xx_HAL_Driver/Src/stm32h7xx_hal_sd.o
 .ARM.attributes
                0x000000000000035f       0x32 ./Drivers/STM32H7xx_HAL_Driver/Src/stm32h7xx_hal_tim.o
 .ARM.attributes
                0x0000000000000391       0x32 ./Drivers/STM32H7xx_HAL_Driver/Src/stm32h7xx_hal_tim_ex.o
 .ARM.attributes
                0x00000000000003c3       0x32 ./Drivers/STM32H7xx_HAL_Driver/Src/stm32h7xx_hal_uart.o
 .ARM.attributes
                0x00000000000003f5       0x32 ./Drivers/STM32H7xx_HAL_Driver/Src/stm32h7xx_hal_uart_ex.o
 .ARM.attributes
                0x0000000000000427       0x32 ./Drivers/STM32H7xx_HAL_Driver/Src/stm32h7xx_ll_sdmmc.o
 .ARM.attributes
                0x0000000000000459       0x32 ./FATFS/App/fatfs.o
 .ARM.attributes
                0x000000000000048b       0x32 ./FATFS/Target/bsp_driver_sd.o
 .ARM.attributes
                0x00000000000004bd       0x32 ./FATFS/Target/fatfs_platform.o
 .ARM.attributes
                0x00000000000004ef       0x32 ./FATFS/Target/sd_diskio.o
 .ARM.attributes
                0x0000000000000521       0x32 ./Middlewares/Third_Party/FatFs/src/diskio.o
 .ARM.attributes
                0x0000000000000553       0x32 ./Middlewares/Third_Party/FatFs/src/ff.o
 .ARM.attributes
                0x0000000000000585       0x32 ./Middlewares/Third_Party/FatFs/src/ff_gen_drv.o
 .ARM.attributes
                0x00000000000005b7       0x32 c:/st/stm32cubeide_1.8.0/stm32cubeide/plugins/com.st.stm32cube.ide.mcu.externaltools.gnu-tools-for-stm32.9-2020-q2-update.win32_2.0.0.202105311346/tools/bin/../lib/gcc/arm-none-eabi/9.3.1/../../../../arm-none-eabi/lib/thumb/v7e-m+dp/hard\libc_nano.a(lib_a-init.o)
 .ARM.attributes
                0x00000000000005e9       0x32 c:/st/stm32cubeide_1.8.0/stm32cubeide/plugins/com.st.stm32cube.ide.mcu.externaltools.gnu-tools-for-stm32.9-2020-q2-update.win32_2.0.0.202105311346/tools/bin/../lib/gcc/arm-none-eabi/9.3.1/../../../../arm-none-eabi/lib/thumb/v7e-m+dp/hard\libc_nano.a(lib_a-memcpy-stub.o)
 .ARM.attributes
                0x000000000000061b       0x32 c:/st/stm32cubeide_1.8.0/stm32cubeide/plugins/com.st.stm32cube.ide.mcu.externaltools.gnu-tools-for-stm32.9-2020-q2-update.win32_2.0.0.202105311346/tools/bin/../lib/gcc/arm-none-eabi/9.3.1/../../../../arm-none-eabi/lib/thumb/v7e-m+dp/hard\libc_nano.a(lib_a-memset.o)
 .ARM.attributes
                0x000000000000064d       0x1e c:/st/stm32cubeide_1.8.0/stm32cubeide/plugins/com.st.stm32cube.ide.mcu.externaltools.gnu-tools-for-stm32.9-2020-q2-update.win32_2.0.0.202105311346/tools/bin/../lib/gcc/arm-none-eabi/9.3.1/thumb/v7e-m+dp/hard\libgcc.a(_aeabi_uldivmod.o)
 .ARM.attributes
                0x000000000000066b       0x32 c:/st/stm32cubeide_1.8.0/stm32cubeide/plugins/com.st.stm32cube.ide.mcu.externaltools.gnu-tools-for-stm32.9-2020-q2-update.win32_2.0.0.202105311346/tools/bin/../lib/gcc/arm-none-eabi/9.3.1/thumb/v7e-m+dp/hard\libgcc.a(_udivmoddi4.o)
 .ARM.attributes
                0x000000000000069d       0x1e c:/st/stm32cubeide_1.8.0/stm32cubeide/plugins/com.st.stm32cube.ide.mcu.externaltools.gnu-tools-for-stm32.9-2020-q2-update.win32_2.0.0.202105311346/tools/bin/../lib/gcc/arm-none-eabi/9.3.1/thumb/v7e-m+dp/hard\libgcc.a(_dvmd_tls.o)
 .ARM.attributes
                0x00000000000006bb       0x1e c:/st/stm32cubeide_1.8.0/stm32cubeide/plugins/com.st.stm32cube.ide.mcu.externaltools.gnu-tools-for-stm32.9-2020-q2-update.win32_2.0.0.202105311346/tools/bin/../lib/gcc/arm-none-eabi/9.3.1/thumb/v7e-m+dp/hard/crtn.o
OUTPUT(Working.elf elf32-littlearm)
LOAD linker stubs
LOAD c:/st/stm32cubeide_1.8.0/stm32cubeide/plugins/com.st.stm32cube.ide.mcu.externaltools.gnu-tools-for-stm32.9-2020-q2-update.win32_2.0.0.202105311346/tools/bin/../lib/gcc/arm-none-eabi/9.3.1/../../../../arm-none-eabi/lib/thumb/v7e-m+dp/hard\libc.a
LOAD c:/st/stm32cubeide_1.8.0/stm32cubeide/plugins/com.st.stm32cube.ide.mcu.externaltools.gnu-tools-for-stm32.9-2020-q2-update.win32_2.0.0.202105311346/tools/bin/../lib/gcc/arm-none-eabi/9.3.1/../../../../arm-none-eabi/lib/thumb/v7e-m+dp/hard\libm.a
LOAD c:/st/stm32cubeide_1.8.0/stm32cubeide/plugins/com.st.stm32cube.ide.mcu.externaltools.gnu-tools-for-stm32.9-2020-q2-update.win32_2.0.0.202105311346/tools/bin/../lib/gcc/arm-none-eabi/9.3.1/thumb/v7e-m+dp/hard\libgcc.a

.debug_info     0x0000000000000000    0x30d71
 .debug_info    0x0000000000000000      0xef7 ./Core/Src/ADS8588H.o
 .debug_info    0x0000000000000ef7      0xd4d ./Core/Src/HelperCommands.o
 .debug_info    0x0000000000001c44     0x117d ./Core/Src/SDInterface.o
 .debug_info    0x0000000000002dc1     0x31ac ./Core/Src/main.o
 .debug_info    0x0000000000005f6d     0x2840 ./Core/Src/stm32h7xx_hal_msp.o
 .debug_info    0x00000000000087ad     0x1c15 ./Core/Src/stm32h7xx_it.o
 .debug_info    0x000000000000a3c2     0x15c5 ./Core/Src/system_stm32h7xx.o
 .debug_info    0x000000000000b987       0x22 ./Core/Startup/startup_stm32h723zgtx.o
 .debug_info    0x000000000000b9a9     0x210c ./Drivers/STM32H7xx_HAL_Driver/Src/stm32h7xx_hal.o
 .debug_info    0x000000000000dab5     0x1c07 ./Drivers/STM32H7xx_HAL_Driver/Src/stm32h7xx_hal_cortex.o
 .debug_info    0x000000000000f6bc     0x17f5 ./Drivers/STM32H7xx_HAL_Driver/Src/stm32h7xx_hal_gpio.o
 .debug_info    0x0000000000010eb1     0x1705 ./Drivers/STM32H7xx_HAL_Driver/Src/stm32h7xx_hal_mdma.o
 .debug_info    0x00000000000125b6     0x1919 ./Drivers/STM32H7xx_HAL_Driver/Src/stm32h7xx_hal_pwr_ex.o
 .debug_info    0x0000000000013ecf     0x185e ./Drivers/STM32H7xx_HAL_Driver/Src/stm32h7xx_hal_rcc.o
 .debug_info    0x000000000001572d     0x1ce5 ./Drivers/STM32H7xx_HAL_Driver/Src/stm32h7xx_hal_rcc_ex.o
 .debug_info    0x0000000000017412     0x2279 ./Drivers/STM32H7xx_HAL_Driver/Src/stm32h7xx_hal_sd.o
 .debug_info    0x000000000001968b     0x3b20 ./Drivers/STM32H7xx_HAL_Driver/Src/stm32h7xx_hal_tim.o
 .debug_info    0x000000000001d1ab     0x24d6 ./Drivers/STM32H7xx_HAL_Driver/Src/stm32h7xx_hal_tim_ex.o
 .debug_info    0x000000000001f681     0x558a ./Drivers/STM32H7xx_HAL_Driver/Src/stm32h7xx_hal_uart.o
 .debug_info    0x0000000000024c0b     0x19a9 ./Drivers/STM32H7xx_HAL_Driver/Src/stm32h7xx_hal_uart_ex.o
 .debug_info    0x00000000000265b4     0x1daf ./Drivers/STM32H7xx_HAL_Driver/Src/stm32h7xx_ll_sdmmc.o
 .debug_info    0x0000000000028363      0xfc6 ./FATFS/App/fatfs.o
 .debug_info    0x0000000000029329     0x12a2 ./FATFS/Target/bsp_driver_sd.o
 .debug_info    0x000000000002a5cb      0xc6b ./FATFS/Target/fatfs_platform.o
 .debug_info    0x000000000002b236      0xf51 ./FATFS/Target/sd_diskio.o
 .debug_info    0x000000000002c187      0xf05 ./Middlewares/Third_Party/FatFs/src/diskio.o
 .debug_info    0x000000000002d08c     0x2e4f ./Middlewares/Third_Party/FatFs/src/ff.o
 .debug_info    0x000000000002fedb      0xe96 ./Middlewares/Third_Party/FatFs/src/ff_gen_drv.o

.debug_abbrev   0x0000000000000000     0x4b50
 .debug_abbrev  0x0000000000000000      0x24c ./Core/Src/ADS8588H.o
 .debug_abbrev  0x000000000000024c      0x1fe ./Core/Src/HelperCommands.o
 .debug_abbrev  0x000000000000044a      0x2a4 ./Core/Src/SDInterface.o
 .debug_abbrev  0x00000000000006ee      0x36e ./Core/Src/main.o
 .debug_abbrev  0x0000000000000a5c      0x2b8 ./Core/Src/stm32h7xx_hal_msp.o
 .debug_abbrev  0x0000000000000d14      0x231 ./Core/Src/stm32h7xx_it.o
 .debug_abbrev  0x0000000000000f45      0x251 ./Core/Src/system_stm32h7xx.o
 .debug_abbrev  0x0000000000001196       0x12 ./Core/Startup/startup_stm32h723zgtx.o
 .debug_abbrev  0x00000000000011a8      0x324 ./Drivers/STM32H7xx_HAL_Driver/Src/stm32h7xx_hal.o
 .debug_abbrev  0x00000000000014cc      0x409 ./Drivers/STM32H7xx_HAL_Driver/Src/stm32h7xx_hal_cortex.o
 .debug_abbrev  0x00000000000018d5      0x2cb ./Drivers/STM32H7xx_HAL_Driver/Src/stm32h7xx_hal_gpio.o
 .debug_abbrev  0x0000000000001ba0      0x29c ./Drivers/STM32H7xx_HAL_Driver/Src/stm32h7xx_hal_mdma.o
 .debug_abbrev  0x0000000000001e3c      0x33f ./Drivers/STM32H7xx_HAL_Driver/Src/stm32h7xx_hal_pwr_ex.o
 .debug_abbrev  0x000000000000217b      0x311 ./Drivers/STM32H7xx_HAL_Driver/Src/stm32h7xx_hal_rcc.o
 .debug_abbrev  0x000000000000248c      0x31d ./Drivers/STM32H7xx_HAL_Driver/Src/stm32h7xx_hal_rcc_ex.o
 .debug_abbrev  0x00000000000027a9      0x2ee ./Drivers/STM32H7xx_HAL_Driver/Src/stm32h7xx_hal_sd.o
 .debug_abbrev  0x0000000000002a97      0x2f9 ./Drivers/STM32H7xx_HAL_Driver/Src/stm32h7xx_hal_tim.o
 .debug_abbrev  0x0000000000002d90      0x301 ./Drivers/STM32H7xx_HAL_Driver/Src/stm32h7xx_hal_tim_ex.o
 .debug_abbrev  0x0000000000003091      0x37d ./Drivers/STM32H7xx_HAL_Driver/Src/stm32h7xx_hal_uart.o
 .debug_abbrev  0x000000000000340e      0x33d ./Drivers/STM32H7xx_HAL_Driver/Src/stm32h7xx_hal_uart_ex.o
 .debug_abbrev  0x000000000000374b      0x2d3 ./Drivers/STM32H7xx_HAL_Driver/Src/stm32h7xx_ll_sdmmc.o
 .debug_abbrev  0x0000000000003a1e      0x227 ./FATFS/App/fatfs.o
 .debug_abbrev  0x0000000000003c45      0x2e5 ./FATFS/Target/bsp_driver_sd.o
 .debug_abbrev  0x0000000000003f2a      0x1f7 ./FATFS/Target/fatfs_platform.o
 .debug_abbrev  0x0000000000004121      0x246 ./FATFS/Target/sd_diskio.o
 .debug_abbrev  0x0000000000004367      0x255 ./Middlewares/Third_Party/FatFs/src/diskio.o
 .debug_abbrev  0x00000000000045bc      0x30e ./Middlewares/Third_Party/FatFs/src/ff.o
 .debug_abbrev  0x00000000000048ca      0x286 ./Middlewares/Third_Party/FatFs/src/ff_gen_drv.o

.debug_aranges  0x0000000000000000     0x1828
 .debug_aranges
                0x0000000000000000       0x40 ./Core/Src/ADS8588H.o
 .debug_aranges
                0x0000000000000040       0x20 ./Core/Src/HelperCommands.o
 .debug_aranges
                0x0000000000000060       0x40 ./Core/Src/SDInterface.o
 .debug_aranges
                0x00000000000000a0       0x68 ./Core/Src/main.o
 .debug_aranges
                0x0000000000000108       0x50 ./Core/Src/stm32h7xx_hal_msp.o
 .debug_aranges
                0x0000000000000158       0x78 ./Core/Src/stm32h7xx_it.o
 .debug_aranges
                0x00000000000001d0       0x28 ./Core/Src/system_stm32h7xx.o
 .debug_aranges
                0x00000000000001f8       0x28 ./Core/Startup/startup_stm32h723zgtx.o
 .debug_aranges
                0x0000000000000220      0x1c8 ./Drivers/STM32H7xx_HAL_Driver/Src/stm32h7xx_hal.o
 .debug_aranges
                0x00000000000003e8      0x120 ./Drivers/STM32H7xx_HAL_Driver/Src/stm32h7xx_hal_cortex.o
 .debug_aranges
                0x0000000000000508       0x58 ./Drivers/STM32H7xx_HAL_Driver/Src/stm32h7xx_hal_gpio.o
 .debug_aranges
                0x0000000000000560       0xc0 ./Drivers/STM32H7xx_HAL_Driver/Src/stm32h7xx_hal_mdma.o
 .debug_aranges
                0x0000000000000620      0x148 ./Drivers/STM32H7xx_HAL_Driver/Src/stm32h7xx_hal_pwr_ex.o
 .debug_aranges
                0x0000000000000768       0x88 ./Drivers/STM32H7xx_HAL_Driver/Src/stm32h7xx_hal_rcc.o
 .debug_aranges
                0x00000000000007f0       0xf8 ./Drivers/STM32H7xx_HAL_Driver/Src/stm32h7xx_hal_rcc_ex.o
 .debug_aranges
                0x00000000000008e8      0x170 ./Drivers/STM32H7xx_HAL_Driver/Src/stm32h7xx_hal_sd.o
 .debug_aranges
                0x0000000000000a58      0x3f8 ./Drivers/STM32H7xx_HAL_Driver/Src/stm32h7xx_hal_tim.o
 .debug_aranges
                0x0000000000000e50      0x198 ./Drivers/STM32H7xx_HAL_Driver/Src/stm32h7xx_hal_tim_ex.o
 .debug_aranges
                0x0000000000000fe8      0x248 ./Drivers/STM32H7xx_HAL_Driver/Src/stm32h7xx_hal_uart.o
 .debug_aranges
                0x0000000000001230       0xa0 ./Drivers/STM32H7xx_HAL_Driver/Src/stm32h7xx_hal_uart_ex.o
 .debug_aranges
                0x00000000000012d0      0x1a0 ./Drivers/STM32H7xx_HAL_Driver/Src/stm32h7xx_ll_sdmmc.o
 .debug_aranges
                0x0000000000001470       0x28 ./FATFS/App/fatfs.o
 .debug_aranges
                0x0000000000001498       0x98 ./FATFS/Target/bsp_driver_sd.o
 .debug_aranges
                0x0000000000001530       0x20 ./FATFS/Target/fatfs_platform.o
 .debug_aranges
                0x0000000000001550       0x48 ./FATFS/Target/sd_diskio.o
 .debug_aranges
                0x0000000000001598       0x48 ./Middlewares/Third_Party/FatFs/src/diskio.o
 .debug_aranges
                0x00000000000015e0      0x208 ./Middlewares/Third_Party/FatFs/src/ff.o
 .debug_aranges
                0x00000000000017e8       0x40 ./Middlewares/Third_Party/FatFs/src/ff_gen_drv.o

.debug_ranges   0x0000000000000000     0x16a0
 .debug_ranges  0x0000000000000000       0x30 ./Core/Src/ADS8588H.o
 .debug_ranges  0x0000000000000030       0x10 ./Core/Src/HelperCommands.o
 .debug_ranges  0x0000000000000040       0x30 ./Core/Src/SDInterface.o
 .debug_ranges  0x0000000000000070       0x58 ./Core/Src/main.o
 .debug_ranges  0x00000000000000c8       0x40 ./Core/Src/stm32h7xx_hal_msp.o
 .debug_ranges  0x0000000000000108       0x68 ./Core/Src/stm32h7xx_it.o
 .debug_ranges  0x0000000000000170       0x18 ./Core/Src/system_stm32h7xx.o
 .debug_ranges  0x0000000000000188       0x20 ./Core/Startup/startup_stm32h723zgtx.o
 .debug_ranges  0x00000000000001a8      0x1b8 ./Drivers/STM32H7xx_HAL_Driver/Src/stm32h7xx_hal.o
 .debug_ranges  0x0000000000000360      0x110 ./Drivers/STM32H7xx_HAL_Driver/Src/stm32h7xx_hal_cortex.o
 .debug_ranges  0x0000000000000470       0x48 ./Drivers/STM32H7xx_HAL_Driver/Src/stm32h7xx_hal_gpio.o
 .debug_ranges  0x00000000000004b8       0xb0 ./Drivers/STM32H7xx_HAL_Driver/Src/stm32h7xx_hal_mdma.o
 .debug_ranges  0x0000000000000568      0x138 ./Drivers/STM32H7xx_HAL_Driver/Src/stm32h7xx_hal_pwr_ex.o
 .debug_ranges  0x00000000000006a0       0x78 ./Drivers/STM32H7xx_HAL_Driver/Src/stm32h7xx_hal_rcc.o
 .debug_ranges  0x0000000000000718       0xe8 ./Drivers/STM32H7xx_HAL_Driver/Src/stm32h7xx_hal_rcc_ex.o
 .debug_ranges  0x0000000000000800      0x160 ./Drivers/STM32H7xx_HAL_Driver/Src/stm32h7xx_hal_sd.o
 .debug_ranges  0x0000000000000960      0x3e8 ./Drivers/STM32H7xx_HAL_Driver/Src/stm32h7xx_hal_tim.o
 .debug_ranges  0x0000000000000d48      0x188 ./Drivers/STM32H7xx_HAL_Driver/Src/stm32h7xx_hal_tim_ex.o
 .debug_ranges  0x0000000000000ed0      0x268 ./Drivers/STM32H7xx_HAL_Driver/Src/stm32h7xx_hal_uart.o
 .debug_ranges  0x0000000000001138       0x90 ./Drivers/STM32H7xx_HAL_Driver/Src/stm32h7xx_hal_uart_ex.o
 .debug_ranges  0x00000000000011c8      0x190 ./Drivers/STM32H7xx_HAL_Driver/Src/stm32h7xx_ll_sdmmc.o
 .debug_ranges  0x0000000000001358       0x18 ./FATFS/App/fatfs.o
 .debug_ranges  0x0000000000001370       0x88 ./FATFS/Target/bsp_driver_sd.o
 .debug_ranges  0x00000000000013f8       0x10 ./FATFS/Target/fatfs_platform.o
 .debug_ranges  0x0000000000001408       0x38 ./FATFS/Target/sd_diskio.o
 .debug_ranges  0x0000000000001440       0x38 ./Middlewares/Third_Party/FatFs/src/diskio.o
 .debug_ranges  0x0000000000001478      0x1f8 ./Middlewares/Third_Party/FatFs/src/ff.o
 .debug_ranges  0x0000000000001670       0x30 ./Middlewares/Third_Party/FatFs/src/ff_gen_drv.o

.debug_macro    0x0000000000000000    0x367e0
 .debug_macro   0x0000000000000000      0x301 ./Core/Src/ADS8588H.o
 .debug_macro   0x0000000000000301      0xac0 ./Core/Src/ADS8588H.o
 .debug_macro   0x0000000000000dc1      0x23e ./Core/Src/ADS8588H.o
 .debug_macro   0x0000000000000fff       0x2e ./Core/Src/ADS8588H.o
 .debug_macro   0x000000000000102d       0x3b ./Core/Src/ADS8588H.o
 .debug_macro   0x0000000000001068       0x22 ./Core/Src/ADS8588H.o
 .debug_macro   0x000000000000108a       0x8e ./Core/Src/ADS8588H.o
 .debug_macro   0x0000000000001118       0x51 ./Core/Src/ADS8588H.o
 .debug_macro   0x0000000000001169      0x103 ./Core/Src/ADS8588H.o
 .debug_macro   0x000000000000126c       0x6a ./Core/Src/ADS8588H.o
 .debug_macro   0x00000000000012d6      0x1df ./Core/Src/ADS8588H.o
 .debug_macro   0x00000000000014b5       0x1c ./Core/Src/ADS8588H.o
 .debug_macro   0x00000000000014d1       0x22 ./Core/Src/ADS8588H.o
 .debug_macro   0x00000000000014f3      0x101 ./Core/Src/ADS8588H.o
 .debug_macro   0x00000000000015f4     0x1305 ./Core/Src/ADS8588H.o
 .debug_macro   0x00000000000028f9      0x11f ./Core/Src/ADS8588H.o
 .debug_macro   0x0000000000002a18       0x27 ./Core/Src/ADS8588H.o
 .debug_macro   0x0000000000002a3f    0x211bc ./Core/Src/ADS8588H.o
 .debug_macro   0x0000000000023bfb       0x6d ./Core/Src/ADS8588H.o
 .debug_macro   0x0000000000023c68     0x3d09 ./Core/Src/ADS8588H.o
 .debug_macro   0x0000000000027971      0x174 ./Core/Src/ADS8588H.o
 .debug_macro   0x0000000000027ae5       0x52 ./Core/Src/ADS8588H.o
 .debug_macro   0x0000000000027b37       0x17 ./Core/Src/ADS8588H.o
 .debug_macro   0x0000000000027b4e       0x3c ./Core/Src/ADS8588H.o
 .debug_macro   0x0000000000027b8a       0x34 ./Core/Src/ADS8588H.o
 .debug_macro   0x0000000000027bbe       0x16 ./Core/Src/ADS8588H.o
 .debug_macro   0x0000000000027bd4       0x43 ./Core/Src/ADS8588H.o
 .debug_macro   0x0000000000027c17       0x34 ./Core/Src/ADS8588H.o
 .debug_macro   0x0000000000027c4b       0x10 ./Core/Src/ADS8588H.o
 .debug_macro   0x0000000000027c5b       0x58 ./Core/Src/ADS8588H.o
 .debug_macro   0x0000000000027cb3       0x71 ./Core/Src/ADS8588H.o
 .debug_macro   0x0000000000027d24       0x1c ./Core/Src/ADS8588H.o
 .debug_macro   0x0000000000027d40      0x12a ./Core/Src/ADS8588H.o
 .debug_macro   0x0000000000027e6a      0x333 ./Core/Src/ADS8588H.o
 .debug_macro   0x000000000002819d      0x1a9 ./Core/Src/ADS8588H.o
 .debug_macro   0x0000000000028346       0x5d ./Core/Src/ADS8588H.o
 .debug_macro   0x00000000000283a3     0x2462 ./Core/Src/ADS8588H.o
 .debug_macro   0x000000000002a805     0x104f ./Core/Src/ADS8588H.o
 .debug_macro   0x000000000002b854      0x14d ./Core/Src/ADS8588H.o
 .debug_macro   0x000000000002b9a1      0x114 ./Core/Src/ADS8588H.o
 .debug_macro   0x000000000002bab5      0x3f8 ./Core/Src/ADS8588H.o
 .debug_macro   0x000000000002bead       0xac ./Core/Src/ADS8588H.o
 .debug_macro   0x000000000002bf59      0x788 ./Core/Src/ADS8588H.o
 .debug_macro   0x000000000002c6e1      0x228 ./Core/Src/ADS8588H.o
 .debug_macro   0x000000000002c909       0x66 ./Core/Src/ADS8588H.o
 .debug_macro   0x000000000002c96f      0x3a6 ./Core/Src/ADS8588H.o
 .debug_macro   0x000000000002cd15      0x3f9 ./Core/Src/ADS8588H.o
 .debug_macro   0x000000000002d10e      0x275 ./Core/Src/ADS8588H.o
 .debug_macro   0x000000000002d383      0x3ca ./Core/Src/ADS8588H.o
 .debug_macro   0x000000000002d74d      0x45c ./Core/Src/ADS8588H.o
 .debug_macro   0x000000000002dba9       0x3c ./Core/Src/ADS8588H.o
 .debug_macro   0x000000000002dbe5       0x4a ./Core/Src/ADS8588H.o
 .debug_macro   0x000000000002dc2f      0x22c ./Core/Src/ADS8588H.o
 .debug_macro   0x000000000002de5b       0x67 ./Core/Src/ADS8588H.o
 .debug_macro   0x000000000002dec2       0xa5 ./Core/Src/ADS8588H.o
 .debug_macro   0x000000000002df67      0x1c4 ./Core/Src/ADS8588H.o
 .debug_macro   0x000000000002e12b      0x22a ./Core/Src/ADS8588H.o
 .debug_macro   0x000000000002e355       0x35 ./Core/Src/ADS8588H.o
 .debug_macro   0x000000000002e38a      0x81b ./Core/Src/ADS8588H.o
 .debug_macro   0x000000000002eba5       0x16 ./Core/Src/ADS8588H.o
 .debug_macro   0x000000000002ebbb      0x1ce ./Core/Src/ADS8588H.o
 .debug_macro   0x000000000002ed89      0xb01 ./Core/Src/ADS8588H.o
 .debug_macro   0x000000000002f88a      0x29f ./Core/Src/ADS8588H.o
 .debug_macro   0x000000000002fb29      0x67e ./Core/Src/ADS8588H.o
 .debug_macro   0x00000000000301a7       0xa6 ./Core/Src/ADS8588H.o
 .debug_macro   0x000000000003024d      0x5e6 ./Core/Src/ADS8588H.o
 .debug_macro   0x0000000000030833      0x178 ./Core/Src/ADS8588H.o
 .debug_macro   0x00000000000309ab       0xbe ./Core/Src/ADS8588H.o
 .debug_macro   0x0000000000030a69      0x2e8 ./Core/Src/HelperCommands.o
 .debug_macro   0x0000000000030d51      0x4a1 ./Core/Src/SDInterface.o
 .debug_macro   0x00000000000311f2       0x1c ./Core/Src/SDInterface.o
 .debug_macro   0x000000000003120e       0x40 ./Core/Src/SDInterface.o
 .debug_macro   0x000000000003124e       0xe5 ./Core/Src/SDInterface.o
 .debug_macro   0x0000000000031333       0x16 ./Core/Src/SDInterface.o
 .debug_macro   0x0000000000031349       0x35 ./Core/Src/SDInterface.o
 .debug_macro   0x000000000003137e       0x16 ./Core/Src/SDInterface.o
 .debug_macro   0x0000000000031394       0x29 ./Core/Src/SDInterface.o
 .debug_macro   0x00000000000313bd       0x12 ./Core/Src/SDInterface.o
 .debug_macro   0x00000000000313cf       0xe2 ./Core/Src/SDInterface.o
 .debug_macro   0x00000000000314b1       0x8e ./Core/Src/SDInterface.o
 .debug_macro   0x000000000003153f       0x1c ./Core/Src/SDInterface.o
 .debug_macro   0x000000000003155b       0x10 ./Core/Src/SDInterface.o
 .debug_macro   0x000000000003156b       0x10 ./Core/Src/SDInterface.o
 .debug_macro   0x000000000003157b       0x1c ./Core/Src/SDInterface.o
 .debug_macro   0x0000000000031597       0x52 ./Core/Src/SDInterface.o
 .debug_macro   0x00000000000315e9       0x22 ./Core/Src/SDInterface.o
 .debug_macro   0x000000000003160b       0x10 ./Core/Src/SDInterface.o
 .debug_macro   0x000000000003161b       0x40 ./Core/Src/SDInterface.o
 .debug_macro   0x000000000003165b       0xd5 ./Core/Src/SDInterface.o
 .debug_macro   0x0000000000031730       0x1c ./Core/Src/SDInterface.o
 .debug_macro   0x000000000003174c       0x3d ./Core/Src/SDInterface.o
 .debug_macro   0x0000000000031789       0x16 ./Core/Src/SDInterface.o
 .debug_macro   0x000000000003179f      0x145 ./Core/Src/SDInterface.o
 .debug_macro   0x00000000000318e4       0x16 ./Core/Src/SDInterface.o
 .debug_macro   0x00000000000318fa       0x20 ./Core/Src/SDInterface.o
 .debug_macro   0x000000000003191a      0x404 ./Core/Src/main.o
 .debug_macro   0x0000000000031d1e      0x2e4 ./Core/Src/stm32h7xx_hal_msp.o
 .debug_macro   0x0000000000032002      0x2ee ./Core/Src/stm32h7xx_it.o
 .debug_macro   0x00000000000322f0      0x2d5 ./Core/Src/system_stm32h7xx.o
 .debug_macro   0x00000000000325c5      0x2ff ./Drivers/STM32H7xx_HAL_Driver/Src/stm32h7xx_hal.o
 .debug_macro   0x00000000000328c4      0x2d5 ./Drivers/STM32H7xx_HAL_Driver/Src/stm32h7xx_hal_cortex.o
 .debug_macro   0x0000000000032b99      0x2dc ./Drivers/STM32H7xx_HAL_Driver/Src/stm32h7xx_hal_gpio.o
 .debug_macro   0x0000000000032e75      0x2e4 ./Drivers/STM32H7xx_HAL_Driver/Src/stm32h7xx_hal_mdma.o
 .debug_macro   0x0000000000033159      0x30e ./Drivers/STM32H7xx_HAL_Driver/Src/stm32h7xx_hal_pwr_ex.o
 .debug_macro   0x0000000000033467      0x2f9 ./Drivers/STM32H7xx_HAL_Driver/Src/stm32h7xx_hal_rcc.o
 .debug_macro   0x0000000000033760      0x2f3 ./Drivers/STM32H7xx_HAL_Driver/Src/stm32h7xx_hal_rcc_ex.o
 .debug_macro   0x0000000000033a53      0x2f2 ./Drivers/STM32H7xx_HAL_Driver/Src/stm32h7xx_hal_sd.o
 .debug_macro   0x0000000000033d45      0x2d6 ./Drivers/STM32H7xx_HAL_Driver/Src/stm32h7xx_hal_tim.o
 .debug_macro   0x000000000003401b      0x2db ./Drivers/STM32H7xx_HAL_Driver/Src/stm32h7xx_hal_tim_ex.o
 .debug_macro   0x00000000000342f6      0x300 ./Drivers/STM32H7xx_HAL_Driver/Src/stm32h7xx_hal_uart.o
 .debug_macro   0x00000000000345f6      0x2e1 ./Drivers/STM32H7xx_HAL_Driver/Src/stm32h7xx_hal_uart_ex.o
 .debug_macro   0x00000000000348d7      0x2d6 ./Drivers/STM32H7xx_HAL_Driver/Src/stm32h7xx_ll_sdmmc.o
 .debug_macro   0x0000000000034bad      0x389 ./FATFS/App/fatfs.o
 .debug_macro   0x0000000000034f36      0x2ed ./FATFS/Target/bsp_driver_sd.o
 .debug_macro   0x0000000000035223      0x2de ./FATFS/Target/fatfs_platform.o
 .debug_macro   0x0000000000035501      0x38c ./FATFS/Target/sd_diskio.o
 .debug_macro   0x000000000003588d       0x16 ./FATFS/Target/sd_diskio.o
 .debug_macro   0x00000000000358a3       0x7c ./FATFS/Target/sd_diskio.o
 .debug_macro   0x000000000003591f      0x376 ./Middlewares/Third_Party/FatFs/src/diskio.o
 .debug_macro   0x0000000000035c95      0x77d ./Middlewares/Third_Party/FatFs/src/ff.o
 .debug_macro   0x0000000000036412       0x58 ./Middlewares/Third_Party/FatFs/src/ff.o
 .debug_macro   0x000000000003646a      0x376 ./Middlewares/Third_Party/FatFs/src/ff_gen_drv.o

.debug_line     0x0000000000000000    0x21a81
 .debug_line    0x0000000000000000      0xa13 ./Core/Src/ADS8588H.o
 .debug_line    0x0000000000000a13      0x8d2 ./Core/Src/HelperCommands.o
 .debug_line    0x00000000000012e5      0xb27 ./Core/Src/SDInterface.o
 .debug_line    0x0000000000001e0c      0xd47 ./Core/Src/main.o