Archive member included to satisfy reference by file (symbol)

c:/st/stm32cubeide_1.8.0/stm32cubeide/plugins/com.st.stm32cube.ide.mcu.externaltools.gnu-tools-for-stm32.9-2020-q2-update.win32_2.0.0.202105311346/tools/bin/../lib/gcc/arm-none-eabi/9.3.1/../../../../arm-none-eabi/lib/thumb/v7e-m+dp/hard\libc_nano.a(lib_a-errno.o)
                              ./Core/Src/syscalls.o (__errno)
c:/st/stm32cubeide_1.8.0/stm32cubeide/plugins/com.st.stm32cube.ide.mcu.externaltools.gnu-tools-for-stm32.9-2020-q2-update.win32_2.0.0.202105311346/tools/bin/../lib/gcc/arm-none-eabi/9.3.1/../../../../arm-none-eabi/lib/thumb/v7e-m+dp/hard\libc_nano.a(lib_a-exit.o)
                              c:/st/stm32cubeide_1.8.0/stm32cubeide/plugins/com.st.stm32cube.ide.mcu.externaltools.gnu-tools-for-stm32.9-2020-q2-update.win32_2.0.0.202105311346/tools/bin/../lib/gcc/arm-none-eabi/9.3.1/../../../../arm-none-eabi/lib/thumb/v7e-m+dp/hard/crt0.o (exit)
c:/st/stm32cubeide_1.8.0/stm32cubeide/plugins/com.st.stm32cube.ide.mcu.externaltools.gnu-tools-for-stm32.9-2020-q2-update.win32_2.0.0.202105311346/tools/bin/../lib/gcc/arm-none-eabi/9.3.1/../../../../arm-none-eabi/lib/thumb/v7e-m+dp/hard\libc_nano.a(lib_a-findfp.o)
                              ./Middlewares/Third_Party/FreeRTOS/Source/tasks.o (__sf_fake_stderr)
c:/st/stm32cubeide_1.8.0/stm32cubeide/plugins/com.st.stm32cube.ide.mcu.externaltools.gnu-tools-for-stm32.9-2020-q2-update.win32_2.0.0.202105311346/tools/bin/../lib/gcc/arm-none-eabi/9.3.1/../../../../arm-none-eabi/lib/thumb/v7e-m+dp/hard\libc_nano.a(lib_a-fwalk.o)
                              c:/st/stm32cubeide_1.8.0/stm32cubeide/plugins/com.st.stm32cube.ide.mcu.externaltools.gnu-tools-for-stm32.9-2020-q2-update.win32_2.0.0.202105311346/tools/bin/../lib/gcc/arm-none-eabi/9.3.1/../../../../arm-none-eabi/lib/thumb/v7e-m+dp/hard\libc_nano.a(lib_a-findfp.o) (_fwalk)
c:/st/stm32cubeide_1.8.0/stm32cubeide/plugins/com.st.stm32cube.ide.mcu.externaltools.gnu-tools-for-stm32.9-2020-q2-update.win32_2.0.0.202105311346/tools/bin/../lib/gcc/arm-none-eabi/9.3.1/../../../../arm-none-eabi/lib/thumb/v7e-m+dp/hard\libc_nano.a(lib_a-impure.o)
                              c:/st/stm32cubeide_1.8.0/stm32cubeide/plugins/com.st.stm32cube.ide.mcu.externaltools.gnu-tools-for-stm32.9-2020-q2-update.win32_2.0.0.202105311346/tools/bin/../lib/gcc/arm-none-eabi/9.3.1/../../../../arm-none-eabi/lib/thumb/v7e-m+dp/hard\libc_nano.a(lib_a-exit.o) (_global_impure_ptr)
c:/st/stm32cubeide_1.8.0/stm32cubeide/plugins/com.st.stm32cube.ide.mcu.externaltools.gnu-tools-for-stm32.9-2020-q2-update.win32_2.0.0.202105311346/tools/bin/../lib/gcc/arm-none-eabi/9.3.1/../../../../arm-none-eabi/lib/thumb/v7e-m+dp/hard\libc_nano.a(lib_a-init.o)
                              c:/st/stm32cubeide_1.8.0/stm32cubeide/plugins/com.st.stm32cube.ide.mcu.externaltools.gnu-tools-for-stm32.9-2020-q2-update.win32_2.0.0.202105311346/tools/bin/../lib/gcc/arm-none-eabi/9.3.1/../../../../arm-none-eabi/lib/thumb/v7e-m+dp/hard/crt0.o (__libc_init_array)
c:/st/stm32cubeide_1.8.0/stm32cubeide/plugins/com.st.stm32cube.ide.mcu.externaltools.gnu-tools-for-stm32.9-2020-q2-update.win32_2.0.0.202105311346/tools/bin/../lib/gcc/arm-none-eabi/9.3.1/../../../../arm-none-eabi/lib/thumb/v7e-m+dp/hard\libc_nano.a(lib_a-lock.o)
                              c:/st/stm32cubeide_1.8.0/stm32cubeide/plugins/com.st.stm32cube.ide.mcu.externaltools.gnu-tools-for-stm32.9-2020-q2-update.win32_2.0.0.202105311346/tools/bin/../lib/gcc/arm-none-eabi/9.3.1/../../../../arm-none-eabi/lib/thumb/v7e-m+dp/hard\libc_nano.a(lib_a-findfp.o) (__retarget_lock_init_recursive)
c:/st/stm32cubeide_1.8.0/stm32cubeide/plugins/com.st.stm32cube.ide.mcu.externaltools.gnu-tools-for-stm32.9-2020-q2-update.win32_2.0.0.202105311346/tools/bin/../lib/gcc/arm-none-eabi/9.3.1/../../../../arm-none-eabi/lib/thumb/v7e-m+dp/hard\libc_nano.a(lib_a-memcpy-stub.o)
                              ./Middlewares/Third_Party/FreeRTOS/Source/CMSIS_RTOS_V2/cmsis_os2.o (memcpy)
c:/st/stm32cubeide_1.8.0/stm32cubeide/plugins/com.st.stm32cube.ide.mcu.externaltools.gnu-tools-for-stm32.9-2020-q2-update.win32_2.0.0.202105311346/tools/bin/../lib/gcc/arm-none-eabi/9.3.1/../../../../arm-none-eabi/lib/thumb/v7e-m+dp/hard\libc_nano.a(lib_a-memset.o)
                              c:/st/stm32cubeide_1.8.0/stm32cubeide/plugins/com.st.stm32cube.ide.mcu.externaltools.gnu-tools-for-stm32.9-2020-q2-update.win32_2.0.0.202105311346/tools/bin/../lib/gcc/arm-none-eabi/9.3.1/../../../../arm-none-eabi/lib/thumb/v7e-m+dp/hard/crt0.o (memset)
c:/st/stm32cubeide_1.8.0/stm32cubeide/plugins/com.st.stm32cube.ide.mcu.externaltools.gnu-tools-for-stm32.9-2020-q2-update.win32_2.0.0.202105311346/tools/bin/../lib/gcc/arm-none-eabi/9.3.1/../../../../arm-none-eabi/lib/thumb/v7e-m+dp/hard\libc_nano.a(lib_a-nano-mallocr.o)
[...]
Memory Configuration

Name             Origin             Length             Attributes
ITCMRAM          0x0000000000000000 0x0000000000010000 xrw
DTCMRAM          0x0000000020000000 0x0000000000020000 xrw
FLASH            0x0000000008000000 0x0000000000100000 xr
RAM_D1           0x0000000024000000 0x0000000000050000 xrw
RAM_D2           0x0000000030000000 0x0000000000008000 xrw
RAM_D3           0x0000000038000000 0x0000000000004000 xrw
*default*        0x0000000000000000 0xffffffffffffffff

Linker script and memory map

LOAD c:/st/stm32cubeide_1.8.0/stm32cubeide/plugins/com.st.stm32cube.ide.mcu.externaltools.gnu-tools-for-stm32.9-2020-q2-update.win32_2.0.0.202105311346/tools/bin/../lib/gcc/arm-none-eabi/9.3.1/thumb/v7e-m+dp/hard/crti.o
LOAD c:/st/stm32cubeide_1.8.0/stm32cubeide/plugins/com.st.stm32cube.ide.mcu.externaltools.gnu-tools-for-stm32.9-2020-q2-update.win32_2.0.0.202105311346/tools/bin/../lib/gcc/arm-none-eabi/9.3.1/thumb/v7e-m+dp/hard/crtbegin.o
LOAD c:/st/stm32cubeide_1.8.0/stm32cubeide/plugins/com.st.stm32cube.ide.mcu.externaltools.gnu-tools-for-stm32.9-2020-q2-update.win32_2.0.0.202105311346/tools/bin/../lib/gcc/arm-none-eabi/9.3.1/../../../../arm-none-eabi/lib/thumb/v7e-m+dp/hard/crt0.o
LOAD ./Core/Src/SDInterface.o
LOAD ./Core/Src/commands.o
LOAD ./Core/Src/freertos.o
LOAD ./Core/Src/helpercmd.o
LOAD ./Core/Src/main.o
LOAD ./Core/Src/stm32h7xx_hal_msp.o
LOAD ./Core/Src/stm32h7xx_hal_timebase_tim.o
LOAD ./Core/Src/stm32h7xx_it.o
LOAD ./Core/Src/syscalls.o
LOAD ./Core/Src/sysmem.o
LOAD ./Core/Src/system_stm32h7xx.o
LOAD ./Core/Startup/startup_stm32h723zgtx.o
LOAD ./Drivers/STM32H7xx_HAL_Driver/Src/stm32h7xx_hal.o
LOAD ./Drivers/STM32H7xx_HAL_Driver/Src/stm32h7xx_hal_cortex.o
LOAD ./Drivers/STM32H7xx_HAL_Driver/Src/stm32h7xx_hal_dma.o
LOAD ./Drivers/STM32H7xx_HAL_Driver/Src/stm32h7xx_hal_dma_ex.o
LOAD ./Drivers/STM32H7xx_HAL_Driver/Src/stm32h7xx_hal_exti.o
LOAD ./Drivers/STM32H7xx_HAL_Driver/Src/stm32h7xx_hal_flash.o
LOAD ./Drivers/STM32H7xx_HAL_Driver/Src/stm32h7xx_hal_flash_ex.o
LOAD ./Drivers/STM32H7xx_HAL_Driver/Src/stm32h7xx_hal_gpio.o
LOAD ./Drivers/STM32H7xx_HAL_Driver/Src/stm32h7xx_hal_hsem.o
LOAD ./Drivers/STM32H7xx_HAL_Driver/Src/stm32h7xx_hal_i2c.o
LOAD ./Drivers/STM32H7xx_HAL_Driver/Src/stm32h7xx_hal_i2c_ex.o
LOAD ./Drivers/STM32H7xx_HAL_Driver/Src/stm32h7xx_hal_mdma.o
LOAD ./Drivers/STM32H7xx_HAL_Driver/Src/stm32h7xx_hal_pwr.o
LOAD ./Drivers/STM32H7xx_HAL_Driver/Src/stm32h7xx_hal_pwr_ex.o
LOAD ./Drivers/STM32H7xx_HAL_Driver/Src/stm32h7xx_hal_rcc.o
LOAD ./Drivers/STM32H7xx_HAL_Driver/Src/stm32h7xx_hal_rcc_ex.o
LOAD ./Drivers/STM32H7xx_HAL_Driver/Src/stm32h7xx_hal_sd.o
LOAD ./Drivers/STM32H7xx_HAL_Driver/Src/stm32h7xx_hal_sd_ex.o
LOAD ./Drivers/STM32H7xx_HAL_Driver/Src/stm32h7xx_hal_tim.o
LOAD ./Drivers/STM32H7xx_HAL_Driver/Src/stm32h7xx_hal_tim_ex.o
LOAD ./Drivers/STM32H7xx_HAL_Driver/Src/stm32h7xx_hal_uart.o
LOAD ./Drivers/STM32H7xx_HAL_Driver/Src/stm32h7xx_hal_uart_ex.o
LOAD ./Drivers/STM32H7xx_HAL_Driver/Src/stm32h7xx_ll_delayblock.o
LOAD ./Drivers/STM32H7xx_HAL_Driver/Src/stm32h7xx_ll_sdmmc.o
LOAD ./FATFS/App/fatfs.o
LOAD ./FATFS/Target/bsp_driver_sd.o
LOAD ./FATFS/Target/fatfs_platform.o
LOAD ./FATFS/Target/sd_diskio.o
LOAD ./Middlewares/Third_Party/FatFs/src/diskio.o
LOAD ./Middlewares/Third_Party/FatFs/src/ff.o
LOAD ./Middlewares/Third_Party/FatFs/src/ff_gen_drv.o
LOAD ./Middlewares/Third_Party/FatFs/src/option/syscall.o
LOAD ./Middlewares/Third_Party/FreeRTOS/Source/CMSIS_RTOS_V2/cmsis_os2.o
LOAD ./Middlewares/Third_Party/FreeRTOS/Source/croutine.o
LOAD ./Middlewares/Third_Party/FreeRTOS/Source/event_groups.o
LOAD ./Middlewares/Third_Party/FreeRTOS/Source/list.o
LOAD ./Middlewares/Third_Party/FreeRTOS/Source/queue.o
LOAD ./Middlewares/Third_Party/FreeRTOS/Source/stream_buffer.o
LOAD ./Middlewares/Third_Party/FreeRTOS/Source/tasks.o
LOAD ./Middlewares/Third_Party/FreeRTOS/Source/timers.o
LOAD ./Middlewares/Third_Party/FreeRTOS/Source/portable/GCC/ARM_CM4F/port.o
LOAD ./Middlewares/Third_Party/FreeRTOS/Source/portable/MemMang/heap_4.o
START GROUP
LOAD c:/st/stm32cubeide_1.8.0/stm32cubeide/plugins/com.st.stm32cube.ide.mcu.externaltools.gnu-tools-for-stm32.9-2020-q2-update.win32_2.0.0.202105311346/tools/bin/../lib/gcc/arm-none-eabi/9.3.1/../../../../arm-none-eabi/lib/thumb/v7e-m+dp/hard\libc_nano.a
LOAD c:/st/stm32cubeide_1.8.0/stm32cubeide/plugins/com.st.stm32cube.ide.mcu.externaltools.gnu-tools-for-stm32.9-2020-q2-update.win32_2.0.0.202105311346/tools/bin/../lib/gcc/arm-none-eabi/9.3.1/../../../../arm-none-eabi/lib/thumb/v7e-m+dp/hard\libm.a
END GROUP
START GROUP
LOAD c:/st/stm32cubeide_1.8.0/stm32cubeide/plugins/com.st.stm32cube.ide.mcu.externaltools.gnu-tools-for-stm32.9-2020-q2-update.win32_2.0.0.202105311346/tools/bin/../lib/gcc/arm-none-eabi/9.3.1/thumb/v7e-m+dp/hard\libgcc.a
LOAD c:/st/stm32cubeide_1.8.0/stm32cubeide/plugins/com.st.stm32cube.ide.mcu.externaltools.gnu-tools-for-stm32.9-2020-q2-update.win32_2.0.0.202105311346/tools/bin/../lib/gcc/arm-none-eabi/9.3.1/../../../../arm-none-eabi/lib/thumb/v7e-m+dp/hard\libc_nano.a
END GROUP
START GROUP
LOAD c:/st/stm32cubeide_1.8.0/stm32cubeide/plugins/com.st.stm32cube.ide.mcu.externaltools.gnu-tools-for-stm32.9-2020-q2-update.win32_2.0.0.202105311346/tools/bin/../lib/gcc/arm-none-eabi/9.3.1/thumb/v7e-m+dp/hard\libgcc.a
LOAD c:/st/stm32cubeide_1.8.0/stm32cubeide/plugins/com.st.stm32cube.ide.mcu.externaltools.gnu-tools-for-stm32.9-2020-q2-update.win32_2.0.0.202105311346/tools/bin/../lib/gcc/arm-none-eabi/9.3.1/../../../../arm-none-eabi/lib/thumb/v7e-m+dp/hard\libc_nano.a
LOAD c:/st/stm32cubeide_1.8.0/stm32cubeide/plugins/com.st.stm32cube.ide.mcu.externaltools.gnu-tools-for-stm32.9-2020-q2-update.win32_2.0.0.202105311346/tools/bin/../lib/gcc/arm-none-eabi/9.3.1/../../../../arm-none-eabi/lib/thumb/v7e-m+dp/hard\libnosys.a
END GROUP
START GROUP
LOAD c:/st/stm32cubeide_1.8.0/stm32cubeide/plugins/com.st.stm32cube.ide.mcu.externaltools.gnu-tools-for-stm32.9-2020-q2-update.win32_2.0.0.202105311346/tools/bin/../lib/gcc/arm-none-eabi/9.3.1/thumb/v7e-m+dp/hard\libgcc.a
LOAD c:/st/stm32cubeide_1.8.0/stm32cubeide/plugins/com.st.stm32cube.ide.mcu.externaltools.gnu-tools-for-stm32.9-2020-q2-update.win32_2.0.0.202105311346/tools/bin/../lib/gcc/arm-none-eabi/9.3.1/../../../../arm-none-eabi/lib/thumb/v7e-m+dp/hard\libc_nano.a
LOAD c:/st/stm32cubeide_1.8.0/stm32cubeide/plugins/com.st.stm32cube.ide.mcu.externaltools.gnu-tools-for-stm32.9-2020-q2-update.win32_2.0.0.202105311346/tools/bin/../lib/gcc/arm-none-eabi/9.3.1/../../../../arm-none-eabi/lib/thumb/v7e-m+dp/hard\libnosys.a
END GROUP
LOAD c:/st/stm32cubeide_1.8.0/stm32cubeide/plugins/com.st.stm32cube.ide.mcu.externaltools.gnu-tools-for-stm32.9-2020-q2-update.win32_2.0.0.202105311346/tools/bin/../lib/gcc/arm-none-eabi/9.3.1/thumb/v7e-m+dp/hard/crtend.o
LOAD c:/st/stm32cubeide_1.8.0/stm32cubeide/plugins/com.st.stm32cube.ide.mcu.externaltools.gnu-tools-for-stm32.9-2020-q2-update.win32_2.0.0.202105311346/tools/bin/../lib/gcc/arm-none-eabi/9.3.1/thumb/v7e-m+dp/hard/crtn.o
                0x0000000024050000                _estack = (ORIGIN (RAM_D1) + LENGTH (RAM_D1))
                0x0000000000000400                _Min_Heap_Size = 0x400
                0x0000000000000800                _Min_Stack_Size = 0x800

.isr_vector     0x0000000008000000      0x2cc
                0x0000000008000000                . = ALIGN (0x4)
 *(.isr_vector)
 .isr_vector    0x0000000008000000      0x2cc ./Core/Startup/startup_stm32h723zgtx.o
                0x0000000008000000                g_pfnVectors
                0x00000000080002cc                . = ALIGN (0x4)

.text           0x00000000080002d0     0xff9c
                0x00000000080002d0                . = ALIGN (0x4)
 *(.text)
 .text          0x00000000080002d0       0x40 c:/st/stm32cubeide_1.8.0/stm32cubeide/plugins/com.st.stm32cube.ide.mcu.externaltools.gnu-tools-for-stm32.9-2020-q2-update.win32_2.0.0.202105311346/tools/bin/../lib/gcc/arm-none-eabi/9.3.1/thumb/v7e-m+dp/hard/crtbegin.o
 .text          0x0000000008000310       0x10 c:/st/stm32cubeide_1.8.0/stm32cubeide/plugins/com.st.stm32cube.ide.mcu.externaltools.gnu-tools-for-stm32.9-2020-q2-update.win32_2.0.0.202105311346/tools/bin/../lib/gcc/arm-none-eabi/9.3.1/../../../../arm-none-eabi/lib/thumb/v7e-m+dp/hard\libc_nano.a(lib_a-strlen.o)
                0x0000000008000310                strlen
 .text          0x0000000008000320       0xa0 c:/st/stm32cubeide_1.8.0/stm32cubeide/plugins/com.st.stm32cube.ide.mcu.externaltools.gnu-tools-for-stm32.9-2020-q2-update.win32_2.0.0.202105311346/tools/bin/../lib/gcc/arm-none-eabi/9.3.1/../../../../arm-none-eabi/lib/thumb/v7e-m+dp/hard\libc_nano.a(lib_a-memchr.o)
                0x0000000008000320                memchr
 .text          0x00000000080003c0       0x30 c:/st/stm32cubeide_1.8.0/stm32cubeide/plugins/com.st.stm32cube.ide.mcu.externaltools.gnu-tools-for-stm32.9-2020-q2-update.win32_2.0.0.202105311346/tools/bin/../lib/gcc/arm-none-eabi/9.3.1/thumb/v7e-m+dp/hard\libgcc.a(_aeabi_uldivmod.o)
                0x00000000080003c0                __aeabi_uldivmod
 .text          0x00000000080003f0      0x2c4 c:/st/stm32cubeide_1.8.0/stm32cubeide/plugins/com.st.stm32cube.ide.mcu.externaltools.gnu-tools-for-stm32.9-2020-q2-update.win32_2.0.0.202105311346/tools/bin/../lib/gcc/arm-none-eabi/9.3.1/thumb/v7e-m+dp/hard\libgcc.a(_udivmoddi4.o)
                0x00000000080003f0                __udivmoddi4
 .text          0x00000000080006b4        0x4 c:/st/stm32cubeide_1.8.0/stm32cubeide/plugins/com.st.stm32cube.ide.mcu.externaltools.gnu-tools-for-stm32.9-2020-q2-update.win32_2.0.0.202105311346/tools/bin/../lib/gcc/arm-none-eabi/9.3.1/thumb/v7e-m+dp/hard\libgcc.a(_dvmd_tls.o)
                0x00000000080006b4                __aeabi_idiv0
                0x00000000080006b4                __aeabi_ldiv0
 *(.text*)
 .text.HalfKBWrite
                0x00000000080006b8       0x72 ./Core/Src/helpercmd.o
                0x00000000080006b8                HalfKBWrite
 *fill*         0x000000000800072a        0x2 
 .text.main     0x000000000800072c       0x68 ./Core/Src/main.o
                0x000000000800072c                main
 .text.SystemClock_Config
                0x0000000008000794       0xe0 ./Core/Src/main.o
                0x0000000008000794                SystemClock_Config
 .text.MX_SDMMC1_SD_Init
                0x0000000008000874       0x5c ./Core/Src/main.o
 .text.MX_USART3_UART_Init
                0x00000000080008d0       0x98 ./Core/Src/main.o
 .text.MX_USB_OTG_HS_USB_Init
                0x0000000008000968        0xe ./Core/Src/main.o
 *fill*         0x0000000008000976        0x2 
 .text.MX_MDMA_Init
                0x0000000008000978       0xc8 ./Core/Src/main.o
 .text.MX_GPIO_Init
                0x0000000008000a40      0x27c ./Core/Src/main.o
 .text.WriteTime
                0x0000000008000cbc       0x80 ./Core/Src/main.o
                0x0000000008000cbc                WriteTime
 .text.FS_MOUNT
                0x0000000008000d3c       0x70 ./Core/Src/main.o
 .text.FS_SPAM  0x0000000008000dac       0x7c ./Core/Src/main.o
 .text.StartDefaultTask
                0x0000000008000e28       0x58 ./Core/Src/main.o
                0x0000000008000e28                StartDefaultTask
 .text.HAL_TIM_PeriodElapsedCallback
                0x0000000008000e80       0x24 ./Core/Src/main.o
                0x0000000008000e80                HAL_TIM_PeriodElapsedCallback
 .text.Error_Handler
                0x0000000008000ea4       0x34 ./Core/Src/main.o
                0x0000000008000ea4                Error_Handler
 .text.HAL_MspInit
                0x0000000008000ed8       0x3c ./Core/Src/stm32h7xx_hal_msp.o
                0x0000000008000ed8                HAL_MspInit
 .text.HAL_SD_MspInit
                0x0000000008000f14      0x128 ./Core/Src/stm32h7xx_hal_msp.o
                0x0000000008000f14                HAL_SD_MspInit
 .text.HAL_UART_MspInit
                0x000000000800103c       0xcc ./Core/Src/stm32h7xx_hal_msp.o
                0x000000000800103c                HAL_UART_MspInit
 .text.HAL_InitTick
                0x0000000008001108       0xc4 ./Core/Src/stm32h7xx_hal_timebase_tim.o
                0x0000000008001108                HAL_InitTick
 .text.NMI_Handler
                0x00000000080011cc        0x6 ./Core/Src/stm32h7xx_it.o
                0x00000000080011cc                NMI_Handler
 .text.HardFault_Handler
                0x00000000080011d2        0x6 ./Core/Src/stm32h7xx_it.o
                0x00000000080011d2                HardFault_Handler
 .text.MemManage_Handler
                0x00000000080011d8        0x6 ./Core/Src/stm32h7xx_it.o
                0x00000000080011d8                MemManage_Handler
 .text.BusFault_Handler
                0x00000000080011de        0x6 ./Core/Src/stm32h7xx_it.o
                0x00000000080011de                BusFault_Handler
 .text.UsageFault_Handler
                0x00000000080011e4        0x6 ./Core/Src/stm32h7xx_it.o
                0x00000000080011e4                UsageFault_Handler
 .text.DebugMon_Handler
                0x00000000080011ea        0xe ./Core/Src/stm32h7xx_it.o
                0x00000000080011ea                DebugMon_Handler
 .text.TIM1_UP_IRQHandler
                0x00000000080011f8       0x14 ./Core/Src/stm32h7xx_it.o
                0x00000000080011f8                TIM1_UP_IRQHandler
 .text.SDMMC1_IRQHandler
                0x000000000800120c       0x14 ./Core/Src/stm32h7xx_it.o
                0x000000000800120c                SDMMC1_IRQHandler
 .text.MDMA_IRQHandler
                0x0000000008001220       0x14 ./Core/Src/stm32h7xx_it.o
                0x0000000008001220                MDMA_IRQHandler
 .text._sbrk    0x0000000008001234       0x6c ./Core/Src/sysmem.o
                0x0000000008001234                _sbrk
 .text.SystemInit
                0x00000000080012a0       0xf0 ./Core/Src/system_stm32h7xx.o
                0x00000000080012a0                SystemInit
 .text.Reset_Handler
                0x0000000008001390       0x50 ./Core/Startup/startup_stm32h723zgtx.o
                0x0000000008001390                Reset_Handler
 .text.Default_Handler
                0x00000000080013e0        0x2 ./Core/Startup/startup_stm32h723zgtx.o
                0x00000000080013e0                RTC_Alarm_IRQHandler
                0x00000000080013e0                EXTI2_IRQHandler
                0x00000000080013e0                TIM8_CC_IRQHandler
                0x00000000080013e0                UART8_IRQHandler
                0x00000000080013e0                SPI4_IRQHandler
                0x00000000080013e0                FDCAN3_IT0_IRQHandler
                0x00000000080013e0                TIM1_CC_IRQHandler
                0x00000000080013e0                BDMA_Channel6_IRQHandler
                0x00000000080013e0                DMA2_Stream5_IRQHandler
                0x00000000080013e0                DMA1_Stream5_IRQHandler
                0x00000000080013e0                CORDIC_IRQHandler
                0x00000000080013e0                BDMA_Channel1_IRQHandler
                0x00000000080013e0                TAMP_STAMP_IRQHandler
                0x00000000080013e0                EXTI3_IRQHandler
                0x00000000080013e0                LPTIM4_IRQHandler
                0x00000000080013e0                TIM8_TRG_COM_TIM14_IRQHandler
                0x00000000080013e0                LPTIM2_IRQHandler
                0x00000000080013e0                DFSDM1_FLT1_IRQHandler
                0x00000000080013e0                DMAMUX2_OVR_IRQHandler
                0x00000000080013e0                TIM8_UP_TIM13_IRQHandler
                0x00000000080013e0                I2C3_ER_IRQHandler
                0x00000000080013e0                DFSDM1_FLT2_IRQHandler
                0x00000000080013e0                I2C5_EV_IRQHandler
                0x00000000080013e0                USART10_IRQHandler
                0x00000000080013e0                LPTIM3_IRQHandler
                0x00000000080013e0                HSEM1_IRQHandler
                0x00000000080013e0                EXTI0_IRQHandler
                0x00000000080013e0                I2C2_EV_IRQHandler
                0x00000000080013e0                DMA1_Stream2_IRQHandler
                0x00000000080013e0                FPU_IRQHandler
                0x00000000080013e0                OTG_HS_WKUP_IRQHandler
                0x00000000080013e0                FDCAN1_IT1_IRQHandler
                0x00000000080013e0                LTDC_ER_IRQHandler
                0x00000000080013e0                DMA2_Stream2_IRQHandler
                0x00000000080013e0                SPI1_IRQHandler
                0x00000000080013e0                OCTOSPI1_IRQHandler
                0x00000000080013e0                TIM6_DAC_IRQHandler
                0x00000000080013e0                DMA2_Stream3_IRQHandler
                0x00000000080013e0                OCTOSPI2_IRQHandler
                0x00000000080013e0                DFSDM1_FLT3_IRQHandler
                0x00000000080013e0                TIM23_IRQHandler
                0x00000000080013e0                USART6_IRQHandler
                0x00000000080013e0                TIM17_IRQHandler
                0x00000000080013e0                USART3_IRQHandler
                0x00000000080013e0                BDMA_Channel7_IRQHandler
                0x00000000080013e0                LPTIM5_IRQHandler
                0x00000000080013e0                UART5_IRQHandler
                0x00000000080013e0                ADC3_IRQHandler
                0x00000000080013e0                DMA2_Stream0_IRQHandler
                0x00000000080013e0                TIM4_IRQHandler
                0x00000000080013e0                BDMA_Channel2_IRQHandler
                0x00000000080013e0                I2C1_EV_IRQHandler
                0x00000000080013e0                DMA1_Stream6_IRQHandler
                0x00000000080013e0                DMAMUX1_OVR_IRQHandler
                0x00000000080013e0                DMA1_Stream1_IRQHandler
                0x00000000080013e0                TIM16_IRQHandler
                0x00000000080013e0                UART4_IRQHandler
                0x00000000080013e0                BDMA_Channel5_IRQHandler
                0x00000000080013e0                TIM3_IRQHandler
                0x00000000080013e0                RCC_IRQHandler
                0x00000000080013e0                UART9_IRQHandler
                0x00000000080013e0                TIM8_BRK_TIM12_IRQHandler
                0x00000000080013e0                TIM1_TRG_COM_IRQHandler
                0x00000000080013e0                Default_Handler
                0x00000000080013e0                ECC_IRQHandler
                0x00000000080013e0                FMAC_IRQHandler
                0x00000000080013e0                CEC_IRQHandler
                0x00000000080013e0                EXTI15_10_IRQHandler
                0x00000000080013e0                BDMA_Channel0_IRQHandler
                0x00000000080013e0                ADC_IRQHandler
                0x00000000080013e0                I2C5_ER_IRQHandler
                0x00000000080013e0                DMA1_Stream7_IRQHandler
                0x00000000080013e0                SPI5_IRQHandler
                0x00000000080013e0                TIM7_IRQHandler
                0x00000000080013e0                FDCAN3_IT1_IRQHandler
                0x00000000080013e0                TIM5_IRQHandler
                0x00000000080013e0                DMA2_Stream7_IRQHandler
                0x00000000080013e0                TIM15_IRQHandler
                0x00000000080013e0                PVD_AVD_IRQHandler
                0x00000000080013e0                I2C3_EV_IRQHandler
                0x00000000080013e0                EXTI9_5_IRQHandler
                0x00000000080013e0                RTC_WKUP_IRQHandler
                0x00000000080013e0                LTDC_IRQHandler
                0x00000000080013e0                ETH_WKUP_IRQHandler
                0x00000000080013e0                SPDIF_RX_IRQHandler
                0x00000000080013e0                SPI2_IRQHandler
                0x00000000080013e0                OTG_HS_EP1_IN_IRQHandler
                0x00000000080013e0                DMA1_Stream0_IRQHandler
                0x00000000080013e0                TIM24_IRQHandler
                0x00000000080013e0                CRS_IRQHandler
                0x00000000080013e0                EXTI4_IRQHandler
                0x00000000080013e0                RNG_IRQHandler
                0x00000000080013e0                FDCAN2_IT1_IRQHandler
                0x00000000080013e0                ETH_IRQHandler
                0x00000000080013e0                BDMA_Channel4_IRQHandler
                0x00000000080013e0                OTG_HS_EP1_OUT_IRQHandler
                0x00000000080013e0                WWDG_IRQHandler
                0x00000000080013e0                SPI6_IRQHandler
                0x00000000080013e0                MDIOS_IRQHandler
                0x00000000080013e0                I2C4_EV_IRQHandler
                0x00000000080013e0                FDCAN2_IT0_IRQHandler
                0x00000000080013e0                LPUART1_IRQHandler
                0x00000000080013e0                FDCAN1_IT0_IRQHandler
                0x00000000080013e0                TIM2_IRQHandler
                0x00000000080013e0                OTG_HS_IRQHandler
                0x00000000080013e0                DMA2D_IRQHandler
                0x00000000080013e0                TIM1_BRK_IRQHandler
                0x00000000080013e0                EXTI1_IRQHandler
                0x00000000080013e0                SDMMC2_IRQHandler
                0x00000000080013e0                BDMA_Channel3_IRQHandler
                0x00000000080013e0                DTS_IRQHandler
                0x00000000080013e0                UART7_IRQHandler
                0x00000000080013e0                MDIOS_WKUP_IRQHandler
                0x00000000080013e0                USART2_IRQHandler
                0x00000000080013e0                DFSDM1_FLT0_IRQHandler
                0x00000000080013e0                SAI4_IRQHandler
                0x00000000080013e0                I2C2_ER_IRQHandler
                0x00000000080013e0                DMA2_Stream1_IRQHandler
                0x00000000080013e0                FLASH_IRQHandler
                0x00000000080013e0                DMA2_Stream4_IRQHandler
                0x00000000080013e0                USART1_IRQHandler
                0x00000000080013e0                SPI3_IRQHandler
                0x00000000080013e0                WAKEUP_PIN_IRQHandler
                0x00000000080013e0                DMA1_Stream4_IRQHandler
                0x00000000080013e0                I2C1_ER_IRQHandler
                0x00000000080013e0                FMC_IRQHandler
                0x00000000080013e0                FDCAN_CAL_IRQHandler
                0x00000000080013e0                SWPMI1_IRQHandler
                0x00000000080013e0                COMP1_IRQHandler
                0x00000000080013e0                LPTIM1_IRQHandler
                0x00000000080013e0                DCMI_PSSI_IRQHandler
                0x00000000080013e0                I2C4_ER_IRQHandler
                0x00000000080013e0                DMA2_Stream6_IRQHandler
                0x00000000080013e0                SAI1_IRQHandler
                0x00000000080013e0                DMA1_Stream3_IRQHandler
 *fill*         0x00000000080013e2        0x2 
 .text.HAL_Init
                0x00000000080013e4       0x78 ./Drivers/STM32H7xx_HAL_Driver/Src/stm32h7xx_hal.o
                0x00000000080013e4                HAL_Init
 .text.HAL_IncTick
                0x000000000800145c       0x28 ./Drivers/STM32H7xx_HAL_Driver/Src/stm32h7xx_hal.o
                0x000000000800145c                HAL_IncTick
 .text.HAL_GetTick
                0x0000000008001484       0x18 ./Drivers/STM32H7xx_HAL_Driver/Src/stm32h7xx_hal.o
                0x0000000008001484                HAL_GetTick
 .text.HAL_Delay
                0x000000000800149c       0x48 ./Drivers/STM32H7xx_HAL_Driver/Src/stm32h7xx_hal.o
                0x000000000800149c                HAL_Delay
 .text.__NVIC_SetPriorityGrouping
                0x00000000080014e4       0x48 ./Drivers/STM32H7xx_HAL_Driver/Src/stm32h7xx_hal_cortex.o
 .text.__NVIC_GetPriorityGrouping
                0x000000000800152c       0x1c ./Drivers/STM32H7xx_HAL_Driver/Src/stm32h7xx_hal_cortex.o
 .text.__NVIC_EnableIRQ
                0x0000000008001548       0x3c ./Drivers/STM32H7xx_HAL_Driver/Src/stm32h7xx_hal_cortex.o
 .text.__NVIC_SetPriority
                0x0000000008001584       0x54 ./Drivers/STM32H7xx_HAL_Driver/Src/stm32h7xx_hal_cortex.o
 .text.NVIC_EncodePriority
                0x00000000080015d8       0x66 ./Drivers/STM32H7xx_HAL_Driver/Src/stm32h7xx_hal_cortex.o
 .text.HAL_NVIC_SetPriorityGrouping
                0x000000000800163e       0x16 ./Drivers/STM32H7xx_HAL_Driver/Src/stm32h7xx_hal_cortex.o
                0x000000000800163e                HAL_NVIC_SetPriorityGrouping
 .text.HAL_NVIC_SetPriority
                0x0000000008001654       0x34 ./Drivers/STM32H7xx_HAL_Driver/Src/stm32h7xx_hal_cortex.o
                0x0000000008001654                HAL_NVIC_SetPriority
 .text.HAL_NVIC_EnableIRQ
                0x0000000008001688       0x1c ./Drivers/STM32H7xx_HAL_Driver/Src/stm32h7xx_hal_cortex.o
                0x0000000008001688                HAL_NVIC_EnableIRQ
 .text.HAL_GPIO_Init
                0x00000000080016a4      0x350 ./Drivers/STM32H7xx_HAL_Driver/Src/stm32h7xx_hal_gpio.o
                0x00000000080016a4                HAL_GPIO_Init
 .text.HAL_GPIO_ReadPin
                0x00000000080019f4       0x30 ./Drivers/STM32H7xx_HAL_Driver/Src/stm32h7xx_hal_gpio.o
                0x00000000080019f4                HAL_GPIO_ReadPin
 .text.HAL_GPIO_WritePin
                0x0000000008001a24       0x32 ./Drivers/STM32H7xx_HAL_Driver/Src/stm32h7xx_hal_gpio.o
                0x0000000008001a24                HAL_GPIO_WritePin
 .text.HAL_MDMA_Init
                0x0000000008001a56       0x98 ./Drivers/STM32H7xx_HAL_Driver/Src/stm32h7xx_hal_mdma.o
                0x0000000008001a56                HAL_MDMA_Init
 .text.HAL_MDMA_ConfigPostRequestMask
                0x0000000008001aee       0xa4 ./Drivers/STM32H7xx_HAL_Driver/Src/stm32h7xx_hal_mdma.o
                0x0000000008001aee                HAL_MDMA_ConfigPostRequestMask
 *fill*         0x0000000008001b92        0x2 
 .text.HAL_MDMA_IRQHandler
                0x0000000008001b94      0x2ac ./Drivers/STM32H7xx_HAL_Driver/Src/stm32h7xx_hal_mdma.o
                0x0000000008001b94                HAL_MDMA_IRQHandler
 .text.MDMA_Init
                0x0000000008001e40      0x130 ./Drivers/STM32H7xx_HAL_Driver/Src/stm32h7xx_hal_mdma.o
 .text.HAL_PWREx_ConfigSupply
                0x0000000008001f70       0x74 ./Drivers/STM32H7xx_HAL_Driver/Src/stm32h7xx_hal_pwr_ex.o
                0x0000000008001f70                HAL_PWREx_ConfigSupply
 .text.HAL_RCC_OscConfig
                0x0000000008001fe4      0x758 ./Drivers/STM32H7xx_HAL_Driver/Src/stm32h7xx_hal_rcc.o
                0x0000000008001fe4                HAL_RCC_OscConfig
 .text.HAL_RCC_ClockConfig
                0x000000000800273c      0x36c ./Drivers/STM32H7xx_HAL_Driver/Src/stm32h7xx_hal_rcc.o
                0x000000000800273c                HAL_RCC_ClockConfig
 .text.HAL_RCC_GetSysClockFreq
                0x0000000008002aa8      0x2f4 ./Drivers/STM32H7xx_HAL_Driver/Src/stm32h7xx_hal_rcc.o
                0x0000000008002aa8                HAL_RCC_GetSysClockFreq
 .text.HAL_RCC_GetHCLKFreq
                0x0000000008002d9c       0x60 ./Drivers/STM32H7xx_HAL_Driver/Src/stm32h7xx_hal_rcc.o
                0x0000000008002d9c                HAL_RCC_GetHCLKFreq
 .text.HAL_RCC_GetPCLK1Freq
                0x0000000008002dfc       0x2c ./Drivers/STM32H7xx_HAL_Driver/Src/stm32h7xx_hal_rcc.o
                0x0000000008002dfc                HAL_RCC_GetPCLK1Freq
 .text.HAL_RCC_GetPCLK2Freq
                0x0000000008002e28       0x2c ./Drivers/STM32H7xx_HAL_Driver/Src/stm32h7xx_hal_rcc.o
                0x0000000008002e28                HAL_RCC_GetPCLK2Freq
 .text.HAL_RCC_GetClockConfig
                0x0000000008002e54       0x84 ./Drivers/STM32H7xx_HAL_Driver/Src/stm32h7xx_hal_rcc.o
                0x0000000008002e54                HAL_RCC_GetClockConfig
 .text.HAL_RCCEx_PeriphCLKConfig
                0x0000000008002ed8      0xdf4 ./Drivers/STM32H7xx_HAL_Driver/Src/stm32h7xx_hal_rcc_ex.o
                0x0000000008002ed8                HAL_RCCEx_PeriphCLKConfig
 .text.HAL_RCCEx_GetPeriphCLKFreq
                0x0000000008003ccc      0x848 ./Drivers/STM32H7xx_HAL_Driver/Src/stm32h7xx_hal_rcc_ex.o
                0x0000000008003ccc                HAL_RCCEx_GetPeriphCLKFreq
 .text.HAL_RCCEx_GetD3PCLK1Freq
                0x0000000008004514       0x2c ./Drivers/STM32H7xx_HAL_Driver/Src/stm32h7xx_hal_rcc_ex.o
                0x0000000008004514                HAL_RCCEx_GetD3PCLK1Freq
 .text.HAL_RCCEx_GetPLL2ClockFreq
                0x0000000008004540      0x2a8 ./Drivers/STM32H7xx_HAL_Driver/Src/stm32h7xx_hal_rcc_ex.o
                0x0000000008004540                HAL_RCCEx_GetPLL2ClockFreq
 .text.HAL_RCCEx_GetPLL3ClockFreq
                0x00000000080047e8      0x2a8 ./Drivers/STM32H7xx_HAL_Driver/Src/stm32h7xx_hal_rcc_ex.o
                0x00000000080047e8                HAL_RCCEx_GetPLL3ClockFreq
 .text.HAL_RCCEx_GetPLL1ClockFreq
                0x0000000008004a90      0x2a4 ./Drivers/STM32H7xx_HAL_Driver/Src/stm32h7xx_hal_rcc_ex.o
                0x0000000008004a90                HAL_RCCEx_GetPLL1ClockFreq
 .text.RCCEx_PLL2_Config
                0x0000000008004d34      0x164 ./Drivers/STM32H7xx_HAL_Driver/Src/stm32h7xx_hal_rcc_ex.o
 .text.RCCEx_PLL3_Config
                0x0000000008004e98      0x164 ./Drivers/STM32H7xx_HAL_Driver/Src/stm32h7xx_hal_rcc_ex.o
 .text.HAL_SD_Init
                0x0000000008004ffc      0x106 ./Drivers/STM32H7xx_HAL_Driver/Src/stm32h7xx_hal_sd.o
                0x0000000008004ffc                HAL_SD_Init
 *fill*         0x0000000008005102        0x2 
 .text.HAL_SD_InitCard
                0x0000000008005104      0x12c ./Drivers/STM32H7xx_HAL_Driver/Src/stm32h7xx_hal_sd.o
                0x0000000008005104                HAL_SD_InitCard
 .text.HAL_SD_ReadBlocks_DMA
                0x0000000008005230      0x150 ./Drivers/STM32H7xx_HAL_Driver/Src/stm32h7xx_hal_sd.o
                0x0000000008005230                HAL_SD_ReadBlocks_DMA
 .text.HAL_SD_WriteBlocks_DMA
                0x0000000008005380      0x150 ./Drivers/STM32H7xx_HAL_Driver/Src/stm32h7xx_hal_sd.o
                0x0000000008005380                HAL_SD_WriteBlocks_DMA
 .text.HAL_SD_IRQHandler
                0x00000000080054d0      0x36c ./Drivers/STM32H7xx_HAL_Driver/Src/stm32h7xx_hal_sd.o
                0x00000000080054d0                HAL_SD_IRQHandler
 .text.HAL_SD_ErrorCallback
                0x000000000800583c       0x14 ./Drivers/STM32H7xx_HAL_Driver/Src/stm32h7xx_hal_sd.o
                0x000000000800583c                HAL_SD_ErrorCallback
 .text.HAL_SD_GetCardCSD
                0x0000000008005850      0x348 ./Drivers/STM32H7xx_HAL_Driver/Src/stm32h7xx_hal_sd.o
                0x0000000008005850                HAL_SD_GetCardCSD
 .text.HAL_SD_GetCardStatus
                0x0000000008005b98      0x17c ./Drivers/STM32H7xx_HAL_Driver/Src/stm32h7xx_hal_sd.o
                0x0000000008005b98                HAL_SD_GetCardStatus
 .text.HAL_SD_GetCardInfo
                0x0000000008005d14       0x58 ./Drivers/STM32H7xx_HAL_Driver/Src/stm32h7xx_hal_sd.o
                0x0000000008005d14                HAL_SD_GetCardInfo
 .text.HAL_SD_ConfigWideBusOperation
                0x0000000008005d6c      0x224 ./Drivers/STM32H7xx_HAL_Driver/Src/stm32h7xx_hal_sd.o
                0x0000000008005d6c                HAL_SD_ConfigWideBusOperation
 .text.HAL_SD_GetCardState
                0x0000000008005f90       0x40 ./Drivers/STM32H7xx_HAL_Driver/Src/stm32h7xx_hal_sd.o
                0x0000000008005f90                HAL_SD_GetCardState
 .text.SD_InitCard
                0x0000000008005fd0      0x19c ./Drivers/STM32H7xx_HAL_Driver/Src/stm32h7xx_hal_sd.o
 .text.SD_PowerON
                0x000000000800616c      0x11c ./Drivers/STM32H7xx_HAL_Driver/Src/stm32h7xx_hal_sd.o
 .text.SD_SendSDStatus
                0x0000000008006288      0x1a0 ./Drivers/STM32H7xx_HAL_Driver/Src/stm32h7xx_hal_sd.o
 .text.SD_SendStatus
                0x0000000008006428       0x50 ./Drivers/STM32H7xx_HAL_Driver/Src/stm32h7xx_hal_sd.o
 .text.SD_WideBus_Enable
                0x0000000008006478       0x96 ./Drivers/STM32H7xx_HAL_Driver/Src/stm32h7xx_hal_sd.o
 .text.SD_WideBus_Disable
                0x000000000800650e       0x96 ./Drivers/STM32H7xx_HAL_Driver/Src/stm32h7xx_hal_sd.o
 .text.SD_FindSCR
                0x00000000080065a4      0x1a0 ./Drivers/STM32H7xx_HAL_Driver/Src/stm32h7xx_hal_sd.o
 .text.SD_Read_IT
                0x0000000008006744       0x8c ./Drivers/STM32H7xx_HAL_Driver/Src/stm32h7xx_hal_sd.o
 .text.SD_Write_IT
                0x00000000080067d0       0x94 ./Drivers/STM32H7xx_HAL_Driver/Src/stm32h7xx_hal_sd.o
 .text.HAL_SDEx_Read_DMADoubleBuf0CpltCallback
                0x0000000008006864       0x14 ./Drivers/STM32H7xx_HAL_Driver/Src/stm32h7xx_hal_sd.o
                0x0000000008006864                HAL_SDEx_Read_DMADoubleBuf0CpltCallback
 .text.HAL_SDEx_Read_DMADoubleBuf1CpltCallback
                0x0000000008006878       0x14 ./Drivers/STM32H7xx_HAL_Driver/Src/stm32h7xx_hal_sd.o
                0x0000000008006878                HAL_SDEx_Read_DMADoubleBuf1CpltCallback
 .text.HAL_SDEx_Write_DMADoubleBuf0CpltCallback
                0x000000000800688c       0x14 ./Drivers/STM32H7xx_HAL_Driver/Src/stm32h7xx_hal_sd.o
                0x000000000800688c                HAL_SDEx_Write_DMADoubleBuf0CpltCallback
 .text.HAL_SDEx_Write_DMADoubleBuf1CpltCallback
                0x00000000080068a0       0x14 ./Drivers/STM32H7xx_HAL_Driver/Src/stm32h7xx_hal_sd.o
                0x00000000080068a0                HAL_SDEx_Write_DMADoubleBuf1CpltCallback
 .text.HAL_TIM_Base_Init
                0x00000000080068b4       0xae ./Drivers/STM32H7xx_HAL_Driver/Src/stm32h7xx_hal_tim.o
                0x00000000080068b4                HAL_TIM_Base_Init
 .text.HAL_TIM_Base_MspInit
                0x0000000008006962       0x14 ./Drivers/STM32H7xx_HAL_Driver/Src/stm32h7xx_hal_tim.o
                0x0000000008006962                HAL_TIM_Base_MspInit
 *fill*         0x0000000008006976        0x2 
 .text.HAL_TIM_Base_Start_IT
                0x0000000008006978      0x10c ./Drivers/STM32H7xx_HAL_Driver/Src/stm32h7xx_hal_tim.o
                0x0000000008006978                HAL_TIM_Base_Start_IT
 .text.HAL_TIM_IRQHandler
                0x0000000008006a84      0x23e ./Drivers/STM32H7xx_HAL_Driver/Src/stm32h7xx_hal_tim.o
                0x0000000008006a84                HAL_TIM_IRQHandler
 .text.HAL_TIM_OC_DelayElapsedCallback
                0x0000000008006cc2       0x14 ./Drivers/STM32H7xx_HAL_Driver/Src/stm32h7xx_hal_tim.o
                0x0000000008006cc2                HAL_TIM_OC_DelayElapsedCallback
 .text.HAL_TIM_IC_CaptureCallback
                0x0000000008006cd6       0x14 ./Drivers/STM32H7xx_HAL_Driver/Src/stm32h7xx_hal_tim.o
                0x0000000008006cd6                HAL_TIM_IC_CaptureCallback
 .text.HAL_TIM_PWM_PulseFinishedCallback
                0x0000000008006cea       0x14 ./Drivers/STM32H7xx_HAL_Driver/Src/stm32h7xx_hal_tim.o
                0x0000000008006cea                HAL_TIM_PWM_PulseFinishedCallback
 .text.HAL_TIM_TriggerCallback
                0x0000000008006cfe       0x14 ./Drivers/STM32H7xx_HAL_Driver/Src/stm32h7xx_hal_tim.o
                0x0000000008006cfe                HAL_TIM_TriggerCallback
 *fill*         0x0000000008006d12        0x2 
 .text.TIM_Base_SetConfig
                0x0000000008006d14      0x14c ./Drivers/STM32H7xx_HAL_Driver/Src/stm32h7xx_hal_tim.o
                0x0000000008006d14                TIM_Base_SetConfig
 .text.HAL_TIMEx_CommutCallback
                0x0000000008006e60       0x14 ./Drivers/STM32H7xx_HAL_Driver/Src/stm32h7xx_hal_tim_ex.o
                0x0000000008006e60                HAL_TIMEx_CommutCallback
 .text.HAL_TIMEx_BreakCallback
                0x0000000008006e74       0x14 ./Drivers/STM32H7xx_HAL_Driver/Src/stm32h7xx_hal_tim_ex.o
                0x0000000008006e74                HAL_TIMEx_BreakCallback
 .text.HAL_TIMEx_Break2Callback
                0x0000000008006e88       0x14 ./Drivers/STM32H7xx_HAL_Driver/Src/stm32h7xx_hal_tim_ex.o
                0x0000000008006e88                HAL_TIMEx_Break2Callback
 .text.HAL_UART_Init
                0x0000000008006e9c       0xa0 ./Drivers/STM32H7xx_HAL_Driver/Src/stm32h7xx_hal_uart.o
                0x0000000008006e9c                HAL_UART_Init
 .text.UART_SetConfig
                0x0000000008006f3c      0xcbc ./Drivers/STM32H7xx_HAL_Driver/Src/stm32h7xx_hal_uart.o
                0x0000000008006f3c                UART_SetConfig
 .text.UART_AdvFeatureConfig
                0x0000000008007bf8      0x144 ./Drivers/STM32H7xx_HAL_Driver/Src/stm32h7xx_hal_uart.o
                0x0000000008007bf8                UART_AdvFeatureConfig
 .text.UART_CheckIdleState
                0x0000000008007d3c       0x96 ./Drivers/STM32H7xx_HAL_Driver/Src/stm32h7xx_hal_uart.o
                0x0000000008007d3c                UART_CheckIdleState
 .text.UART_WaitOnFlagUntilTimeout
                0x0000000008007dd2      0x190 ./Drivers/STM32H7xx_HAL_Driver/Src/stm32h7xx_hal_uart.o
                0x0000000008007dd2                UART_WaitOnFlagUntilTimeout
 .text.HAL_UARTEx_DisableFifoMode
                0x0000000008007f62       0x72 ./Drivers/STM32H7xx_HAL_Driver/Src/stm32h7xx_hal_uart_ex.o
                0x0000000008007f62                HAL_UARTEx_DisableFifoMode
 .text.HAL_UARTEx_SetTxFifoThreshold
                0x0000000008007fd4       0x7c ./Drivers/STM32H7xx_HAL_Driver/Src/stm32h7xx_hal_uart_ex.o
                0x0000000008007fd4                HAL_UARTEx_SetTxFifoThreshold
 .text.HAL_UARTEx_SetRxFifoThreshold
                0x0000000008008050       0x7c ./Drivers/STM32H7xx_HAL_Driver/Src/stm32h7xx_hal_uart_ex.o
                0x0000000008008050                HAL_UARTEx_SetRxFifoThreshold
 .text.UARTEx_SetNbDataToProcess
                0x00000000080080cc       0x9c ./Drivers/STM32H7xx_HAL_Driver/Src/stm32h7xx_hal_uart_ex.o
 .text.SDMMC_Init
                0x0000000008008168       0x54 ./Drivers/STM32H7xx_HAL_Driver/Src/stm32h7xx_ll_sdmmc.o
                0x0000000008008168                SDMMC_Init
 .text.SDMMC_ReadFIFO
                0x00000000080081bc       0x1a ./Drivers/STM32H7xx_HAL_Driver/Src/stm32h7xx_ll_sdmmc.o
                0x00000000080081bc                SDMMC_ReadFIFO
 .text.SDMMC_WriteFIFO
                0x00000000080081d6       0x22 ./Drivers/STM32H7xx_HAL_Driver/Src/stm32h7xx_ll_sdmmc.o
                0x00000000080081d6                SDMMC_WriteFIFO
 .text.SDMMC_PowerState_ON
                0x00000000080081f8       0x22 ./Drivers/STM32H7xx_HAL_Driver/Src/stm32h7xx_ll_sdmmc.o
                0x00000000080081f8                SDMMC_PowerState_ON
 .text.SDMMC_GetPowerState
                0x000000000800821a       0x1c ./Drivers/STM32H7xx_HAL_Driver/Src/stm32h7xx_ll_sdmmc.o
                0x000000000800821a                SDMMC_GetPowerState
 *fill*         0x0000000008008236        0x2 
 .text.SDMMC_SendCommand
                0x0000000008008238       0x54 ./Drivers/STM32H7xx_HAL_Driver/Src/stm32h7xx_ll_sdmmc.o
                0x0000000008008238                SDMMC_SendCommand
 .text.SDMMC_GetCommandResponse
                0x000000000800828c       0x1a ./Drivers/STM32H7xx_HAL_Driver/Src/stm32h7xx_ll_sdmmc.o
                0x000000000800828c                SDMMC_GetCommandResponse
 .text.SDMMC_GetResponse
                0x00000000080082a6       0x26 ./Drivers/STM32H7xx_HAL_Driver/Src/stm32h7xx_ll_sdmmc.o
                0x00000000080082a6                SDMMC_GetResponse
 .text.SDMMC_ConfigData
                0x00000000080082cc       0x58 ./Drivers/STM32H7xx_HAL_Driver/Src/stm32h7xx_ll_sdmmc.o
                0x00000000080082cc                SDMMC_ConfigData
 .text.SDMMC_CmdBlockLength
                0x0000000008008324       0x46 ./Drivers/STM32H7xx_HAL_Driver/Src/stm32h7xx_ll_sdmmc.o
                0x0000000008008324                SDMMC_CmdBlockLength
 .text.SDMMC_CmdReadSingleBlock
                0x000000000800836a       0x46 ./Drivers/STM32H7xx_HAL_Driver/Src/stm32h7xx_ll_sdmmc.o
                0x000000000800836a                SDMMC_CmdReadSingleBlock
 .text.SDMMC_CmdReadMultiBlock
                0x00000000080083b0       0x46 ./Drivers/STM32H7xx_HAL_Driver/Src/stm32h7xx_ll_sdmmc.o
                0x00000000080083b0                SDMMC_CmdReadMultiBlock
 .text.SDMMC_CmdWriteSingleBlock
                0x00000000080083f6       0x46 ./Drivers/STM32H7xx_HAL_Driver/Src/stm32h7xx_ll_sdmmc.o
                0x00000000080083f6                SDMMC_CmdWriteSingleBlock
 .text.SDMMC_CmdWriteMultiBlock
                0x000000000800843c       0x46 ./Drivers/STM32H7xx_HAL_Driver/Src/stm32h7xx_ll_sdmmc.o
                0x000000000800843c                SDMMC_CmdWriteMultiBlock
 *fill*         0x0000000008008482        0x2 
 .text.SDMMC_CmdStopTransfer
                0x0000000008008484       0x78 ./Drivers/STM32H7xx_HAL_Driver/Src/stm32h7xx_ll_sdmmc.o
                0x0000000008008484                SDMMC_CmdStopTransfer
 .text.SDMMC_CmdSelDesel
                0x00000000080084fc       0x46 ./Drivers/STM32H7xx_HAL_Driver/Src/stm32h7xx_ll_sdmmc.o
                0x00000000080084fc                SDMMC_CmdSelDesel
 .text.SDMMC_CmdGoIdleState
                0x0000000008008542       0x3c ./Drivers/STM32H7xx_HAL_Driver/Src/stm32h7xx_ll_sdmmc.o
                0x0000000008008542                SDMMC_CmdGoIdleState
 .text.SDMMC_CmdOperCond
                0x000000000800857e       0x40 ./Drivers/STM32H7xx_HAL_Driver/Src/stm32h7xx_ll_sdmmc.o
                0x000000000800857e                SDMMC_CmdOperCond
 .text.SDMMC_CmdAppCommand
                0x00000000080085be       0x46 ./Drivers/STM32H7xx_HAL_Driver/Src/stm32h7xx_ll_sdmmc.o
                0x00000000080085be                SDMMC_CmdAppCommand
 .text.SDMMC_CmdAppOperCommand
                0x0000000008008604       0x40 ./Drivers/STM32H7xx_HAL_Driver/Src/stm32h7xx_ll_sdmmc.o
                0x0000000008008604                SDMMC_CmdAppOperCommand
 .text.SDMMC_CmdBusWidth
                0x0000000008008644       0x46 ./Drivers/STM32H7xx_HAL_Driver/Src/stm32h7xx_ll_sdmmc.o
                0x0000000008008644                SDMMC_CmdBusWidth
 .text.SDMMC_CmdSendSCR
                0x000000000800868a       0x44 ./Drivers/STM32H7xx_HAL_Driver/Src/stm32h7xx_ll_sdmmc.o
                0x000000000800868a                SDMMC_CmdSendSCR
 .text.SDMMC_CmdSendCID
                0x00000000080086ce       0x3e ./Drivers/STM32H7xx_HAL_Driver/Src/stm32h7xx_ll_sdmmc.o
                0x00000000080086ce                SDMMC_CmdSendCID
 .text.SDMMC_CmdSendCSD
                0x000000000800870c       0x40 ./Drivers/STM32H7xx_HAL_Driver/Src/stm32h7xx_ll_sdmmc.o
                0x000000000800870c                SDMMC_CmdSendCSD
 .text.SDMMC_CmdSetRelAdd
                0x000000000800874c       0x44 ./Drivers/STM32H7xx_HAL_Driver/Src/stm32h7xx_ll_sdmmc.o
                0x000000000800874c                SDMMC_CmdSetRelAdd
 .text.SDMMC_CmdSendStatus
                0x0000000008008790       0x46 ./Drivers/STM32H7xx_HAL_Driver/Src/stm32h7xx_ll_sdmmc.o
                0x0000000008008790                SDMMC_CmdSendStatus
 .text.SDMMC_CmdStatusRegister
                0x00000000080087d6       0x44 ./Drivers/STM32H7xx_HAL_Driver/Src/stm32h7xx_ll_sdmmc.o
                0x00000000080087d6                SDMMC_CmdStatusRegister
 *fill*         0x000000000800881a        0x2 
 .text.SDMMC_GetCmdResp1
                0x000000000800881c      0x1e4 ./Drivers/STM32H7xx_HAL_Driver/Src/stm32h7xx_ll_sdmmc.o
                0x000000000800881c                SDMMC_GetCmdResp1
 .text.SDMMC_GetCmdResp2
                0x0000000008008a00       0x94 ./Drivers/STM32H7xx_HAL_Driver/Src/stm32h7xx_ll_sdmmc.o
                0x0000000008008a00                SDMMC_GetCmdResp2
 .text.SDMMC_GetCmdResp3
                0x0000000008008a94       0x80 ./Drivers/STM32H7xx_HAL_Driver/Src/stm32h7xx_ll_sdmmc.o
                0x0000000008008a94                SDMMC_GetCmdResp3
 .text.SDMMC_GetCmdResp6
                0x0000000008008b14       0xf0 ./Drivers/STM32H7xx_HAL_Driver/Src/stm32h7xx_ll_sdmmc.o
                0x0000000008008b14                SDMMC_GetCmdResp6
 .text.SDMMC_GetCmdResp7
                0x0000000008008c04       0x9c ./Drivers/STM32H7xx_HAL_Driver/Src/stm32h7xx_ll_sdmmc.o
                0x0000000008008c04                SDMMC_GetCmdResp7
 .text.SDMMC_GetCmdError
                0x0000000008008ca0       0x5c ./Drivers/STM32H7xx_HAL_Driver/Src/stm32h7xx_ll_sdmmc.o
 .text.MX_FATFS_Init
                0x0000000008008cfc       0x24 ./FATFS/App/fatfs.o
                0x0000000008008cfc                MX_FATFS_Init
 .text.get_fattime
                0x0000000008008d20       0x10 ./FATFS/App/fatfs.o
                0x0000000008008d20                get_fattime
 .text.BSP_SD_Init
                0x0000000008008d30       0x4c ./FATFS/Target/bsp_driver_sd.o
                0x0000000008008d30                BSP_SD_Init
 .text.BSP_SD_ReadBlocks_DMA
                0x0000000008008d7c       0x34 ./FATFS/Target/bsp_driver_sd.o
                0x0000000008008d7c                BSP_SD_ReadBlocks_DMA
 .text.BSP_SD_WriteBlocks_DMA
                0x0000000008008db0       0x34 ./FATFS/Target/bsp_driver_sd.o
                0x0000000008008db0                BSP_SD_WriteBlocks_DMA
 .text.BSP_SD_GetCardState
                0x0000000008008de4       0x20 ./FATFS/Target/bsp_driver_sd.o
                0x0000000008008de4                BSP_SD_GetCardState
 .text.BSP_SD_GetCardInfo
                0x0000000008008e04       0x1c ./FATFS/Target/bsp_driver_sd.o
                0x0000000008008e04                BSP_SD_GetCardInfo
 .text.HAL_SD_TxCpltCallback
                0x0000000008008e20       0x14 ./FATFS/Target/bsp_driver_sd.o
                0x0000000008008e20                HAL_SD_TxCpltCallback
 .text.HAL_SD_RxCpltCallback
                0x0000000008008e34       0x14 ./FATFS/Target/bsp_driver_sd.o
                0x0000000008008e34                HAL_SD_RxCpltCallback
 .text.BSP_SD_IsDetected
                0x0000000008008e48       0x24 ./FATFS/Target/bsp_driver_sd.o
                0x0000000008008e48                BSP_SD_IsDetected
 .text.BSP_PlatformIsDetected
                0x0000000008008e6c       0x2c ./FATFS/Target/fatfs_platform.o
                0x0000000008008e6c                BSP_PlatformIsDetected
 .text.SD_CheckStatusWithTimeout
                0x0000000008008e98       0x3a ./FATFS/Target/sd_diskio.o
 *fill*         0x0000000008008ed2        0x2 
 .text.SD_CheckStatus
                0x0000000008008ed4       0x3c ./FATFS/Target/sd_diskio.o
 .text.SD_initialize
                0x0000000008008f10       0x84 ./FATFS/Target/sd_diskio.o
                0x0000000008008f10                SD_initialize
 .text.SD_status
                0x0000000008008f94       0x1c ./FATFS/Target/sd_diskio.o
                0x0000000008008f94                SD_status
 .text.SD_read  0x0000000008008fb0       0x94 ./FATFS/Target/sd_diskio.o
                0x0000000008008fb0                SD_read
 .text.SD_write
                0x0000000008009044       0x90 ./FATFS/Target/sd_diskio.o
                0x0000000008009044                SD_write
 .text.SD_ioctl
                0x00000000080090d4       0xb0 ./FATFS/Target/sd_diskio.o
                0x00000000080090d4                SD_ioctl
 .text.BSP_SD_WriteCpltCallback
                0x0000000008009184       0x24 ./FATFS/Target/sd_diskio.o
                0x0000000008009184                BSP_SD_WriteCpltCallback
 .text.BSP_SD_ReadCpltCallback
                0x00000000080091a8       0x24 ./FATFS/Target/sd_diskio.o
                0x00000000080091a8                BSP_SD_ReadCpltCallback
 .text.disk_status
                0x00000000080091cc       0x34 ./Middlewares/Third_Party/FatFs/src/diskio.o
                0x00000000080091cc                disk_status
 .text.disk_initialize
                0x0000000008009200       0x4c ./Middlewares/Third_Party/FatFs/src/diskio.o
                0x0000000008009200                disk_initialize
 .text.disk_read
                0x000000000800924c       0x40 ./Middlewares/Third_Party/FatFs/src/diskio.o
                0x000000000800924c                disk_read
 .text.disk_write
                0x000000000800928c       0x40 ./Middlewares/Third_Party/FatFs/src/diskio.o
                0x000000000800928c                disk_write
 .text.disk_ioctl
                0x00000000080092cc       0x3c ./Middlewares/Third_Party/FatFs/src/diskio.o
                0x00000000080092cc                disk_ioctl
 .text.ld_word  0x0000000008009308       0x30 ./Middlewares/Third_Party/FatFs/src/ff.o
 .text.ld_dword
                0x0000000008009338       0x46 ./Middlewares/Third_Party/FatFs/src/ff.o
 .text.st_word  0x000000000800937e       0x36 ./Middlewares/Third_Party/FatFs/src/ff.o
 .text.st_dword
                0x00000000080093b4       0x58 ./Middlewares/Third_Party/FatFs/src/ff.o
 .text.mem_cpy  0x000000000800940c       0x42 ./Middlewares/Third_Party/FatFs/src/ff.o
 .text.mem_set  0x000000000800944e       0x36 ./Middlewares/Third_Party/FatFs/src/ff.o
 .text.mem_cmp  0x0000000008009484       0x4e ./Middlewares/Third_Party/FatFs/src/ff.o
 .text.chk_chr  0x00000000080094d2       0x36 ./Middlewares/Third_Party/FatFs/src/ff.o
 .text.lock_fs  0x0000000008009508       0x2c ./Middlewares/Third_Party/FatFs/src/ff.o
 .text.unlock_fs
                0x0000000008009534       0x36 ./Middlewares/Third_Party/FatFs/src/ff.o
 *fill*         0x000000000800956a        0x2 
 .text.chk_lock
                0x000000000800956c       0xb8 ./Middlewares/Third_Party/FatFs/src/ff.o
 .text.enq_lock
                0x0000000008009624       0x44 ./Middlewares/Third_Party/FatFs/src/ff.o
 .text.inc_lock
                0x0000000008009668      0x11c ./Middlewares/Third_Party/FatFs/src/ff.o
 .text.dec_lock
                0x0000000008009784       0x78 ./Middlewares/Third_Party/FatFs/src/ff.o
 .text.clear_lock
                0x00000000080097fc       0x48 ./Middlewares/Third_Party/FatFs/src/ff.o
 .text.sync_window
                0x0000000008009844       0x88 ./Middlewares/Third_Party/FatFs/src/ff.o
 .text.move_window
                0x00000000080098cc       0x5a ./Middlewares/Third_Party/FatFs/src/ff.o
 *fill*         0x0000000008009926        0x2 
 .text.sync_fs  0x0000000008009928       0xdc ./Middlewares/Third_Party/FatFs/src/ff.o
 .text.clust2sect
                0x0000000008009a04       0x3e ./Middlewares/Third_Party/FatFs/src/ff.o
 .text.get_fat  0x0000000008009a42      0x150 ./Middlewares/Third_Party/FatFs/src/ff.o
 .text.put_fat  0x0000000008009b92      0x1d8 ./Middlewares/Third_Party/FatFs/src/ff.o
 .text.remove_chain
                0x0000000008009d6a       0xca ./Middlewares/Third_Party/FatFs/src/ff.o
 .text.create_chain
                0x0000000008009e34      0x130 ./Middlewares/Third_Party/FatFs/src/ff.o
 .text.clmt_clust
                0x0000000008009f64       0x68 ./Middlewares/Third_Party/FatFs/src/ff.o
 .text.dir_sdi  0x0000000008009fcc       0xf6 ./Middlewares/Third_Party/FatFs/src/ff.o
 .text.dir_next
                0x000000000800a0c2      0x18a ./Middlewares/Third_Party/FatFs/src/ff.o
 .text.dir_alloc
                0x000000000800a24c       0x8e ./Middlewares/Third_Party/FatFs/src/ff.o
 .text.ld_clust
                0x000000000800a2da       0x3e ./Middlewares/Third_Party/FatFs/src/ff.o
 .text.st_clust
                0x000000000800a318       0x40 ./Middlewares/Third_Party/FatFs/src/ff.o
 .text.dir_find
                0x000000000800a358       0xaa ./Middlewares/Third_Party/FatFs/src/ff.o
 .text.dir_register
                0x000000000800a402       0x64 ./Middlewares/Third_Party/FatFs/src/ff.o
 *fill*         0x000000000800a466        0x2 
 .text.create_name
                0x000000000800a468      0x128 ./Middlewares/Third_Party/FatFs/src/ff.o
 .text.follow_path
                0x000000000800a590       0xe2 ./Middlewares/Third_Party/FatFs/src/ff.o
 .text.get_ldnumber
                0x000000000800a672       0x88 ./Middlewares/Third_Party/FatFs/src/ff.o
 *fill*         0x000000000800a6fa        0x2 
 .text.check_fs
                0x000000000800a6fc       0xac ./Middlewares/Third_Party/FatFs/src/ff.o
 .text.find_volume
                0x000000000800a7a8      0x4a8 ./Middlewares/Third_Party/FatFs/src/ff.o
 .text.validate
                0x000000000800ac50       0x8e ./Middlewares/Third_Party/FatFs/src/ff.o
 *fill*         0x000000000800acde        0x2 
 .text.f_mount  0x000000000800ace0       0xc8 ./Middlewares/Third_Party/FatFs/src/ff.o
                0x000000000800ace0                f_mount
 .text.f_open   0x000000000800ada8      0x38a ./Middlewares/Third_Party/FatFs/src/ff.o
                0x000000000800ada8                f_open
 .text.f_write  0x000000000800b132      0x348 ./Middlewares/Third_Party/FatFs/src/ff.o
                0x000000000800b132                f_write
 .text.f_sync   0x000000000800b47a      0x112 ./Middlewares/Third_Party/FatFs/src/ff.o
                0x000000000800b47a                f_sync
 .text.f_close  0x000000000800b58c       0x5e ./Middlewares/Third_Party/FatFs/src/ff.o
                0x000000000800b58c                f_close
 *fill*         0x000000000800b5ea        0x2 
 .text.f_mkfs   0x000000000800b5ec      0x858 ./Middlewares/Third_Party/FatFs/src/ff.o
                0x000000000800b5ec                f_mkfs
 .text.FATFS_LinkDriverEx
                0x000000000800be44       0x98 ./Middlewares/Third_Party/FatFs/src/ff_gen_drv.o
                0x000000000800be44                FATFS_LinkDriverEx
 .text.FATFS_LinkDriver
                0x000000000800bedc       0x1e ./Middlewares/Third_Party/FatFs/src/ff_gen_drv.o
                0x000000000800bedc                FATFS_LinkDriver
 .text.ff_cre_syncobj
                0x000000000800befa       0x36 ./Middlewares/Third_Party/FatFs/src/option/syscall.o
                0x000000000800befa                ff_cre_syncobj
 .text.ff_del_syncobj
                0x000000000800bf30       0x18 ./Middlewares/Third_Party/FatFs/src/option/syscall.o
                0x000000000800bf30                ff_del_syncobj
 .text.ff_req_grant
                0x000000000800bf48       0x2a ./Middlewares/Third_Party/FatFs/src/option/syscall.o
                0x000000000800bf48                ff_req_grant
 .text.ff_rel_grant
                0x000000000800bf72       0x16 ./Middlewares/Third_Party/FatFs/src/option/syscall.o
                0x000000000800bf72                ff_rel_grant
 .text.__NVIC_SetPriority
                0x000000000800bf88       0x54 ./Middlewares/Third_Party/FreeRTOS/Source/CMSIS_RTOS_V2/cmsis_os2.o
 .text.SysTick_Handler
                0x000000000800bfdc       0x20 ./Middlewares/Third_Party/FreeRTOS/Source/CMSIS_RTOS_V2/cmsis_os2.o
                0x000000000800bfdc                SysTick_Handler
 .text.SVC_Setup
                0x000000000800bffc       0x12 ./Middlewares/Third_Party/FreeRTOS/Source/CMSIS_RTOS_V2/cmsis_os2.o
 *fill*         0x000000000800c00e        0x2 
 .text.osKernelInitialize
                0x000000000800c010       0x48 ./Middlewares/Third_Party/FreeRTOS/Source/CMSIS_RTOS_V2/cmsis_os2.o
                0x000000000800c010                osKernelInitialize
 .text.osKernelGetState
                0x000000000800c058       0x44 ./Middlewares/Third_Party/FreeRTOS/Source/CMSIS_RTOS_V2/cmsis_os2.o
                0x000000000800c058                osKernelGetState
 .text.osKernelStart
                0x000000000800c09c       0x4c ./Middlewares/Third_Party/FreeRTOS/Source/CMSIS_RTOS_V2/cmsis_os2.o
                0x000000000800c09c                osKernelStart
 .text.osKernelGetTickCount
                0x000000000800c0e8       0x2a ./Middlewares/Third_Party/FreeRTOS/Source/CMSIS_RTOS_V2/cmsis_os2.o
                0x000000000800c0e8                osKernelGetTickCount
 .text.osThreadNew
                0x000000000800c112      0x124 ./Middlewares/Third_Party/FreeRTOS/Source/CMSIS_RTOS_V2/cmsis_os2.o
                0x000000000800c112                osThreadNew
 .text.osDelay  0x000000000800c236       0x36 ./Middlewares/Third_Party/FreeRTOS/Source/CMSIS_RTOS_V2/cmsis_os2.o
                0x000000000800c236                osDelay
 .text.osSemaphoreNew
                0x000000000800c26c      0x112 ./Middlewares/Third_Party/FreeRTOS/Source/CMSIS_RTOS_V2/cmsis_os2.o
                0x000000000800c26c                osSemaphoreNew
 *fill*         0x000000000800c37e        0x2 
 .text.osSemaphoreAcquire
                0x000000000800c380       0xa4 ./Middlewares/Third_Party/FreeRTOS/Source/CMSIS_RTOS_V2/cmsis_os2.o
                0x000000000800c380                osSemaphoreAcquire
 .text.osSemaphoreRelease
                0x000000000800c424       0x88 ./Middlewares/Third_Party/FreeRTOS/Source/CMSIS_RTOS_V2/cmsis_os2.o
                0x000000000800c424                osSemaphoreRelease
 .text.osSemaphoreDelete
                0x000000000800c4ac       0x48 ./Middlewares/Third_Party/FreeRTOS/Source/CMSIS_RTOS_V2/cmsis_os2.o
                0x000000000800c4ac                osSemaphoreDelete
 .text.osMessageQueueNew
                0x000000000800c4f4       0xe6 ./Middlewares/Third_Party/FreeRTOS/Source/CMSIS_RTOS_V2/cmsis_os2.o
                0x000000000800c4f4                osMessageQueueNew
 *fill*         0x000000000800c5da        0x2 
 .text.osMessageQueuePut
                0x000000000800c5dc       0xc0 ./Middlewares/Third_Party/FreeRTOS/Source/CMSIS_RTOS_V2/cmsis_os2.o
                0x000000000800c5dc                osMessageQueuePut
 .text.osMessageQueueGet
                0x000000000800c69c       0xbc ./Middlewares/Third_Party/FreeRTOS/Source/CMSIS_RTOS_V2/cmsis_os2.o
                0x000000000800c69c                osMessageQueueGet
 .text.vApplicationGetIdleTaskMemory
                0x000000000800c758       0x34 ./Middlewares/Third_Party/FreeRTOS/Source/CMSIS_RTOS_V2/cmsis_os2.o
                0x000000000800c758                vApplicationGetIdleTaskMemory
 .text.vApplicationGetTimerTaskMemory
                0x000000000800c78c       0x34 ./Middlewares/Third_Party/FreeRTOS/Source/CMSIS_RTOS_V2/cmsis_os2.o
                0x000000000800c78c                vApplicationGetTimerTaskMemory
 .text.vListInitialise
                0x000000000800c7c0       0x40 ./Middlewares/Third_Party/FreeRTOS/Source/list.o
                0x000000000800c7c0                vListInitialise
 .text.vListInitialiseItem
                0x000000000800c800       0x1a ./Middlewares/Third_Party/FreeRTOS/Source/list.o
                0x000000000800c800                vListInitialiseItem
 .text.vListInsertEnd
                0x000000000800c81a       0x48 ./Middlewares/Third_Party/FreeRTOS/Source/list.o
                0x000000000800c81a                vListInsertEnd
 .text.vListInsert
                0x000000000800c862       0x72 ./Middlewares/Third_Party/FreeRTOS/Source/list.o
                0x000000000800c862                vListInsert
 .text.uxListRemove
                0x000000000800c8d4       0x54 ./Middlewares/Third_Party/FreeRTOS/Source/list.o
                0x000000000800c8d4                uxListRemove
 .text.xQueueGenericReset
                0x000000000800c928       0xd0 ./Middlewares/Third_Party/FreeRTOS/Source/queue.o
                0x000000000800c928                xQueueGenericReset
 .text.xQueueGenericCreateStatic
                0x000000000800c9f8       0xf0 ./Middlewares/Third_Party/FreeRTOS/Source/queue.o
                0x000000000800c9f8                xQueueGenericCreateStatic
 .text.xQueueGenericCreate
                0x000000000800cae8       0x74 ./Middlewares/Third_Party/FreeRTOS/Source/queue.o
                0x000000000800cae8                xQueueGenericCreate
 .text.prvInitialiseNewQueue
                0x000000000800cb5c       0x46 ./Middlewares/Third_Party/FreeRTOS/Source/queue.o
 .text.xQueueCreateCountingSemaphoreStatic
                0x000000000800cba2       0x6e ./Middlewares/Third_Party/FreeRTOS/Source/queue.o
                0x000000000800cba2                xQueueCreateCountingSemaphoreStatic
 .text.xQueueCreateCountingSemaphore
                0x000000000800cc10       0x66 ./Middlewares/Third_Party/FreeRTOS/Source/queue.o
                0x000000000800cc10                xQueueCreateCountingSemaphore
 *fill*         0x000000000800cc76        0x2 
 .text.xQueueGenericSend
                0x000000000800cc78      0x1fc ./Middlewares/Third_Party/FreeRTOS/Source/queue.o
                0x000000000800cc78                xQueueGenericSend
 .text.xQueueGenericSendFromISR
                0x000000000800ce74      0x136 ./Middlewares/Third_Party/FreeRTOS/Source/queue.o
                0x000000000800ce74                xQueueGenericSendFromISR
 .text.xQueueGiveFromISR
                0x000000000800cfaa      0x11a ./Middlewares/Third_Party/FreeRTOS/Source/queue.o
                0x000000000800cfaa                xQueueGiveFromISR
 .text.xQueueReceive
                0x000000000800d0c4      0x1c0 ./Middlewares/Third_Party/FreeRTOS/Source/queue.o
                0x000000000800d0c4                xQueueReceive
 .text.xQueueSemaphoreTake
                0x000000000800d284      0x218 ./Middlewares/Third_Party/FreeRTOS/Source/queue.o
                0x000000000800d284                xQueueSemaphoreTake
 .text.xQueueReceiveFromISR
                0x000000000800d49c      0x100 ./Middlewares/Third_Party/FreeRTOS/Source/queue.o
                0x000000000800d49c                xQueueReceiveFromISR
 .text.vQueueDelete
                0x000000000800d59c       0x46 ./Middlewares/Third_Party/FreeRTOS/Source/queue.o
                0x000000000800d59c                vQueueDelete
 .text.prvGetDisinheritPriorityAfterTimeout
                0x000000000800d5e2       0x30 ./Middlewares/Third_Party/FreeRTOS/Source/queue.o
 .text.prvCopyDataToQueue
                0x000000000800d612       0xd4 ./Middlewares/Third_Party/FreeRTOS/Source/queue.o
 .text.prvCopyDataFromQueue
                0x000000000800d6e6       0x4c ./Middlewares/Third_Party/FreeRTOS/Source/queue.o
 .text.prvUnlockQueue
                0x000000000800d732       0xa4 ./Middlewares/Third_Party/FreeRTOS/Source/queue.o
 .text.prvIsQueueEmpty
                0x000000000800d7d6       0x2c ./Middlewares/Third_Party/FreeRTOS/Source/queue.o
 .text.prvIsQueueFull
                0x000000000800d802       0x30 ./Middlewares/Third_Party/FreeRTOS/Source/queue.o
 *fill*         0x000000000800d832        0x2 
 .text.vQueueAddToRegistry
                0x000000000800d834       0x54 ./Middlewares/Third_Party/FreeRTOS/Source/queue.o
                0x000000000800d834                vQueueAddToRegistry
 .text.vQueueUnregisterQueue
                0x000000000800d888       0x54 ./Middlewares/Third_Party/FreeRTOS/Source/queue.o
                0x000000000800d888                vQueueUnregisterQueue
 .text.vQueueWaitForMessageRestricted
                0x000000000800d8dc       0x68 ./Middlewares/Third_Party/FreeRTOS/Source/queue.o
                0x000000000800d8dc                vQueueWaitForMessageRestricted
 .text.xTaskCreateStatic
                0x000000000800d944       0xba ./Middlewares/Third_Party/FreeRTOS/Source/tasks.o
                0x000000000800d944                xTaskCreateStatic
 .text.xTaskCreate
                0x000000000800d9fe       0x8a ./Middlewares/Third_Party/FreeRTOS/Source/tasks.o
                0x000000000800d9fe                xTaskCreate
 .text.prvInitialiseNewTask
                0x000000000800da88      0x14c ./Middlewares/Third_Party/FreeRTOS/Source/tasks.o
 .text.prvAddNewTaskToReadyList
                0x000000000800dbd4       0xe0 ./Middlewares/Third_Party/FreeRTOS/Source/tasks.o
 .text.vTaskDelay
                0x000000000800dcb4       0x68 ./Middlewares/Third_Party/FreeRTOS/Source/tasks.o
                0x000000000800dcb4                vTaskDelay
 .text.vTaskStartScheduler
                0x000000000800dd1c       0xe0 ./Middlewares/Third_Party/FreeRTOS/Source/tasks.o
                0x000000000800dd1c                vTaskStartScheduler
 .text.vTaskSuspendAll
                0x000000000800ddfc       0x1c ./Middlewares/Third_Party/FreeRTOS/Source/tasks.o
                0x000000000800ddfc                vTaskSuspendAll
 .text.xTaskResumeAll
                0x000000000800de18      0x13c ./Middlewares/Third_Party/FreeRTOS/Source/tasks.o
                0x000000000800de18                xTaskResumeAll
 .text.xTaskGetTickCount
                0x000000000800df54       0x20 ./Middlewares/Third_Party/FreeRTOS/Source/tasks.o
                0x000000000800df54                xTaskGetTickCount
 .text.xTaskGetTickCountFromISR
                0x000000000800df74       0x24 ./Middlewares/Third_Party/FreeRTOS/Source/tasks.o
                0x000000000800df74                xTaskGetTickCountFromISR
 .text.xTaskIncrementTick
                0x000000000800df98      0x174 ./Middlewares/Third_Party/FreeRTOS/Source/tasks.o
                0x000000000800df98                xTaskIncrementTick
 .text.vTaskSwitchContext
                0x000000000800e10c       0xc8 ./Middlewares/Third_Party/FreeRTOS/Source/tasks.o
                0x000000000800e10c                vTaskSwitchContext
 .text.vTaskPlaceOnEventList
                0x000000000800e1d4       0x48 ./Middlewares/Third_Party/FreeRTOS/Source/tasks.o
                0x000000000800e1d4                vTaskPlaceOnEventList
 .text.vTaskPlaceOnEventListRestricted
                0x000000000800e21c       0x58 ./Middlewares/Third_Party/FreeRTOS/Source/tasks.o
                0x000000000800e21c                vTaskPlaceOnEventListRestricted
 .text.xTaskRemoveFromEventList
                0x000000000800e274       0xc8 ./Middlewares/Third_Party/FreeRTOS/Source/tasks.o
                0x000000000800e274                xTaskRemoveFromEventList
 .text.vTaskInternalSetTimeOutState
                0x000000000800e33c       0x2c ./Middlewares/Third_Party/FreeRTOS/Source/tasks.o
                0x000000000800e33c                vTaskInternalSetTimeOutState
 .text.xTaskCheckForTimeOut
                0x000000000800e368       0xc4 ./Middlewares/Third_Party/FreeRTOS/Source/tasks.o
                0x000000000800e368                xTaskCheckForTimeOut
 .text.vTaskMissedYield
                0x000000000800e42c       0x18 ./Middlewares/Third_Party/FreeRTOS/Source/tasks.o
                0x000000000800e42c                vTaskMissedYield
 .text.prvIdleTask
                0x000000000800e444       0x30 ./Middlewares/Third_Party/FreeRTOS/Source/tasks.o
 .text.prvInitialiseTaskLists
                0x000000000800e474       0x80 ./Middlewares/Third_Party/FreeRTOS/Source/tasks.o
 .text.prvCheckTasksWaitingTermination
                0x000000000800e4f4       0x5c ./Middlewares/Third_Party/FreeRTOS/Source/tasks.o
 .text.prvDeleteTCB
                0x000000000800e550       0x68 ./Middlewares/Third_Party/FreeRTOS/Source/tasks.o
 .text.prvResetNextTaskUnblockTime
                0x000000000800e5b8       0x40 ./Middlewares/Third_Party/FreeRTOS/Source/tasks.o
 .text.xTaskGetSchedulerState
                0x000000000800e5f8       0x3c ./Middlewares/Third_Party/FreeRTOS/Source/tasks.o
                0x000000000800e5f8                xTaskGetSchedulerState
 .text.xTaskPriorityInherit
                0x000000000800e634       0xd0 ./Middlewares/Third_Party/FreeRTOS/Source/tasks.o
                0x000000000800e634                xTaskPriorityInherit
 .text.xTaskPriorityDisinherit
                0x000000000800e704       0xdc ./Middlewares/Third_Party/FreeRTOS/Source/tasks.o
                0x000000000800e704                xTaskPriorityDisinherit
 .text.vTaskPriorityDisinheritAfterTimeout
                0x000000000800e7e0      0x104 ./Middlewares/Third_Party/FreeRTOS/Source/tasks.o
                0x000000000800e7e0                vTaskPriorityDisinheritAfterTimeout
 .text.pvTaskIncrementMutexHeldCount
                0x000000000800e8e4       0x28 ./Middlewares/Third_Party/FreeRTOS/Source/tasks.o
                0x000000000800e8e4                pvTaskIncrementMutexHeldCount
 .text.prvAddCurrentTaskToDelayedList
                0x000000000800e90c       0xa8 ./Middlewares/Third_Party/FreeRTOS/Source/tasks.o
 .text.xTimerCreateTimerTask
                0x000000000800e9b4       0x90 ./Middlewares/Third_Party/FreeRTOS/Source/timers.o
                0x000000000800e9b4                xTimerCreateTimerTask
 .text.xTimerGenericCommand
                0x000000000800ea44       0x9c ./Middlewares/Third_Party/FreeRTOS/Source/timers.o
                0x000000000800ea44                xTimerGenericCommand
 .text.prvProcessExpiredTimer
                0x000000000800eae0       0x98 ./Middlewares/Third_Party/FreeRTOS/Source/timers.o
 .text.prvTimerTask
                0x000000000800eb78       0x24 ./Middlewares/Third_Party/FreeRTOS/Source/timers.o
 .text.prvProcessTimerOrBlockTask
                0x000000000800eb9c       0x9c ./Middlewares/Third_Party/FreeRTOS/Source/timers.o
 .text.prvGetNextExpireTime
                0x000000000800ec38       0x48 ./Middlewares/Third_Party/FreeRTOS/Source/timers.o
 .text.prvSampleTimeNow
                0x000000000800ec80       0x40 ./Middlewares/Third_Party/FreeRTOS/Source/timers.o
 .text.prvInsertTimerInActiveList
                0x000000000800ecc0       0x84 ./Middlewares/Third_Party/FreeRTOS/Source/timers.o
 .text.prvProcessReceivedCommands
                0x000000000800ed44      0x1c4 ./Middlewares/Third_Party/FreeRTOS/Source/timers.o
 .text.prvSwitchTimerLists
                0x000000000800ef08       0xc8 ./Middlewares/Third_Party/FreeRTOS/Source/timers.o
 .text.prvCheckForValidListAndQueue
                0x000000000800efd0       0x80 ./Middlewares/Third_Party/FreeRTOS/Source/timers.o
 .text.pxPortInitialiseStack
                0x000000000800f050       0x68 ./Middlewares/Third_Party/FreeRTOS/Source/portable/GCC/ARM_CM4F/port.o
                0x000000000800f050                pxPortInitialiseStack
 .text.prvTaskExitError
                0x000000000800f0b8       0x58 ./Middlewares/Third_Party/FreeRTOS/Source/portable/GCC/ARM_CM4F/port.o
 .text.SVC_Handler
                0x000000000800f110       0x28 ./Middlewares/Third_Party/FreeRTOS/Source/portable/GCC/ARM_CM4F/port.o
                0x000000000800f110                SVC_Handler
 .text.prvPortStartFirstTask
                0x000000000800f138       0x28 ./Middlewares/Third_Party/FreeRTOS/Source/portable/GCC/ARM_CM4F/port.o
 .text.xPortStartScheduler
                0x000000000800f160      0x144 ./Middlewares/Third_Party/FreeRTOS/Source/portable/GCC/ARM_CM4F/port.o
                0x000000000800f160                xPortStartScheduler
 .text.vPortEnterCritical
                0x000000000800f2a4       0x60 ./Middlewares/Third_Party/FreeRTOS/Source/portable/GCC/ARM_CM4F/port.o
                0x000000000800f2a4                vPortEnterCritical
 .text.vPortExitCritical
                0x000000000800f304       0x54 ./Middlewares/Third_Party/FreeRTOS/Source/portable/GCC/ARM_CM4F/port.o
                0x000000000800f304                vPortExitCritical
 *fill*         0x000000000800f358        0x8 
 .text.PendSV_Handler
                0x000000000800f360       0x68 ./Middlewares/Third_Party/FreeRTOS/Source/portable/GCC/ARM_CM4F/port.o
                0x000000000800f360                PendSV_Handler
 .text.xPortSysTickHandler
                0x000000000800f3c8       0x44 ./Middlewares/Third_Party/FreeRTOS/Source/portable/GCC/ARM_CM4F/port.o
                0x000000000800f3c8                xPortSysTickHandler
 .text.vPortSetupTimerInterrupt
                0x000000000800f40c       0x48 ./Middlewares/Third_Party/FreeRTOS/Source/portable/GCC/ARM_CM4F/port.o
                0x000000000800f40c                vPortSetupTimerInterrupt
 .text.vPortEnableVFP
                0x000000000800f454       0x14 ./Middlewares/Third_Party/FreeRTOS/Source/portable/GCC/ARM_CM4F/port.o
 .text.vPortValidateInterruptPriority
                0x000000000800f468       0x80 ./Middlewares/Third_Party/FreeRTOS/Source/portable/GCC/ARM_CM4F/port.o
                0x000000000800f468                vPortValidateInterruptPriority
 .text.pvPortMalloc
                0x000000000800f4e8      0x198 ./Middlewares/Third_Party/FreeRTOS/Source/portable/MemMang/heap_4.o
                0x000000000800f4e8                pvPortMalloc
 .text.vPortFree
                0x000000000800f680       0xc4 ./Middlewares/Third_Party/FreeRTOS/Source/portable/MemMang/heap_4.o
                0x000000000800f680                vPortFree
 .text.prvHeapInit
                0x000000000800f744       0xc8 ./Middlewares/Third_Party/FreeRTOS/Source/portable/MemMang/heap_4.o
 .text.prvInsertBlockIntoFreeList
                0x000000000800f80c       0xb4 ./Middlewares/Third_Party/FreeRTOS/Source/portable/MemMang/heap_4.o
 .text.__errno  0x000000000800f8c0        0xc c:/st/stm32cubeide_1.8.0/stm32cubeide/plugins/com.st.stm32cube.ide.mcu.externaltools.gnu-tools-for-stm32.9-2020-q2-update.win32_2.0.0.202105311346/tools/bin/../lib/gcc/arm-none-eabi/9.3.1/../../../../arm-none-eabi/lib/thumb/v7e-m+dp/hard\libc_nano.a(lib_a-errno.o)
                0x000000000800f8c0                __errno
 .text.__libc_init_array
                0x000000000800f8cc       0x48 c:/st/stm32cubeide_1.8.0/stm32cubeide/plugins/com.st.stm32cube.ide.mcu.externaltools.gnu-tools-for-stm32.9-2020-q2-update.win32_2.0.0.202105311346/tools/bin/../lib/gcc/arm-none-eabi/9.3.1/../../../../arm-none-eabi/lib/thumb/v7e-m+dp/hard\libc_nano.a(lib_a-init.o)
                0x000000000800f8cc                __libc_init_array
 .text.__retarget_lock_acquire_recursive
                0x000000000800f914        0x2 c:/st/stm32cubeide_1.8.0/stm32cubeide/plugins/com.st.stm32cube.ide.mcu.externaltools.gnu-tools-for-stm32.9-2020-q2-update.win32_2.0.0.202105311346/tools/bin/../lib/gcc/arm-none-eabi/9.3.1/../../../../arm-none-eabi/lib/thumb/v7e-m+dp/hard\libc_nano.a(lib_a-lock.o)
                0x000000000800f914                __retarget_lock_acquire_recursive
 .text.__retarget_lock_release_recursive
                0x000000000800f916        0x2 c:/st/stm32cubeide_1.8.0/stm32cubeide/plugins/com.st.stm32cube.ide.mcu.externaltools.gnu-tools-for-stm32.9-2020-q2-update.win32_2.0.0.202105311346/tools/bin/../lib/gcc/arm-none-eabi/9.3.1/../../../../arm-none-eabi/lib/thumb/v7e-m+dp/hard\libc_nano.a(lib_a-lock.o)
                0x000000000800f916                __retarget_lock_release_recursive
 .text.memcpy   0x000000000800f918       0x1c c:/st/stm32cubeide_1.8.0/stm32cubeide/plugins/com.st.stm32cube.ide.mcu.externaltools.gnu-tools-for-stm32.9-2020-q2-update.win32_2.0.0.202105311346/tools/bin/../lib/gcc/arm-none-eabi/9.3.1/../../../../arm-none-eabi/lib/thumb/v7e-m+dp/hard\libc_nano.a(lib_a-memcpy-stub.o)
                0x000000000800f918                memcpy
 .text.memset   0x000000000800f934       0x10 c:/st/stm32cubeide_1.8.0/stm32cubeide/plugins/com.st.stm32cube.ide.mcu.externaltools.gnu-tools-for-stm32.9-2020-q2-update.win32_2.0.0.202105311346/tools/bin/../lib/gcc/arm-none-eabi/9.3.1/../../../../arm-none-eabi/lib/thumb/v7e-m+dp/hard\libc_nano.a(lib_a-memset.o)
                0x000000000800f934                memset
 .text._malloc_r
                0x000000000800f944       0xb4 c:/st/stm32cubeide_1.8.0/stm32cubeide/plugins/com.st.stm32cube.ide.mcu.externaltools.gnu-tools-for-stm32.9-2020-q2-update.win32_2.0.0.202105311346/tools/bin/../lib/gcc/arm-none-eabi/9.3.1/../../../../arm-none-eabi/lib/thumb/v7e-m+dp/hard\libc_nano.a(lib_a-nano-mallocr.o)
                0x000000000800f944                _malloc_r
 .text.cleanup_glue
                0x000000000800f9f8       0x1a c:/st/stm32cubeide_1.8.0/stm32cubeide/plugins/com.st.stm32cube.ide.mcu.externaltools.gnu-tools-for-stm32.9-2020-q2-update.win32_2.0.0.202105311346/tools/bin/../lib/gcc/arm-none-eabi/9.3.1/../../../../arm-none-eabi/lib/thumb/v7e-m+dp/hard\libc_nano.a(lib_a-reent.o)
                0x000000000800f9f8                cleanup_glue
 *fill*         0x000000000800fa12        0x2 
 .text._reclaim_reent
                0x000000000800fa14       0xb8 c:/st/stm32cubeide_1.8.0/stm32cubeide/plugins/com.st.stm32cube.ide.mcu.externaltools.gnu-tools-for-stm32.9-2020-q2-update.win32_2.0.0.202105311346/tools/bin/../lib/gcc/arm-none-eabi/9.3.1/../../../../arm-none-eabi/lib/thumb/v7e-m+dp/hard\libc_nano.a(lib_a-reent.o)
                0x000000000800fa14                _reclaim_reent
 .text._sbrk_r  0x000000000800facc       0x20 c:/st/stm32cubeide_1.8.0/stm32cubeide/plugins/com.st.stm32cube.ide.mcu.externaltools.gnu-tools-for-stm32.9-2020-q2-update.win32_2.0.0.202105311346/tools/bin/../lib/gcc/arm-none-eabi/9.3.1/../../../../arm-none-eabi/lib/thumb/v7e-m+dp/hard\libc_nano.a(lib_a-sbrkr.o)
                0x000000000800facc                _sbrk_r
 .text.sprintf  0x000000000800faec       0x40 c:/st/stm32cubeide_1.8.0/stm32cubeide/plugins/com.st.stm32cube.ide.mcu.externaltools.gnu-tools-for-stm32.9-2020-q2-update.win32_2.0.0.202105311346/tools/bin/../lib/gcc/arm-none-eabi/9.3.1/../../../../arm-none-eabi/lib/thumb/v7e-m+dp/hard\libc_nano.a(lib_a-sprintf.o)
                0x000000000800faec                siprintf
                0x000000000800faec                sprintf
 .text.__malloc_lock
                0x000000000800fb2c        0xc c:/st/stm32cubeide_1.8.0/stm32cubeide/plugins/com.st.stm32cube.ide.mcu.externaltools.gnu-tools-for-stm32.9-2020-q2-update.win32_2.0.0.202105311346/tools/bin/../lib/gcc/arm-none-eabi/9.3.1/../../../../arm-none-eabi/lib/thumb/v7e-m+dp/hard\libc_nano.a(lib_a-mlock.o)
                0x000000000800fb2c                __malloc_lock
 .text.__malloc_unlock
                0x000000000800fb38        0xc c:/st/stm32cubeide_1.8.0/stm32cubeide/plugins/com.st.stm32cube.ide.mcu.externaltools.gnu-tools-for-stm32.9-2020-q2-update.win32_2.0.0.202105311346/tools/bin/../lib/gcc/arm-none-eabi/9.3.1/../../../../arm-none-eabi/lib/thumb/v7e-m+dp/hard\libc_nano.a(lib_a-mlock.o)
                0x000000000800fb38                __malloc_unlock
 .text._free_r  0x000000000800fb44       0xa0 c:/st/stm32cubeide_1.8.0/stm32cubeide/plugins/com.st.stm32cube.ide.mcu.externaltools.gnu-tools-for-stm32.9-2020-q2-update.win32_2.0.0.202105311346/tools/bin/../lib/gcc/arm-none-eabi/9.3.1/../../../../arm-none-eabi/lib/thumb/v7e-m+dp/hard\libc_nano.a(lib_a-nano-freer.o)
                0x000000000800fb44                _free_r
 .text.__ssputs_r
                0x000000000800fbe4       0xb6 c:/st/stm32cubeide_1.8.0/stm32cubeide/plugins/com.st.stm32cube.ide.mcu.externaltools.gnu-tools-for-stm32.9-2020-q2-update.win32_2.0.0.202105311346/tools/bin/../lib/gcc/arm-none-eabi/9.3.1/../../../../arm-none-eabi/lib/thumb/v7e-m+dp/hard\libc_nano.a(lib_a-nano-svfprintf.o)
                0x000000000800fbe4                __ssputs_r
 *fill*         0x000000000800fc9a        0x2 
 .text._svfprintf_r
                0x000000000800fc9c      0x200 c:/st/stm32cubeide_1.8.0/stm32cubeide/plugins/com.st.stm32cube.ide.mcu.externaltools.gnu-tools-for-stm32.9-2020-q2-update.win32_2.0.0.202105311346/tools/bin/../lib/gcc/arm-none-eabi/9.3.1/../../../../arm-none-eabi/lib/thumb/v7e-m+dp/hard\libc_nano.a(lib_a-nano-svfprintf.o)
                0x000000000800fc9c                _svfiprintf_r
                0x000000000800fc9c                _svfprintf_r
 .text._printf_common
                0x000000000800fe9c       0xda c:/st/stm32cubeide_1.8.0/stm32cubeide/plugins/com.st.stm32cube.ide.mcu.externaltools.gnu-tools-for-stm32.9-2020-q2-update.win32_2.0.0.202105311346/tools/bin/../lib/gcc/arm-none-eabi/9.3.1/../../../../arm-none-eabi/lib/thumb/v7e-m+dp/hard\libc_nano.a(lib_a-nano-vfprintf_i.o)
                0x000000000800fe9c                _printf_common
 *fill*         0x000000000800ff76        0x2 
 .text._printf_i
                0x000000000800ff78      0x24c c:/st/stm32cubeide_1.8.0/stm32cubeide/plugins/com.st.stm32cube.ide.mcu.externaltools.gnu-tools-for-stm32.9-2020-q2-update.win32_2.0.0.202105311346/tools/bin/../lib/gcc/arm-none-eabi/9.3.1/../../../../arm-none-eabi/lib/thumb/v7e-m+dp/hard\libc_nano.a(lib_a-nano-vfprintf_i.o)
                0x000000000800ff78                _printf_i
 .text.memmove  0x00000000080101c4       0x34 c:/st/stm32cubeide_1.8.0/stm32cubeide/plugins/com.st.stm32cube.ide.mcu.externaltools.gnu-tools-for-stm32.9-2020-q2-update.win32_2.0.0.202105311346/tools/bin/../lib/gcc/arm-none-eabi/9.3.1/../../../../arm-none-eabi/lib/thumb/v7e-m+dp/hard\libc_nano.a(lib_a-memmove.o)
                0x00000000080101c4                memmove
 .text._realloc_r
                0x00000000080101f8       0x4c c:/st/stm32cubeide_1.8.0/stm32cubeide/plugins/com.st.stm32cube.ide.mcu.externaltools.gnu-tools-for-stm32.9-2020-q2-update.win32_2.0.0.202105311346/tools/bin/../lib/gcc/arm-none-eabi/9.3.1/../../../../arm-none-eabi/lib/thumb/v7e-m+dp/hard\libc_nano.a(lib_a-nano-reallocr.o)
                0x00000000080101f8                _realloc_r
 .text._malloc_usable_size_r
                0x0000000008010244       0x10 c:/st/stm32cubeide_1.8.0/stm32cubeide/plugins/com.st.stm32cube.ide.mcu.externaltools.gnu-tools-for-stm32.9-2020-q2-update.win32_2.0.0.202105311346/tools/bin/../lib/gcc/arm-none-eabi/9.3.1/../../../../arm-none-eabi/lib/thumb/v7e-m+dp/hard\libc_nano.a(lib_a-nano-msizer.o)
                0x0000000008010244                _malloc_usable_size_r
 *(.glue_7)
 .glue_7        0x0000000008010254        0x0 linker stubs
 *(.glue_7t)
 .glue_7t       0x0000000008010254        0x0 linker stubs
 *(.eh_frame)
 .eh_frame      0x0000000008010254        0x0 c:/st/stm32cubeide_1.8.0/stm32cubeide/plugins/com.st.stm32cube.ide.mcu.externaltools.gnu-tools-for-stm32.9-2020-q2-update.win32_2.0.0.202105311346/tools/bin/../lib/gcc/arm-none-eabi/9.3.1/thumb/v7e-m+dp/hard/crtbegin.o
 *(.init)
 .init          0x0000000008010254        0x4 c:/st/stm32cubeide_1.8.0/stm32cubeide/plugins/com.st.stm32cube.ide.mcu.externaltools.gnu-tools-for-stm32.9-2020-q2-update.win32_2.0.0.202105311346/tools/bin/../lib/gcc/arm-none-eabi/9.3.1/thumb/v7e-m+dp/hard/crti.o
                0x0000000008010254                _init
 .init          0x0000000008010258        0x8 c:/st/stm32cubeide_1.8.0/stm32cubeide/plugins/com.st.stm32cube.ide.mcu.externaltools.gnu-tools-for-stm32.9-2020-q2-update.win32_2.0.0.202105311346/tools/bin/../lib/gcc/arm-none-eabi/9.3.1/thumb/v7e-m+dp/hard/crtn.o
 *(.fini)
 .fini          0x0000000008010260        0x4 c:/st/stm32cubeide_1.8.0/stm32cubeide/plugins/com.st.stm32cube.ide.mcu.externaltools.gnu-tools-for-stm32.9-2020-q2-update.win32_2.0.0.202105311346/tools/bin/../lib/gcc/arm-none-eabi/9.3.1/thumb/v7e-m+dp/hard/crti.o
                0x0000000008010260                _fini
 .fini          0x0000000008010264        0x8 c:/st/stm32cubeide_1.8.0/stm32cubeide/plugins/com.st.stm32cube.ide.mcu.externaltools.gnu-tools-for-stm32.9-2020-q2-update.win32_2.0.0.202105311346/tools/bin/../lib/gcc/arm-none-eabi/9.3.1/thumb/v7e-m+dp/hard/crtn.o
                0x000000000801026c                . = ALIGN (0x4)
                0x000000000801026c                _etext = .

.vfp11_veneer   0x000000000801026c        0x0
 .vfp11_veneer  0x000000000801026c        0x0 linker stubs

.v4_bx          0x000000000801026c        0x0
 .v4_bx         0x000000000801026c        0x0 linker stubs

.iplt           0x000000000801026c        0x0
 .iplt          0x000000000801026c        0x0 c:/st/stm32cubeide_1.8.0/stm32cubeide/plugins/com.st.stm32cube.ide.mcu.externaltools.gnu-tools-for-stm32.9-2020-q2-update.win32_2.0.0.202105311346/tools/bin/../lib/gcc/arm-none-eabi/9.3.1/thumb/v7e-m+dp/hard/crtbegin.o

.rodata         0x000000000801026c      0x280
                0x000000000801026c                . = ALIGN (0x4)
 *(.rodata)
 .rodata        0x000000000801026c       0x80 ./Core/Src/main.o
 .rodata        0x00000000080102ec       0x44 ./Middlewares/Third_Party/FatFs/src/ff.o
 .rodata        0x0000000008010330        0x5 ./Middlewares/Third_Party/FreeRTOS/Source/tasks.o
 *fill*         0x0000000008010335        0x3 
 .rodata        0x0000000008010338        0xd ./Middlewares/Third_Party/FreeRTOS/Source/timers.o
 *(.rodata*)
 *fill*         0x0000000008010345        0x3 
 .rodata.SD_INT_attributes
                0x0000000008010348       0x24 ./Core/Src/main.o
                0x0000000008010348                SD_INT_attributes
 .rodata.D1CorePrescTable
                0x000000000801036c       0x10 ./Core/Src/system_stm32h7xx.o
                0x000000000801036c                D1CorePrescTable
 .rodata.UARTPrescTable
                0x000000000801037c       0x18 ./Drivers/STM32H7xx_HAL_Driver/Src/stm32h7xx_hal_uart.o
                0x000000000801037c                UARTPrescTable
 .rodata.numerator.11346
                0x0000000008010394        0x8 ./Drivers/STM32H7xx_HAL_Driver/Src/stm32h7xx_hal_uart_ex.o
 .rodata.denominator.11347
                0x000000000801039c        0x8 ./Drivers/STM32H7xx_HAL_Driver/Src/stm32h7xx_hal_uart_ex.o
 .rodata.SD_Driver
                0x00000000080103a4       0x14 ./FATFS/Target/sd_diskio.o
                0x00000000080103a4                SD_Driver
 .rodata.ExCvt  0x00000000080103b8       0x80 ./Middlewares/Third_Party/FatFs/src/ff.o
 .rodata.cst32.12940
                0x0000000008010438        0xe ./Middlewares/Third_Party/FatFs/src/ff.o
 *fill*         0x0000000008010446        0x2 
 .rodata.cst.12939
                0x0000000008010448        0xe ./Middlewares/Third_Party/FatFs/src/ff.o
 *fill*         0x0000000008010456        0x2 
 .rodata.__sf_fake_stderr
                0x0000000008010458       0x20 c:/st/stm32cubeide_1.8.0/stm32cubeide/plugins/com.st.stm32cube.ide.mcu.externaltools.gnu-tools-for-stm32.9-2020-q2-update.win32_2.0.0.202105311346/tools/bin/../lib/gcc/arm-none-eabi/9.3.1/../../../../arm-none-eabi/lib/thumb/v7e-m+dp/hard\libc_nano.a(lib_a-findfp.o)
                0x0000000008010458                __sf_fake_stderr
 .rodata.__sf_fake_stdin
                0x0000000008010478       0x20 c:/st/stm32cubeide_1.8.0/stm32cubeide/plugins/com.st.stm32cube.ide.mcu.externaltools.gnu-tools-for-stm32.9-2020-q2-update.win32_2.0.0.202105311346/tools/bin/../lib/gcc/arm-none-eabi/9.3.1/../../../../arm-none-eabi/lib/thumb/v7e-m+dp/hard\libc_nano.a(lib_a-findfp.o)
                0x0000000008010478                __sf_fake_stdin
 .rodata.__sf_fake_stdout
                0x0000000008010498       0x20 c:/st/stm32cubeide_1.8.0/stm32cubeide/plugins/com.st.stm32cube.ide.mcu.externaltools.gnu-tools-for-stm32.9-2020-q2-update.win32_2.0.0.202105311346/tools/bin/../lib/gcc/arm-none-eabi/9.3.1/../../../../arm-none-eabi/lib/thumb/v7e-m+dp/hard\libc_nano.a(lib_a-findfp.o)
                0x0000000008010498                __sf_fake_stdout
 .rodata._svfprintf_r.str1.1
                0x00000000080104b8       0x11 c:/st/stm32cubeide_1.8.0/stm32cubeide/plugins/com.st.stm32cube.ide.mcu.externaltools.gnu-tools-for-stm32.9-2020-q2-update.win32_2.0.0.202105311346/tools/bin/../lib/gcc/arm-none-eabi/9.3.1/../../../../arm-none-eabi/lib/thumb/v7e-m+dp/hard\libc_nano.a(lib_a-nano-svfprintf.o)
 .rodata._printf_i.str1.1
                0x00000000080104c9       0x22 c:/st/stm32cubeide_1.8.0/stm32cubeide/plugins/com.st.stm32cube.ide.mcu.externaltools.gnu-tools-for-stm32.9-2020-q2-update.win32_2.0.0.202105311346/tools/bin/../lib/gcc/arm-none-eabi/9.3.1/../../../../arm-none-eabi/lib/thumb/v7e-m+dp/hard\libc_nano.a(lib_a-nano-vfprintf_i.o)
                0x00000000080104ec                . = ALIGN (0x4)
 *fill*         0x00000000080104eb        0x1 

.ARM.extab
 *(.ARM.extab* .gnu.linkonce.armextab.*)

.ARM            0x00000000080104ec        0x8
                0x00000000080104ec                __exidx_start = .
 *(.ARM.exidx*)
 .ARM.exidx     0x00000000080104ec        0x8 c:/st/stm32cubeide_1.8.0/stm32cubeide/plugins/com.st.stm32cube.ide.mcu.externaltools.gnu-tools-for-stm32.9-2020-q2-update.win32_2.0.0.202105311346/tools/bin/../lib/gcc/arm-none-eabi/9.3.1/thumb/v7e-m+dp/hard\libgcc.a(_udivmoddi4.o)
                0x00000000080104f4                __exidx_end = .

.rel.dyn        0x00000000080104f4        0x0
 .rel.iplt      0x00000000080104f4        0x0 c:/st/stm32cubeide_1.8.0/stm32cubeide/plugins/com.st.stm32cube.ide.mcu.externaltools.gnu-tools-for-stm32.9-2020-q2-update.win32_2.0.0.202105311346/tools/bin/../lib/gcc/arm-none-eabi/9.3.1/thumb/v7e-m+dp/hard/crtbegin.o

.preinit_array  0x00000000080104f4        0x0
                0x00000000080104f4                PROVIDE (__preinit_array_start = .)
 *(.preinit_array*)
                0x00000000080104f4                PROVIDE (__preinit_array_end = .)

.init_array     0x00000000080104f4        0x4
                0x00000000080104f4                PROVIDE (__init_array_start = .)
 *(SORT_BY_NAME(.init_array.*))
 *(.init_array*)
 .init_array    0x00000000080104f4        0x4 c:/st/stm32cubeide_1.8.0/stm32cubeide/plugins/com.st.stm32cube.ide.mcu.externaltools.gnu-tools-for-stm32.9-2020-q2-update.win32_2.0.0.202105311346/tools/bin/../lib/gcc/arm-none-eabi/9.3.1/thumb/v7e-m+dp/hard/crtbegin.o
                0x00000000080104f8                PROVIDE (__init_array_end = .)

.fini_array     0x00000000080104f8        0x4
                [!provide]                        PROVIDE (__fini_array_start = .)
 *(SORT_BY_NAME(.fini_array.*))
 *(.fini_array*)
 .fini_array    0x00000000080104f8        0x4 c:/st/stm32cubeide_1.8.0/stm32cubeide/plugins/com.st.stm32cube.ide.mcu.externaltools.gnu-tools-for-stm32.9-2020-q2-update.win32_2.0.0.202105311346/tools/bin/../lib/gcc/arm-none-eabi/9.3.1/thumb/v7e-m+dp/hard/crtbegin.o
                [!provide]                        PROVIDE (__fini_array_end = .)
                0x00000000080104fc                _sidata = LOADADDR (.data)

.data           0x0000000024000000      0x2a0 load address 0x00000000080104fc
                0x0000000024000000                . = ALIGN (0x4)
                0x0000000024000000                _sdata = .
 *(.data)
 *(.data*)
 .data.text     0x0000000024000000       0x25 ./Core/Src/main.o
                0x0000000024000000                text
 *fill*         0x0000000024000025        0x3 
 .data.stext    0x0000000024000028      0x200 ./Core/Src/main.o
                0x0000000024000028                stext
 .data.SystemCoreClock
                0x0000000024000228        0x4 ./Core/Src/system_stm32h7xx.o
                0x0000000024000228                SystemCoreClock
 .data.SystemD2Clock
                0x000000002400022c        0x4 ./Core/Src/system_stm32h7xx.o
                0x000000002400022c                SystemD2Clock
 .data.uwTickPrio
                0x0000000024000230        0x4 ./Drivers/STM32H7xx_HAL_Driver/Src/stm32h7xx_hal.o
                0x0000000024000230                uwTickPrio
 .data.uwTickFreq
                0x0000000024000234        0x1 ./Drivers/STM32H7xx_HAL_Driver/Src/stm32h7xx_hal.o
                0x0000000024000234                uwTickFreq
 .data.Stat     0x0000000024000235        0x1 ./FATFS/Target/sd_diskio.o
 *fill*         0x0000000024000236        0x2 
 .data.uxCriticalNesting
                0x0000000024000238        0x4 ./Middlewares/Third_Party/FreeRTOS/Source/portable/GCC/ARM_CM4F/port.o
 .data._impure_ptr
                0x000000002400023c        0x4 c:/st/stm32cubeide_1.8.0/stm32cubeide/plugins/com.st.stm32cube.ide.mcu.externaltools.gnu-tools-for-stm32.9-2020-q2-update.win32_2.0.0.202105311346/tools/bin/../lib/gcc/arm-none-eabi/9.3.1/../../../../arm-none-eabi/lib/thumb/v7e-m+dp/hard\libc_nano.a(lib_a-impure.o)
                0x000000002400023c                _impure_ptr
 .data.impure_data
                0x0000000024000240       0x60 c:/st/stm32cubeide_1.8.0/stm32cubeide/plugins/com.st.stm32cube.ide.mcu.externaltools.gnu-tools-for-stm32.9-2020-q2-update.win32_2.0.0.202105311346/tools/bin/../lib/gcc/arm-none-eabi/9.3.1/../../../../arm-none-eabi/lib/thumb/v7e-m+dp/hard\libc_nano.a(lib_a-impure.o)
 *(.RamFunc)
 *(.RamFunc*)
                0x00000000240002a0                . = ALIGN (0x4)
                0x00000000240002a0                _edata = .

.igot.plt       0x00000000240002a0        0x0 load address 0x000000000801079c
 .igot.plt      0x00000000240002a0        0x0 c:/st/stm32cubeide_1.8.0/stm32cubeide/plugins/com.st.stm32cube.ide.mcu.externaltools.gnu-tools-for-stm32.9-2020-q2-update.win32_2.0.0.202105311346/tools/bin/../lib/gcc/arm-none-eabi/9.3.1/thumb/v7e-m+dp/hard/crtbegin.o
                0x00000000240002a0                . = ALIGN (0x4)

.bss            0x00000000240002a0    0x13c24 load address 0x000000000801079c
                0x00000000240002a0                _sbss = .
                0x00000000240002a0                __bss_start__ = _sbss
 *(.bss)
 .bss           0x00000000240002a0       0x1c c:/st/stm32cubeide_1.8.0/stm32cubeide/plugins/com.st.stm32cube.ide.mcu.externaltools.gnu-tools-for-stm32.9-2020-q2-update.win32_2.0.0.202105311346/tools/bin/../lib/gcc/arm-none-eabi/9.3.1/thumb/v7e-m+dp/hard/crtbegin.o
 *(.bss*)
 .bss.isFsCreated
                0x00000000240002bc        0x1 ./Core/Src/main.o
 *fill*         0x00000000240002bd        0x3 
 .bss.__sbrk_heap_end
                0x00000000240002c0        0x4 ./Core/Src/sysmem.o
 .bss.SDQueueID
                0x00000000240002c4        0x4 ./FATFS/Target/sd_diskio.o
 .bss.FatFs     0x00000000240002c8        0x4 ./Middlewares/Third_Party/FatFs/src/ff.o
 .bss.Fsid      0x00000000240002cc        0x2 ./Middlewares/Third_Party/FatFs/src/ff.o
 *fill*         0x00000000240002ce        0x2 
 .bss.Files     0x00000000240002d0       0x20 ./Middlewares/Third_Party/FatFs/src/ff.o
 .bss.disk      0x00000000240002f0        0xc ./Middlewares/Third_Party/FatFs/src/ff_gen_drv.o
                0x00000000240002f0                disk
 .bss.KernelState
                0x00000000240002fc        0x4 ./Middlewares/Third_Party/FreeRTOS/Source/CMSIS_RTOS_V2/cmsis_os2.o
 .bss.Idle_TCB.13030
                0x0000000024000300       0xbc ./Middlewares/Third_Party/FreeRTOS/Source/CMSIS_RTOS_V2/cmsis_os2.o
 .bss.Idle_Stack.13031